Archive member included to satisfy reference by file (symbol)

.\CortexM0\ARM_GCC_541\Debug\BuzzerProject.a(CyLib.o)
                              .\CortexM0\ARM_GCC_541\Debug\cyfitter_cfg.o (CyIntEnable)
.\CortexM0\ARM_GCC_541\Debug\BuzzerProject.a(CyLFClk.o)
                              .\CortexM0\ARM_GCC_541\Debug\cyfitter_cfg.o (CySysWdtIsr)
.\CortexM0\ARM_GCC_541\Debug\BuzzerProject.a(LED_1.o)
                              .\CortexM0\ARM_GCC_541\Debug\main.o (LED_1_Write)
.\CortexM0\ARM_GCC_541\Debug\BuzzerProject.a(Button_1.o)
                              .\CortexM0\ARM_GCC_541\Debug\main.o (Button_1_Read)
.\CortexM0\ARM_GCC_541\Debug\BuzzerProject.a(LED_2.o)
                              .\CortexM0\ARM_GCC_541\Debug\main.o (LED_2_Write)
.\CortexM0\ARM_GCC_541\Debug\BuzzerProject.a(Button_2.o)
                              .\CortexM0\ARM_GCC_541\Debug\main.o (Button_2_Read)
.\CortexM0\ARM_GCC_541\Debug\BuzzerProject.a(LED_3.o)
                              .\CortexM0\ARM_GCC_541\Debug\main.o (LED_3_Write)
.\CortexM0\ARM_GCC_541\Debug\BuzzerProject.a(Button_3.o)
                              .\CortexM0\ARM_GCC_541\Debug\main.o (Button_3_Read)
.\CortexM0\ARM_GCC_541\Debug\BuzzerProject.a(LED_4.o)
                              .\CortexM0\ARM_GCC_541\Debug\main.o (LED_4_Write)
.\CortexM0\ARM_GCC_541\Debug\BuzzerProject.a(Button_4.o)
                              .\CortexM0\ARM_GCC_541\Debug\main.o (Button_4_Read)
.\CortexM0\ARM_GCC_541\Debug\BuzzerProject.a(Reset.o)
                              .\CortexM0\ARM_GCC_541\Debug\main.o (Reset_Read)
.\CortexM0\ARM_GCC_541\Debug\BuzzerProject.a(Buzzer_1.o)
                              .\CortexM0\ARM_GCC_541\Debug\main.o (Buzzer_1_Write)
.\CortexM0\ARM_GCC_541\Debug\BuzzerProject.a(Buzzer_2.o)
                              .\CortexM0\ARM_GCC_541\Debug\main.o (Buzzer_2_Write)
.\CortexM0\ARM_GCC_541\Debug\BuzzerProject.a(CyBootAsmGnu.o)
                              .\CortexM0\ARM_GCC_541\Debug\BuzzerProject.a(CyLib.o) (CyDelayCycles)
c:/program files (x86)/cypress/psoc creator/4.1/psoc creator/import/gnu/arm/5.4.1/bin/../lib/gcc/arm-none-eabi/5.4.1/armv6-m\libgcc.a(_udivsi3.o)
                              .\CortexM0\ARM_GCC_541\Debug\BuzzerProject.a(CyLib.o) (__aeabi_uidiv)
c:/program files (x86)/cypress/psoc creator/4.1/psoc creator/import/gnu/arm/5.4.1/bin/../lib/gcc/arm-none-eabi/5.4.1/armv6-m\libgcc.a(_dvmd_tls.o)
                              c:/program files (x86)/cypress/psoc creator/4.1/psoc creator/import/gnu/arm/5.4.1/bin/../lib/gcc/arm-none-eabi/5.4.1/armv6-m\libgcc.a(_udivsi3.o) (__aeabi_idiv0)
c:/program files (x86)/cypress/psoc creator/4.1/psoc creator/import/gnu/arm/5.4.1/bin/../lib/gcc/arm-none-eabi/5.4.1/../../../../arm-none-eabi/lib/armv6-m\libg_nano.a(lib_a-errno.o)
                              .\CortexM0\ARM_GCC_541\Debug\Cm0Start.o (__errno)
c:/program files (x86)/cypress/psoc creator/4.1/psoc creator/import/gnu/arm/5.4.1/bin/../lib/gcc/arm-none-eabi/5.4.1/../../../../arm-none-eabi/lib/armv6-m\libg_nano.a(lib_a-exit.o)
                              c:/program files (x86)/cypress/psoc creator/4.1/psoc creator/import/gnu/arm/5.4.1/bin/../lib/gcc/arm-none-eabi/5.4.1/../../../../arm-none-eabi/lib/armv6-m/crt0.o (exit)
c:/program files (x86)/cypress/psoc creator/4.1/psoc creator/import/gnu/arm/5.4.1/bin/../lib/gcc/arm-none-eabi/5.4.1/../../../../arm-none-eabi/lib/armv6-m\libg_nano.a(lib_a-impure.o)
                              c:/program files (x86)/cypress/psoc creator/4.1/psoc creator/import/gnu/arm/5.4.1/bin/../lib/gcc/arm-none-eabi/5.4.1/../../../../arm-none-eabi/lib/armv6-m\libg_nano.a(lib_a-exit.o) (_global_impure_ptr)
c:/program files (x86)/cypress/psoc creator/4.1/psoc creator/import/gnu/arm/5.4.1/bin/../lib/gcc/arm-none-eabi/5.4.1/../../../../arm-none-eabi/lib/armv6-m\libg_nano.a(lib_a-init.o)
                              c:/program files (x86)/cypress/psoc creator/4.1/psoc creator/import/gnu/arm/5.4.1/bin/../lib/gcc/arm-none-eabi/5.4.1/../../../../arm-none-eabi/lib/armv6-m/crt0.o (__libc_init_array)
c:/program files (x86)/cypress/psoc creator/4.1/psoc creator/import/gnu/arm/5.4.1/bin/../lib/gcc/arm-none-eabi/5.4.1/../../../../arm-none-eabi/lib/armv6-m\libg_nano.a(lib_a-memset.o)
                              c:/program files (x86)/cypress/psoc creator/4.1/psoc creator/import/gnu/arm/5.4.1/bin/../lib/gcc/arm-none-eabi/5.4.1/../../../../arm-none-eabi/lib/armv6-m/crt0.o (memset)

Discarded input sections

 .text          0x00000000        0x0 c:/program files (x86)/cypress/psoc creator/4.1/psoc creator/import/gnu/arm/5.4.1/bin/../lib/gcc/arm-none-eabi/5.4.1/armv6-m/crti.o
 .data          0x00000000        0x0 c:/program files (x86)/cypress/psoc creator/4.1/psoc creator/import/gnu/arm/5.4.1/bin/../lib/gcc/arm-none-eabi/5.4.1/armv6-m/crti.o
 .bss           0x00000000        0x0 c:/program files (x86)/cypress/psoc creator/4.1/psoc creator/import/gnu/arm/5.4.1/bin/../lib/gcc/arm-none-eabi/5.4.1/armv6-m/crti.o
 .data          0x00000000        0x4 c:/program files (x86)/cypress/psoc creator/4.1/psoc creator/import/gnu/arm/5.4.1/bin/../lib/gcc/arm-none-eabi/5.4.1/armv6-m/crtbegin.o
 .text          0x00000000       0x78 c:/program files (x86)/cypress/psoc creator/4.1/psoc creator/import/gnu/arm/5.4.1/bin/../lib/gcc/arm-none-eabi/5.4.1/../../../../arm-none-eabi/lib/armv6-m/crt0.o
 .data          0x00000000        0x0 c:/program files (x86)/cypress/psoc creator/4.1/psoc creator/import/gnu/arm/5.4.1/bin/../lib/gcc/arm-none-eabi/5.4.1/../../../../arm-none-eabi/lib/armv6-m/crt0.o
 .bss           0x00000000        0x0 c:/program files (x86)/cypress/psoc creator/4.1/psoc creator/import/gnu/arm/5.4.1/bin/../lib/gcc/arm-none-eabi/5.4.1/../../../../arm-none-eabi/lib/armv6-m/crt0.o
 .ARM.extab     0x00000000        0x0 c:/program files (x86)/cypress/psoc creator/4.1/psoc creator/import/gnu/arm/5.4.1/bin/../lib/gcc/arm-none-eabi/5.4.1/../../../../arm-none-eabi/lib/armv6-m/crt0.o
 .ARM.exidx     0x00000000        0x8 c:/program files (x86)/cypress/psoc creator/4.1/psoc creator/import/gnu/arm/5.4.1/bin/../lib/gcc/arm-none-eabi/5.4.1/../../../../arm-none-eabi/lib/armv6-m/crt0.o
 .text          0x00000000        0x0 .\CortexM0\ARM_GCC_541\Debug\main.o
 .data          0x00000000        0x0 .\CortexM0\ARM_GCC_541\Debug\main.o
 .bss           0x00000000        0x0 .\CortexM0\ARM_GCC_541\Debug\main.o
 .text          0x00000000        0x0 .\CortexM0\ARM_GCC_541\Debug\cyfitter_cfg.o
 .data          0x00000000        0x0 .\CortexM0\ARM_GCC_541\Debug\cyfitter_cfg.o
 .bss           0x00000000        0x0 .\CortexM0\ARM_GCC_541\Debug\cyfitter_cfg.o
 .text          0x00000000        0x0 .\CortexM0\ARM_GCC_541\Debug\cymetadata.o
 .data          0x00000000        0x0 .\CortexM0\ARM_GCC_541\Debug\cymetadata.o
 .bss           0x00000000        0x0 .\CortexM0\ARM_GCC_541\Debug\cymetadata.o
 .text          0x00000000        0x0 .\CortexM0\ARM_GCC_541\Debug\Cm0Start.o
 .data          0x00000000        0x4 .\CortexM0\ARM_GCC_541\Debug\Cm0Start.o
 .bss           0x00000000        0x0 .\CortexM0\ARM_GCC_541\Debug\Cm0Start.o
 .text._exit    0x00000000        0xc .\CortexM0\ARM_GCC_541\Debug\Cm0Start.o
 .text._sbrk    0x00000000       0x30 .\CortexM0\ARM_GCC_541\Debug\Cm0Start.o
 .text          0x00000000        0x0 .\CortexM0\ARM_GCC_541\Debug\BuzzerProject.a(CyLib.o)
 .bss           0x00000000       0x18 .\CortexM0\ARM_GCC_541\Debug\BuzzerProject.a(CyLib.o)
 .text.CySysClkImoStart
                0x00000000       0x14 .\CortexM0\ARM_GCC_541\Debug\BuzzerProject.a(CyLib.o)
 .text.CySysClkImoStop
                0x00000000       0x10 .\CortexM0\ARM_GCC_541\Debug\BuzzerProject.a(CyLib.o)
 .text.CySysClkWriteHfclkDirect
                0x00000000       0x20 .\CortexM0\ARM_GCC_541\Debug\BuzzerProject.a(CyLib.o)
 .text.CySysEnablePumpClock
                0x00000000       0x38 .\CortexM0\ARM_GCC_541\Debug\BuzzerProject.a(CyLib.o)
 .text.CySysClkGetSysclkSource
                0x00000000       0x1c .\CortexM0\ARM_GCC_541\Debug\BuzzerProject.a(CyLib.o)
 .text.CySysClkWriteSysclkDiv
                0x00000000       0x30 .\CortexM0\ARM_GCC_541\Debug\BuzzerProject.a(CyLib.o)
 .text.CySysLvdDisable
                0x00000000       0x20 .\CortexM0\ARM_GCC_541\Debug\BuzzerProject.a(CyLib.o)
 .text.CySysLvdGetInterruptSource
                0x00000000       0x10 .\CortexM0\ARM_GCC_541\Debug\BuzzerProject.a(CyLib.o)
 .text.CySysLvdClearInterrupt
                0x00000000        0xc .\CortexM0\ARM_GCC_541\Debug\BuzzerProject.a(CyLib.o)
 .text.CySysGetResetReason
                0x00000000       0x14 .\CortexM0\ARM_GCC_541\Debug\BuzzerProject.a(CyLib.o)
 .text.CyDisableInts
                0x00000000       0x10 .\CortexM0\ARM_GCC_541\Debug\BuzzerProject.a(CyLib.o)
 .text.CyEnableInts
                0x00000000        0xc .\CortexM0\ARM_GCC_541\Debug\BuzzerProject.a(CyLib.o)
 .text.CyIntGetState
                0x00000000       0x18 .\CortexM0\ARM_GCC_541\Debug\BuzzerProject.a(CyLib.o)
 .text.CyIntDisable
                0x00000000       0x14 .\CortexM0\ARM_GCC_541\Debug\BuzzerProject.a(CyLib.o)
 .text.CyIntSetPending
                0x00000000       0x14 .\CortexM0\ARM_GCC_541\Debug\BuzzerProject.a(CyLib.o)
 .text.CyIntClearPending
                0x00000000       0x14 .\CortexM0\ARM_GCC_541\Debug\BuzzerProject.a(CyLib.o)
 .text.CyIntSetSysVector
                0x00000000       0x20 .\CortexM0\ARM_GCC_541\Debug\BuzzerProject.a(CyLib.o)
 .text.CyIntGetSysVector
                0x00000000       0x1c .\CortexM0\ARM_GCC_541\Debug\BuzzerProject.a(CyLib.o)
 .text.CyIntGetVector
                0x00000000       0x20 .\CortexM0\ARM_GCC_541\Debug\BuzzerProject.a(CyLib.o)
 .text.CyIntSetPriority
                0x00000000       0x4c .\CortexM0\ARM_GCC_541\Debug\BuzzerProject.a(CyLib.o)
 .text.CyIntGetPriority
                0x00000000       0x2c .\CortexM0\ARM_GCC_541\Debug\BuzzerProject.a(CyLib.o)
 .text.CySoftwareReset
                0x00000000       0x18 .\CortexM0\ARM_GCC_541\Debug\BuzzerProject.a(CyLib.o)
 .text.CySysLvdEnable
                0x00000000       0x44 .\CortexM0\ARM_GCC_541\Debug\BuzzerProject.a(CyLib.o)
 .text.CyDelayFreq
                0x00000000       0x4c .\CortexM0\ARM_GCC_541\Debug\BuzzerProject.a(CyLib.o)
 .text.CySysTickStop
                0x00000000       0x10 .\CortexM0\ARM_GCC_541\Debug\BuzzerProject.a(CyLib.o)
 .text.CySysTickEnableInterrupt
                0x00000000       0x10 .\CortexM0\ARM_GCC_541\Debug\BuzzerProject.a(CyLib.o)
 .text.CySysTickEnable
                0x00000000       0x18 .\CortexM0\ARM_GCC_541\Debug\BuzzerProject.a(CyLib.o)
 .text.CySysTickDisableInterrupt
                0x00000000       0x10 .\CortexM0\ARM_GCC_541\Debug\BuzzerProject.a(CyLib.o)
 .text.CySysTickSetReload
                0x00000000       0x10 .\CortexM0\ARM_GCC_541\Debug\BuzzerProject.a(CyLib.o)
 .text.CySysTickGetReload
                0x00000000       0x10 .\CortexM0\ARM_GCC_541\Debug\BuzzerProject.a(CyLib.o)
 .text.CySysTickGetValue
                0x00000000       0x10 .\CortexM0\ARM_GCC_541\Debug\BuzzerProject.a(CyLib.o)
 .text.CySysTickGetCountFlag
                0x00000000       0x10 .\CortexM0\ARM_GCC_541\Debug\BuzzerProject.a(CyLib.o)
 .text.CySysTickServiceCallbacks
                0x00000000       0x28 .\CortexM0\ARM_GCC_541\Debug\BuzzerProject.a(CyLib.o)
 .text.CySysTickClear
                0x00000000        0xc .\CortexM0\ARM_GCC_541\Debug\BuzzerProject.a(CyLib.o)
 .text.CySysTickInit
                0x00000000       0x40 .\CortexM0\ARM_GCC_541\Debug\BuzzerProject.a(CyLib.o)
 .text.CySysTickStart
                0x00000000       0x20 .\CortexM0\ARM_GCC_541\Debug\BuzzerProject.a(CyLib.o)
 .text.CySysTickSetCallback
                0x00000000       0x10 .\CortexM0\ARM_GCC_541\Debug\BuzzerProject.a(CyLib.o)
 .text.CySysTickGetCallback
                0x00000000        0xc .\CortexM0\ARM_GCC_541\Debug\BuzzerProject.a(CyLib.o)
 .text.CyGetUniqueId
                0x00000000       0x70 .\CortexM0\ARM_GCC_541\Debug\BuzzerProject.a(CyLib.o)
 .text          0x00000000        0x0 .\CortexM0\ARM_GCC_541\Debug\BuzzerProject.a(CyLFClk.o)
 .text.CySysClkIloEnabled
                0x00000000       0x14 .\CortexM0\ARM_GCC_541\Debug\BuzzerProject.a(CyLFClk.o)
 .text.CySysClkIloStart
                0x00000000       0x14 .\CortexM0\ARM_GCC_541\Debug\BuzzerProject.a(CyLFClk.o)
 .text.CySysClkIloStartMeasurement
                0x00000000       0x34 .\CortexM0\ARM_GCC_541\Debug\BuzzerProject.a(CyLFClk.o)
 .text.CySysClkIloStopMeasurement
                0x00000000       0x14 .\CortexM0\ARM_GCC_541\Debug\BuzzerProject.a(CyLFClk.o)
 .text.CySysClkIloCompensate
                0x00000000      0x104 .\CortexM0\ARM_GCC_541\Debug\BuzzerProject.a(CyLFClk.o)
 .text.CySysWdtGetEnabledStatus
                0x00000000       0x24 .\CortexM0\ARM_GCC_541\Debug\BuzzerProject.a(CyLFClk.o)
 .text.CySysWdtSetMode
                0x00000000       0x38 .\CortexM0\ARM_GCC_541\Debug\BuzzerProject.a(CyLFClk.o)
 .text.CySysClkLfclkPosedgeRestore
                0x00000000       0x2c .\CortexM0\ARM_GCC_541\Debug\BuzzerProject.a(CyLFClk.o)
 .text.CySysWdtGetMode
                0x00000000       0x14 .\CortexM0\ARM_GCC_541\Debug\BuzzerProject.a(CyLFClk.o)
 .text.CySysWdtSetClearOnMatch
                0x00000000       0x34 .\CortexM0\ARM_GCC_541\Debug\BuzzerProject.a(CyLFClk.o)
 .text.CySysWdtGetClearOnMatch
                0x00000000       0x24 .\CortexM0\ARM_GCC_541\Debug\BuzzerProject.a(CyLFClk.o)
 .text.CySysWdtEnable
                0x00000000       0x40 .\CortexM0\ARM_GCC_541\Debug\BuzzerProject.a(CyLFClk.o)
 .text.CySysWdtDisable
                0x00000000       0x44 .\CortexM0\ARM_GCC_541\Debug\BuzzerProject.a(CyLFClk.o)
 .text.CySysWdtSetCascade
                0x00000000       0x34 .\CortexM0\ARM_GCC_541\Debug\BuzzerProject.a(CyLFClk.o)
 .text.CySysWdtGetCascade
                0x00000000       0x14 .\CortexM0\ARM_GCC_541\Debug\BuzzerProject.a(CyLFClk.o)
 .text.CySysWdtSetMatch
                0x00000000       0x38 .\CortexM0\ARM_GCC_541\Debug\BuzzerProject.a(CyLFClk.o)
 .text.CySysWdtSetToggleBit
                0x00000000       0x30 .\CortexM0\ARM_GCC_541\Debug\BuzzerProject.a(CyLFClk.o)
 .text.CySysWdtGetToggleBit
                0x00000000       0x10 .\CortexM0\ARM_GCC_541\Debug\BuzzerProject.a(CyLFClk.o)
 .text.CySysWdtGetMatch
                0x00000000       0x20 .\CortexM0\ARM_GCC_541\Debug\BuzzerProject.a(CyLFClk.o)
 .text.CySysWdtGetCount
                0x00000000       0x3c .\CortexM0\ARM_GCC_541\Debug\BuzzerProject.a(CyLFClk.o)
 .text.CySysClkLfclkPosedgeCatch
                0x00000000       0x74 .\CortexM0\ARM_GCC_541\Debug\BuzzerProject.a(CyLFClk.o)
 .text.CySysClkIloStop
                0x00000000       0x38 .\CortexM0\ARM_GCC_541\Debug\BuzzerProject.a(CyLFClk.o)
 .text.CySysWdtGetInterruptSource
                0x00000000       0x14 .\CortexM0\ARM_GCC_541\Debug\BuzzerProject.a(CyLFClk.o)
 .text.CySysWdtResetCounters
                0x00000000       0x20 .\CortexM0\ARM_GCC_541\Debug\BuzzerProject.a(CyLFClk.o)
 .text.CySysWdtSetInterruptCallback
                0x00000000       0x20 .\CortexM0\ARM_GCC_541\Debug\BuzzerProject.a(CyLFClk.o)
 .text.CySysWdtGetInterruptCallback
                0x00000000       0x20 .\CortexM0\ARM_GCC_541\Debug\BuzzerProject.a(CyLFClk.o)
 .text.CySysWdtEnableCounterIsr
                0x00000000       0x34 .\CortexM0\ARM_GCC_541\Debug\BuzzerProject.a(CyLFClk.o)
 .text.CySysWdtDisableCounterIsr
                0x00000000       0x28 .\CortexM0\ARM_GCC_541\Debug\BuzzerProject.a(CyLFClk.o)
 .text.CySysWatchdogFeed
                0x00000000       0x60 .\CortexM0\ARM_GCC_541\Debug\BuzzerProject.a(CyLFClk.o)
 .text.CySysTimerDelayUntilMatch
                0x00000000       0x6c .\CortexM0\ARM_GCC_541\Debug\BuzzerProject.a(CyLFClk.o)
 .text.CySysTimerDelay
                0x00000000       0x3c .\CortexM0\ARM_GCC_541\Debug\BuzzerProject.a(CyLFClk.o)
 .rodata        0x00000000        0xc .\CortexM0\ARM_GCC_541\Debug\BuzzerProject.a(CyLFClk.o)
 .text          0x00000000        0x0 .\CortexM0\ARM_GCC_541\Debug\BuzzerProject.a(LED_1.o)
 .data          0x00000000        0x0 .\CortexM0\ARM_GCC_541\Debug\BuzzerProject.a(LED_1.o)
 .bss           0x00000000        0x0 .\CortexM0\ARM_GCC_541\Debug\BuzzerProject.a(LED_1.o)
 .text.LED_1_SetDriveMode
                0x00000000       0x14 .\CortexM0\ARM_GCC_541\Debug\BuzzerProject.a(LED_1.o)
 .text.LED_1_Read
                0x00000000       0x10 .\CortexM0\ARM_GCC_541\Debug\BuzzerProject.a(LED_1.o)
 .text.LED_1_ReadDataReg
                0x00000000       0x10 .\CortexM0\ARM_GCC_541\Debug\BuzzerProject.a(LED_1.o)
 .text.LED_1_SetInterruptMode
                0x00000000       0x14 .\CortexM0\ARM_GCC_541\Debug\BuzzerProject.a(LED_1.o)
 .text.LED_1_ClearInterrupt
                0x00000000       0x10 .\CortexM0\ARM_GCC_541\Debug\BuzzerProject.a(LED_1.o)
 .text          0x00000000        0x0 .\CortexM0\ARM_GCC_541\Debug\BuzzerProject.a(Button_1.o)
 .data          0x00000000        0x0 .\CortexM0\ARM_GCC_541\Debug\BuzzerProject.a(Button_1.o)
 .bss           0x00000000        0x0 .\CortexM0\ARM_GCC_541\Debug\BuzzerProject.a(Button_1.o)
 .text.Button_1_SetDriveMode
                0x00000000       0x14 .\CortexM0\ARM_GCC_541\Debug\BuzzerProject.a(Button_1.o)
 .text.Button_1_Write
                0x00000000       0x18 .\CortexM0\ARM_GCC_541\Debug\BuzzerProject.a(Button_1.o)
 .text.Button_1_ReadDataReg
                0x00000000       0x10 .\CortexM0\ARM_GCC_541\Debug\BuzzerProject.a(Button_1.o)
 .text.Button_1_SetInterruptMode
                0x00000000       0x14 .\CortexM0\ARM_GCC_541\Debug\BuzzerProject.a(Button_1.o)
 .text.Button_1_ClearInterrupt
                0x00000000       0x14 .\CortexM0\ARM_GCC_541\Debug\BuzzerProject.a(Button_1.o)
 .text          0x00000000        0x0 .\CortexM0\ARM_GCC_541\Debug\BuzzerProject.a(LED_2.o)
 .data          0x00000000        0x0 .\CortexM0\ARM_GCC_541\Debug\BuzzerProject.a(LED_2.o)
 .bss           0x00000000        0x0 .\CortexM0\ARM_GCC_541\Debug\BuzzerProject.a(LED_2.o)
 .text.LED_2_SetDriveMode
                0x00000000       0x18 .\CortexM0\ARM_GCC_541\Debug\BuzzerProject.a(LED_2.o)
 .text.LED_2_Read
                0x00000000       0x10 .\CortexM0\ARM_GCC_541\Debug\BuzzerProject.a(LED_2.o)
 .text.LED_2_ReadDataReg
                0x00000000       0x10 .\CortexM0\ARM_GCC_541\Debug\BuzzerProject.a(LED_2.o)
 .text.LED_2_SetInterruptMode
                0x00000000       0x14 .\CortexM0\ARM_GCC_541\Debug\BuzzerProject.a(LED_2.o)
 .text.LED_2_ClearInterrupt
                0x00000000       0x14 .\CortexM0\ARM_GCC_541\Debug\BuzzerProject.a(LED_2.o)
 .text          0x00000000        0x0 .\CortexM0\ARM_GCC_541\Debug\BuzzerProject.a(Button_2.o)
 .data          0x00000000        0x0 .\CortexM0\ARM_GCC_541\Debug\BuzzerProject.a(Button_2.o)
 .bss           0x00000000        0x0 .\CortexM0\ARM_GCC_541\Debug\BuzzerProject.a(Button_2.o)
 .text.Button_2_SetDriveMode
                0x00000000       0x14 .\CortexM0\ARM_GCC_541\Debug\BuzzerProject.a(Button_2.o)
 .text.Button_2_Write
                0x00000000       0x18 .\CortexM0\ARM_GCC_541\Debug\BuzzerProject.a(Button_2.o)
 .text.Button_2_ReadDataReg
                0x00000000       0x10 .\CortexM0\ARM_GCC_541\Debug\BuzzerProject.a(Button_2.o)
 .text.Button_2_SetInterruptMode
                0x00000000       0x14 .\CortexM0\ARM_GCC_541\Debug\BuzzerProject.a(Button_2.o)
 .text.Button_2_ClearInterrupt
                0x00000000       0x10 .\CortexM0\ARM_GCC_541\Debug\BuzzerProject.a(Button_2.o)
 .text          0x00000000        0x0 .\CortexM0\ARM_GCC_541\Debug\BuzzerProject.a(LED_3.o)
 .data          0x00000000        0x0 .\CortexM0\ARM_GCC_541\Debug\BuzzerProject.a(LED_3.o)
 .bss           0x00000000        0x0 .\CortexM0\ARM_GCC_541\Debug\BuzzerProject.a(LED_3.o)
 .text.LED_3_SetDriveMode
                0x00000000       0x18 .\CortexM0\ARM_GCC_541\Debug\BuzzerProject.a(LED_3.o)
 .text.LED_3_Read
                0x00000000       0x10 .\CortexM0\ARM_GCC_541\Debug\BuzzerProject.a(LED_3.o)
 .text.LED_3_ReadDataReg
                0x00000000       0x10 .\CortexM0\ARM_GCC_541\Debug\BuzzerProject.a(LED_3.o)
 .text.LED_3_SetInterruptMode
                0x00000000       0x14 .\CortexM0\ARM_GCC_541\Debug\BuzzerProject.a(LED_3.o)
 .text.LED_3_ClearInterrupt
                0x00000000       0x14 .\CortexM0\ARM_GCC_541\Debug\BuzzerProject.a(LED_3.o)
 .text          0x00000000        0x0 .\CortexM0\ARM_GCC_541\Debug\BuzzerProject.a(Button_3.o)
 .data          0x00000000        0x0 .\CortexM0\ARM_GCC_541\Debug\BuzzerProject.a(Button_3.o)
 .bss           0x00000000        0x0 .\CortexM0\ARM_GCC_541\Debug\BuzzerProject.a(Button_3.o)
 .text.Button_3_SetDriveMode
                0x00000000       0x18 .\CortexM0\ARM_GCC_541\Debug\BuzzerProject.a(Button_3.o)
 .text.Button_3_Write
                0x00000000       0x18 .\CortexM0\ARM_GCC_541\Debug\BuzzerProject.a(Button_3.o)
 .text.Button_3_ReadDataReg
                0x00000000       0x10 .\CortexM0\ARM_GCC_541\Debug\BuzzerProject.a(Button_3.o)
 .text.Button_3_SetInterruptMode
                0x00000000       0x14 .\CortexM0\ARM_GCC_541\Debug\BuzzerProject.a(Button_3.o)
 .text.Button_3_ClearInterrupt
                0x00000000       0x14 .\CortexM0\ARM_GCC_541\Debug\BuzzerProject.a(Button_3.o)
 .text          0x00000000        0x0 .\CortexM0\ARM_GCC_541\Debug\BuzzerProject.a(LED_4.o)
 .data          0x00000000        0x0 .\CortexM0\ARM_GCC_541\Debug\BuzzerProject.a(LED_4.o)
 .bss           0x00000000        0x0 .\CortexM0\ARM_GCC_541\Debug\BuzzerProject.a(LED_4.o)
 .text.LED_4_SetDriveMode
                0x00000000       0x18 .\CortexM0\ARM_GCC_541\Debug\BuzzerProject.a(LED_4.o)
 .text.LED_4_Read
                0x00000000       0x10 .\CortexM0\ARM_GCC_541\Debug\BuzzerProject.a(LED_4.o)
 .text.LED_4_ReadDataReg
                0x00000000       0x10 .\CortexM0\ARM_GCC_541\Debug\BuzzerProject.a(LED_4.o)
 .text.LED_4_SetInterruptMode
                0x00000000       0x14 .\CortexM0\ARM_GCC_541\Debug\BuzzerProject.a(LED_4.o)
 .text.LED_4_ClearInterrupt
                0x00000000       0x14 .\CortexM0\ARM_GCC_541\Debug\BuzzerProject.a(LED_4.o)
 .text          0x00000000        0x0 .\CortexM0\ARM_GCC_541\Debug\BuzzerProject.a(Button_4.o)
 .data          0x00000000        0x0 .\CortexM0\ARM_GCC_541\Debug\BuzzerProject.a(Button_4.o)
 .bss           0x00000000        0x0 .\CortexM0\ARM_GCC_541\Debug\BuzzerProject.a(Button_4.o)
 .text.Button_4_SetDriveMode
                0x00000000       0x18 .\CortexM0\ARM_GCC_541\Debug\BuzzerProject.a(Button_4.o)
 .text.Button_4_Write
                0x00000000       0x18 .\CortexM0\ARM_GCC_541\Debug\BuzzerProject.a(Button_4.o)
 .text.Button_4_ReadDataReg
                0x00000000       0x10 .\CortexM0\ARM_GCC_541\Debug\BuzzerProject.a(Button_4.o)
 .text.Button_4_SetInterruptMode
                0x00000000       0x14 .\CortexM0\ARM_GCC_541\Debug\BuzzerProject.a(Button_4.o)
 .text.Button_4_ClearInterrupt
                0x00000000       0x14 .\CortexM0\ARM_GCC_541\Debug\BuzzerProject.a(Button_4.o)
 .text          0x00000000        0x0 .\CortexM0\ARM_GCC_541\Debug\BuzzerProject.a(Reset.o)
 .data          0x00000000        0x0 .\CortexM0\ARM_GCC_541\Debug\BuzzerProject.a(Reset.o)
 .bss           0x00000000        0x0 .\CortexM0\ARM_GCC_541\Debug\BuzzerProject.a(Reset.o)
 .text.Reset_SetDriveMode
                0x00000000       0x14 .\CortexM0\ARM_GCC_541\Debug\BuzzerProject.a(Reset.o)
 .text.Reset_Write
                0x00000000       0x18 .\CortexM0\ARM_GCC_541\Debug\BuzzerProject.a(Reset.o)
 .text.Reset_ReadDataReg
                0x00000000       0x10 .\CortexM0\ARM_GCC_541\Debug\BuzzerProject.a(Reset.o)
 .text.Reset_SetInterruptMode
                0x00000000       0x14 .\CortexM0\ARM_GCC_541\Debug\BuzzerProject.a(Reset.o)
 .text.Reset_ClearInterrupt
                0x00000000       0x10 .\CortexM0\ARM_GCC_541\Debug\BuzzerProject.a(Reset.o)
 .text          0x00000000        0x0 .\CortexM0\ARM_GCC_541\Debug\BuzzerProject.a(Buzzer_1.o)
 .data          0x00000000        0x0 .\CortexM0\ARM_GCC_541\Debug\BuzzerProject.a(Buzzer_1.o)
 .bss           0x00000000        0x0 .\CortexM0\ARM_GCC_541\Debug\BuzzerProject.a(Buzzer_1.o)
 .text.Buzzer_1_SetDriveMode
                0x00000000       0x18 .\CortexM0\ARM_GCC_541\Debug\BuzzerProject.a(Buzzer_1.o)
 .text.Buzzer_1_Read
                0x00000000       0x10 .\CortexM0\ARM_GCC_541\Debug\BuzzerProject.a(Buzzer_1.o)
 .text.Buzzer_1_ReadDataReg
                0x00000000       0x10 .\CortexM0\ARM_GCC_541\Debug\BuzzerProject.a(Buzzer_1.o)
 .text.Buzzer_1_SetInterruptMode
                0x00000000       0x14 .\CortexM0\ARM_GCC_541\Debug\BuzzerProject.a(Buzzer_1.o)
 .text.Buzzer_1_ClearInterrupt
                0x00000000       0x14 .\CortexM0\ARM_GCC_541\Debug\BuzzerProject.a(Buzzer_1.o)
 .text          0x00000000        0x0 .\CortexM0\ARM_GCC_541\Debug\BuzzerProject.a(Buzzer_2.o)
 .data          0x00000000        0x0 .\CortexM0\ARM_GCC_541\Debug\BuzzerProject.a(Buzzer_2.o)
 .bss           0x00000000        0x0 .\CortexM0\ARM_GCC_541\Debug\BuzzerProject.a(Buzzer_2.o)
 .text.Buzzer_2_SetDriveMode
                0x00000000       0x18 .\CortexM0\ARM_GCC_541\Debug\BuzzerProject.a(Buzzer_2.o)
 .text.Buzzer_2_Read
                0x00000000       0x10 .\CortexM0\ARM_GCC_541\Debug\BuzzerProject.a(Buzzer_2.o)
 .text.Buzzer_2_ReadDataReg
                0x00000000       0x10 .\CortexM0\ARM_GCC_541\Debug\BuzzerProject.a(Buzzer_2.o)
 .text.Buzzer_2_SetInterruptMode
                0x00000000       0x14 .\CortexM0\ARM_GCC_541\Debug\BuzzerProject.a(Buzzer_2.o)
 .text.Buzzer_2_ClearInterrupt
                0x00000000       0x14 .\CortexM0\ARM_GCC_541\Debug\BuzzerProject.a(Buzzer_2.o)
 .data          0x00000000        0x0 .\CortexM0\ARM_GCC_541\Debug\BuzzerProject.a(CyBootAsmGnu.o)
 .bss           0x00000000        0x0 .\CortexM0\ARM_GCC_541\Debug\BuzzerProject.a(CyBootAsmGnu.o)
 .text          0x00000000      0x114 c:/program files (x86)/cypress/psoc creator/4.1/psoc creator/import/gnu/arm/5.4.1/bin/../lib/gcc/arm-none-eabi/5.4.1/armv6-m\libgcc.a(_udivsi3.o)
 .data          0x00000000        0x0 c:/program files (x86)/cypress/psoc creator/4.1/psoc creator/import/gnu/arm/5.4.1/bin/../lib/gcc/arm-none-eabi/5.4.1/armv6-m\libgcc.a(_udivsi3.o)
 .bss           0x00000000        0x0 c:/program files (x86)/cypress/psoc creator/4.1/psoc creator/import/gnu/arm/5.4.1/bin/../lib/gcc/arm-none-eabi/5.4.1/armv6-m\libgcc.a(_udivsi3.o)
 .text          0x00000000        0x4 c:/program files (x86)/cypress/psoc creator/4.1/psoc creator/import/gnu/arm/5.4.1/bin/../lib/gcc/arm-none-eabi/5.4.1/armv6-m\libgcc.a(_dvmd_tls.o)
 .data          0x00000000        0x0 c:/program files (x86)/cypress/psoc creator/4.1/psoc creator/import/gnu/arm/5.4.1/bin/../lib/gcc/arm-none-eabi/5.4.1/armv6-m\libgcc.a(_dvmd_tls.o)
 .bss           0x00000000        0x0 c:/program files (x86)/cypress/psoc creator/4.1/psoc creator/import/gnu/arm/5.4.1/bin/../lib/gcc/arm-none-eabi/5.4.1/armv6-m\libgcc.a(_dvmd_tls.o)
 .text          0x00000000        0x0 c:/program files (x86)/cypress/psoc creator/4.1/psoc creator/import/gnu/arm/5.4.1/bin/../lib/gcc/arm-none-eabi/5.4.1/../../../../arm-none-eabi/lib/armv6-m\libg_nano.a(lib_a-errno.o)
 .data          0x00000000        0x0 c:/program files (x86)/cypress/psoc creator/4.1/psoc creator/import/gnu/arm/5.4.1/bin/../lib/gcc/arm-none-eabi/5.4.1/../../../../arm-none-eabi/lib/armv6-m\libg_nano.a(lib_a-errno.o)
 .bss           0x00000000        0x0 c:/program files (x86)/cypress/psoc creator/4.1/psoc creator/import/gnu/arm/5.4.1/bin/../lib/gcc/arm-none-eabi/5.4.1/../../../../arm-none-eabi/lib/armv6-m\libg_nano.a(lib_a-errno.o)
 .text          0x00000000        0x0 c:/program files (x86)/cypress/psoc creator/4.1/psoc creator/import/gnu/arm/5.4.1/bin/../lib/gcc/arm-none-eabi/5.4.1/../../../../arm-none-eabi/lib/armv6-m\libg_nano.a(lib_a-exit.o)
 .data          0x00000000        0x0 c:/program files (x86)/cypress/psoc creator/4.1/psoc creator/import/gnu/arm/5.4.1/bin/../lib/gcc/arm-none-eabi/5.4.1/../../../../arm-none-eabi/lib/armv6-m\libg_nano.a(lib_a-exit.o)
 .bss           0x00000000        0x0 c:/program files (x86)/cypress/psoc creator/4.1/psoc creator/import/gnu/arm/5.4.1/bin/../lib/gcc/arm-none-eabi/5.4.1/../../../../arm-none-eabi/lib/armv6-m\libg_nano.a(lib_a-exit.o)
 .text.exit     0x00000000       0x2c c:/program files (x86)/cypress/psoc creator/4.1/psoc creator/import/gnu/arm/5.4.1/bin/../lib/gcc/arm-none-eabi/5.4.1/../../../../arm-none-eabi/lib/armv6-m\libg_nano.a(lib_a-exit.o)
 .text          0x00000000        0x0 c:/program files (x86)/cypress/psoc creator/4.1/psoc creator/import/gnu/arm/5.4.1/bin/../lib/gcc/arm-none-eabi/5.4.1/../../../../arm-none-eabi/lib/armv6-m\libg_nano.a(lib_a-impure.o)
 .data          0x00000000        0x0 c:/program files (x86)/cypress/psoc creator/4.1/psoc creator/import/gnu/arm/5.4.1/bin/../lib/gcc/arm-none-eabi/5.4.1/../../../../arm-none-eabi/lib/armv6-m\libg_nano.a(lib_a-impure.o)
 .bss           0x00000000        0x0 c:/program files (x86)/cypress/psoc creator/4.1/psoc creator/import/gnu/arm/5.4.1/bin/../lib/gcc/arm-none-eabi/5.4.1/../../../../arm-none-eabi/lib/armv6-m\libg_nano.a(lib_a-impure.o)
 .rodata._global_impure_ptr
                0x00000000        0x4 c:/program files (x86)/cypress/psoc creator/4.1/psoc creator/import/gnu/arm/5.4.1/bin/../lib/gcc/arm-none-eabi/5.4.1/../../../../arm-none-eabi/lib/armv6-m\libg_nano.a(lib_a-impure.o)
 .text          0x00000000        0x0 c:/program files (x86)/cypress/psoc creator/4.1/psoc creator/import/gnu/arm/5.4.1/bin/../lib/gcc/arm-none-eabi/5.4.1/../../../../arm-none-eabi/lib/armv6-m\libg_nano.a(lib_a-init.o)
 .data          0x00000000        0x0 c:/program files (x86)/cypress/psoc creator/4.1/psoc creator/import/gnu/arm/5.4.1/bin/../lib/gcc/arm-none-eabi/5.4.1/../../../../arm-none-eabi/lib/armv6-m\libg_nano.a(lib_a-init.o)
 .bss           0x00000000        0x0 c:/program files (x86)/cypress/psoc creator/4.1/psoc creator/import/gnu/arm/5.4.1/bin/../lib/gcc/arm-none-eabi/5.4.1/../../../../arm-none-eabi/lib/armv6-m\libg_nano.a(lib_a-init.o)
 .text          0x00000000        0x0 c:/program files (x86)/cypress/psoc creator/4.1/psoc creator/import/gnu/arm/5.4.1/bin/../lib/gcc/arm-none-eabi/5.4.1/../../../../arm-none-eabi/lib/armv6-m\libg_nano.a(lib_a-memset.o)
 .data          0x00000000        0x0 c:/program files (x86)/cypress/psoc creator/4.1/psoc creator/import/gnu/arm/5.4.1/bin/../lib/gcc/arm-none-eabi/5.4.1/../../../../arm-none-eabi/lib/armv6-m\libg_nano.a(lib_a-memset.o)
 .bss           0x00000000        0x0 c:/program files (x86)/cypress/psoc creator/4.1/psoc creator/import/gnu/arm/5.4.1/bin/../lib/gcc/arm-none-eabi/5.4.1/../../../../arm-none-eabi/lib/armv6-m\libg_nano.a(lib_a-memset.o)
 .text          0x00000000        0x0 c:/program files (x86)/cypress/psoc creator/4.1/psoc creator/import/gnu/arm/5.4.1/bin/../lib/gcc/arm-none-eabi/5.4.1/armv6-m/crtend.o
 .data          0x00000000        0x0 c:/program files (x86)/cypress/psoc creator/4.1/psoc creator/import/gnu/arm/5.4.1/bin/../lib/gcc/arm-none-eabi/5.4.1/armv6-m/crtend.o
 .bss           0x00000000        0x0 c:/program files (x86)/cypress/psoc creator/4.1/psoc creator/import/gnu/arm/5.4.1/bin/../lib/gcc/arm-none-eabi/5.4.1/armv6-m/crtend.o
 .text          0x00000000        0x0 c:/program files (x86)/cypress/psoc creator/4.1/psoc creator/import/gnu/arm/5.4.1/bin/../lib/gcc/arm-none-eabi/5.4.1/armv6-m/crtn.o
 .data          0x00000000        0x0 c:/program files (x86)/cypress/psoc creator/4.1/psoc creator/import/gnu/arm/5.4.1/bin/../lib/gcc/arm-none-eabi/5.4.1/armv6-m/crtn.o
 .bss           0x00000000        0x0 c:/program files (x86)/cypress/psoc creator/4.1/psoc creator/import/gnu/arm/5.4.1/bin/../lib/gcc/arm-none-eabi/5.4.1/armv6-m/crtn.o

Memory Configuration

Name             Origin             Length             Attributes
rom              0x00000000         0x00008000         xr
ram              0x20000000         0x00001000         xrw
*default*        0x00000000         0xffffffff

Linker script and memory map

LOAD c:/program files (x86)/cypress/psoc creator/4.1/psoc creator/import/gnu/arm/5.4.1/bin/../lib/gcc/arm-none-eabi/5.4.1/armv6-m/crti.o
LOAD c:/program files (x86)/cypress/psoc creator/4.1/psoc creator/import/gnu/arm/5.4.1/bin/../lib/gcc/arm-none-eabi/5.4.1/armv6-m/crtbegin.o
LOAD c:/program files (x86)/cypress/psoc creator/4.1/psoc creator/import/gnu/arm/5.4.1/bin/../lib/gcc/arm-none-eabi/5.4.1/../../../../arm-none-eabi/lib/armv6-m/crt0.o
START GROUP
LOAD .\CortexM0\ARM_GCC_541\Debug\main.o
LOAD .\CortexM0\ARM_GCC_541\Debug\cyfitter_cfg.o
LOAD .\CortexM0\ARM_GCC_541\Debug\cymetadata.o
LOAD .\CortexM0\ARM_GCC_541\Debug\Cm0Start.o
LOAD .\CortexM0\ARM_GCC_541\Debug\BuzzerProject.a
LOAD C:\Program Files (x86)\Cypress\PSoC Creator\4.1\PSoC Creator\psoc\content\cycomponentlibrary\CyComponentLibrary.cylib\CortexM0\ARM_GCC_541\Debug\CyComponentLibrary.a
END GROUP
START GROUP
LOAD c:/program files (x86)/cypress/psoc creator/4.1/psoc creator/import/gnu/arm/5.4.1/bin/../lib/gcc/arm-none-eabi/5.4.1/armv6-m\libgcc.a
LOAD c:/program files (x86)/cypress/psoc creator/4.1/psoc creator/import/gnu/arm/5.4.1/bin/../lib/gcc/arm-none-eabi/5.4.1/../../../../arm-none-eabi/lib/armv6-m\libg_nano.a
LOAD c:/program files (x86)/cypress/psoc creator/4.1/psoc creator/import/gnu/arm/5.4.1/bin/../lib/gcc/arm-none-eabi/5.4.1/../../../../arm-none-eabi/lib/armv6-m\libc_nano.a
END GROUP
START GROUP
LOAD c:/program files (x86)/cypress/psoc creator/4.1/psoc creator/import/gnu/arm/5.4.1/bin/../lib/gcc/arm-none-eabi/5.4.1/armv6-m\libgcc.a
LOAD c:/program files (x86)/cypress/psoc creator/4.1/psoc creator/import/gnu/arm/5.4.1/bin/../lib/gcc/arm-none-eabi/5.4.1/../../../../arm-none-eabi/lib/armv6-m\libc_nano.a
END GROUP
LOAD c:/program files (x86)/cypress/psoc creator/4.1/psoc creator/import/gnu/arm/5.4.1/bin/../lib/gcc/arm-none-eabi/5.4.1/armv6-m/crtend.o
LOAD c:/program files (x86)/cypress/psoc creator/4.1/psoc creator/import/gnu/arm/5.4.1/bin/../lib/gcc/arm-none-eabi/5.4.1/armv6-m/crtn.o
START GROUP
LOAD c:/program files (x86)/cypress/psoc creator/4.1/psoc creator/import/gnu/arm/5.4.1/bin/../lib/gcc/arm-none-eabi/5.4.1/armv6-m\libgcc.a
LOAD c:/program files (x86)/cypress/psoc creator/4.1/psoc creator/import/gnu/arm/5.4.1/bin/../lib/gcc/arm-none-eabi/5.4.1/../../../../arm-none-eabi/lib/armv6-m\libc.a
LOAD c:/program files (x86)/cypress/psoc creator/4.1/psoc creator/import/gnu/arm/5.4.1/bin/../lib/gcc/arm-none-eabi/5.4.1/../../../../arm-none-eabi/lib/armv6-m\libnosys.a
END GROUP
                0x00000000                CY_APPL_ORIGIN = 0x0
                0x00000080                CY_FLASH_ROW_SIZE = 0x80
                0x00000001                CY_APPL_NUM = 0x1
                0x00000001                CY_APPL_MAX = 0x1
                0x00000040                CY_METADATA_SIZE = 0x40
                0x00000000                CY_APPL_LOADABLE = 0x0
                0x00000000                CY_CHECKSUM_EXCLUDE_SIZE = ALIGN (0x0, CY_FLASH_ROW_SIZE)
                0x00000000                CY_APP_FOR_STACK_AND_COPIER = 0x0
                [!provide]                PROVIDE (__cy_heap_start, _end)
                0x00000001                PROVIDE (__cy_region_num, ((__cy_regions_end - __cy_regions) / 0x10))
                0x20001000                PROVIDE (__cy_stack, (ORIGIN (ram) + LENGTH (ram)))
                [!provide]                PROVIDE (__cy_heap_end, (__cy_stack - 0x400))

.cybootloader   0x00000000        0x0
 *(.cybootloader)
                0x00000000                appl1_start = CY_APPL_ORIGIN?CY_APPL_ORIGIN:ALIGN (CY_FLASH_ROW_SIZE)
                0x00003f80                appl2_start = (appl1_start + ALIGN ((((LENGTH (rom) - appl1_start) - (0x2 * CY_FLASH_ROW_SIZE)) / 0x2), CY_FLASH_ROW_SIZE))
                0x00000000                appl_start = (CY_APPL_NUM == 0x1)?appl1_start:appl2_start
                0x00000001                cy_project_type_bootloader = (appl_start == 0x0)?0x1:0x0
                0x00000000                cy_project_type_app_for_stack_and_copier = (CY_APP_FOR_STACK_AND_COPIER == 0x1)?0x1:0x0

.text           0x00000000      0x7cc
 CREATE_OBJECT_SYMBOLS
                0x00000000                PROVIDE (__cy_interrupt_vector, RomVectors)
 *(.romvectors)
 .romvectors    0x00000000       0x10 .\CortexM0\ARM_GCC_541\Debug\Cm0Start.o
                0x00000000                RomVectors
                0x00000001                ASSERT ((. != __cy_interrupt_vector), No interrupt vector)
                0x00000001                ASSERT (CY_APPL_ORIGIN?(SIZEOF (.cybootloader) <= CY_APPL_ORIGIN):0x1, Wrong image location)
                0x00000010                PROVIDE (__cy_reset, Reset)
 *(.text.Reset)
 .text.Reset    0x00000010        0x8 .\CortexM0\ARM_GCC_541\Debug\Cm0Start.o
                0x00000010                Reset
                0x00000001                ASSERT ((. != __cy_reset), No reset code)
 *(.psocinit)
 .psocinit      0x00000018      0x120 .\CortexM0\ARM_GCC_541\Debug\cyfitter_cfg.o
                0x00000074                cyfitter_cfg
                0x00000138                . = MAX (., 0x100)
 *(.text .text.* .gnu.linkonce.t.*)
 .text          0x00000138       0x60 c:/program files (x86)/cypress/psoc creator/4.1/psoc creator/import/gnu/arm/5.4.1/bin/../lib/gcc/arm-none-eabi/5.4.1/armv6-m/crtbegin.o
 .text.main     0x00000198       0xec .\CortexM0\ARM_GCC_541\Debug\main.o
                0x00000198                main
 .text.CYMEMZERO
                0x00000284        0xc .\CortexM0\ARM_GCC_541\Debug\cyfitter_cfg.o
 .text.IntDefaultHandler
                0x00000290       0x10 .\CortexM0\ARM_GCC_541\Debug\Cm0Start.o
                0x00000290                IntDefaultHandler
 .text.Start_c  0x000002a0       0x48 .\CortexM0\ARM_GCC_541\Debug\Cm0Start.o
                0x000002a0                Start_c
 .text.initialize_psoc
                0x000002e8       0x40 .\CortexM0\ARM_GCC_541\Debug\Cm0Start.o
                0x000002e8                initialize_psoc
 .text.CyIntEnable
                0x00000328       0x14 .\CortexM0\ARM_GCC_541\Debug\BuzzerProject.a(CyLib.o)
                0x00000328                CyIntEnable
 .text.CyHalt   0x0000033c        0x4 .\CortexM0\ARM_GCC_541\Debug\BuzzerProject.a(CyLib.o)
                0x0000033c                CyHalt
 .text.CyIntSetVector
                0x00000340       0x24 .\CortexM0\ARM_GCC_541\Debug\BuzzerProject.a(CyLib.o)
                0x00000340                CyIntSetVector
 .text.CyDelay  0x00000364       0x30 .\CortexM0\ARM_GCC_541\Debug\BuzzerProject.a(CyLib.o)
                0x00000364                CyDelay
 .text.CyDelayUs
                0x00000394       0x14 .\CortexM0\ARM_GCC_541\Debug\BuzzerProject.a(CyLib.o)
                0x00000394                CyDelayUs
 .text.CySysClkWriteImoFreq
                0x000003a8      0x164 .\CortexM0\ARM_GCC_541\Debug\BuzzerProject.a(CyLib.o)
                0x000003a8                CySysClkWriteImoFreq
 .text.CySysWdtLocked
                0x0000050c       0x14 .\CortexM0\ARM_GCC_541\Debug\BuzzerProject.a(CyLFClk.o)
 .text.CySysWdtLock
                0x00000520       0x1c .\CortexM0\ARM_GCC_541\Debug\BuzzerProject.a(CyLFClk.o)
                0x00000520                CySysWdtLock
 .text.CySysWdtUnlock
                0x0000053c       0x30 .\CortexM0\ARM_GCC_541\Debug\BuzzerProject.a(CyLFClk.o)
                0x0000053c                CySysWdtUnlock
 .text.CySysWdtClearInterrupt
                0x0000056c       0x4c .\CortexM0\ARM_GCC_541\Debug\BuzzerProject.a(CyLFClk.o)
                0x0000056c                CySysWdtClearInterrupt
 .text.CySysWdtIsr
                0x000005b8       0xa4 .\CortexM0\ARM_GCC_541\Debug\BuzzerProject.a(CyLFClk.o)
                0x000005b8                CySysWdtIsr
 .text.LED_1_Write
                0x0000065c       0x18 .\CortexM0\ARM_GCC_541\Debug\BuzzerProject.a(LED_1.o)
                0x0000065c                LED_1_Write
 .text.Button_1_Read
                0x00000674       0x10 .\CortexM0\ARM_GCC_541\Debug\BuzzerProject.a(Button_1.o)
                0x00000674                Button_1_Read
 .text.LED_2_Write
                0x00000684       0x18 .\CortexM0\ARM_GCC_541\Debug\BuzzerProject.a(LED_2.o)
                0x00000684                LED_2_Write
 .text.Button_2_Read
                0x0000069c       0x10 .\CortexM0\ARM_GCC_541\Debug\BuzzerProject.a(Button_2.o)
                0x0000069c                Button_2_Read
 .text.LED_3_Write
                0x000006ac       0x18 .\CortexM0\ARM_GCC_541\Debug\BuzzerProject.a(LED_3.o)
                0x000006ac                LED_3_Write
 .text.Button_3_Read
                0x000006c4       0x10 .\CortexM0\ARM_GCC_541\Debug\BuzzerProject.a(Button_3.o)
                0x000006c4                Button_3_Read
 .text.LED_4_Write
                0x000006d4       0x18 .\CortexM0\ARM_GCC_541\Debug\BuzzerProject.a(LED_4.o)
                0x000006d4                LED_4_Write
 .text.Button_4_Read
                0x000006ec       0x10 .\CortexM0\ARM_GCC_541\Debug\BuzzerProject.a(Button_4.o)
                0x000006ec                Button_4_Read
 .text.Reset_Read
                0x000006fc       0x10 .\CortexM0\ARM_GCC_541\Debug\BuzzerProject.a(Reset.o)
                0x000006fc                Reset_Read
 .text.Buzzer_1_Write
                0x0000070c       0x18 .\CortexM0\ARM_GCC_541\Debug\BuzzerProject.a(Buzzer_1.o)
                0x0000070c                Buzzer_1_Write
 .text.Buzzer_2_Write
                0x00000724       0x18 .\CortexM0\ARM_GCC_541\Debug\BuzzerProject.a(Buzzer_2.o)
                0x00000724                Buzzer_2_Write
 *fill*         0x0000073c        0x4 
 .text          0x00000740       0x24 .\CortexM0\ARM_GCC_541\Debug\BuzzerProject.a(CyBootAsmGnu.o)
                0x00000740                CyDelayCycles
                0x00000754                CyEnterCriticalSection
                0x0000075c                CyExitCriticalSection
 .text.__errno  0x00000764        0xc c:/program files (x86)/cypress/psoc creator/4.1/psoc creator/import/gnu/arm/5.4.1/bin/../lib/gcc/arm-none-eabi/5.4.1/../../../../arm-none-eabi/lib/armv6-m\libg_nano.a(lib_a-errno.o)
                0x00000764                __errno
 .text.__libc_init_array
                0x00000770       0x4c c:/program files (x86)/cypress/psoc creator/4.1/psoc creator/import/gnu/arm/5.4.1/bin/../lib/gcc/arm-none-eabi/5.4.1/../../../../arm-none-eabi/lib/armv6-m\libg_nano.a(lib_a-init.o)
                0x00000770                __libc_init_array
 .text.memset   0x000007bc       0x10 c:/program files (x86)/cypress/psoc creator/4.1/psoc creator/import/gnu/arm/5.4.1/bin/../lib/gcc/arm-none-eabi/5.4.1/../../../../arm-none-eabi/lib/armv6-m\libg_nano.a(lib_a-memset.o)
                0x000007bc                memset
 *(.plt)
 *(.gnu.warning)
 *(.glue_7t)
 .glue_7t       0x000007cc        0x0 linker stubs
 *(.glue_7)
 .glue_7        0x000007cc        0x0 linker stubs
 *(.vfp11_veneer)
 .vfp11_veneer  0x000007cc        0x0 linker stubs
 *(.bootloader)
 *(.ARM.extab* .gnu.linkonce.armextab.*)
 *(.gcc_except_table)

.v4_bx          0x000007cc        0x0
 .v4_bx         0x000007cc        0x0 linker stubs

.iplt           0x000007cc        0x0
 .iplt          0x000007cc        0x0 c:/program files (x86)/cypress/psoc creator/4.1/psoc creator/import/gnu/arm/5.4.1/bin/../lib/gcc/arm-none-eabi/5.4.1/armv6-m/crtbegin.o

.eh_frame_hdr
 *(.eh_frame_hdr)

.eh_frame       0x000007cc        0x4
 *(.eh_frame)
 .eh_frame      0x000007cc        0x0 c:/program files (x86)/cypress/psoc creator/4.1/psoc creator/import/gnu/arm/5.4.1/bin/../lib/gcc/arm-none-eabi/5.4.1/armv6-m/crtbegin.o
 .eh_frame      0x000007cc        0x4 c:/program files (x86)/cypress/psoc creator/4.1/psoc creator/import/gnu/arm/5.4.1/bin/../lib/gcc/arm-none-eabi/5.4.1/armv6-m/crtend.o
                [!provide]                PROVIDE (__exidx_start, .)

.ARM.exidx
 *(.ARM.exidx* .gnu.linkonce.armexidx.*)
                0x000007d0                __exidx_end = .

.rodata         0x000007d0       0x70
 *(.rodata .rodata.* .gnu.linkonce.r.*)
 .rodata        0x000007d0        0xc .\CortexM0\ARM_GCC_541\Debug\cyfitter_cfg.o
 .rodata        0x000007dc       0x2e .\CortexM0\ARM_GCC_541\Debug\BuzzerProject.a(CyLib.o)
                0x000007dc                cyImoFreqMhz2Reg
 .rodata.str1.1
                0x0000080a        0x2 c:/program files (x86)/cypress/psoc creator/4.1/psoc creator/import/gnu/arm/5.4.1/bin/../lib/gcc/arm-none-eabi/5.4.1/../../../../arm-none-eabi/lib/armv6-m\libg_nano.a(lib_a-impure.o)
                0x0000080c                . = ALIGN (0x4)
 *(.init)
 .init          0x0000080c        0x4 c:/program files (x86)/cypress/psoc creator/4.1/psoc creator/import/gnu/arm/5.4.1/bin/../lib/gcc/arm-none-eabi/5.4.1/armv6-m/crti.o
                0x0000080c                _init
 .init          0x00000810        0x8 c:/program files (x86)/cypress/psoc creator/4.1/psoc creator/import/gnu/arm/5.4.1/bin/../lib/gcc/arm-none-eabi/5.4.1/armv6-m/crtn.o
                0x00000818                . = ALIGN (0x4)
                0x00000818                __preinit_array_start = .
 *(.preinit_array)
                0x00000818                __preinit_array_end = .
                0x00000818                . = ALIGN (0x4)
                0x00000818                __init_array_start = .
 *(SORT(.init_array.*))
 *(.init_array)
 .init_array    0x00000818        0x4 c:/program files (x86)/cypress/psoc creator/4.1/psoc creator/import/gnu/arm/5.4.1/bin/../lib/gcc/arm-none-eabi/5.4.1/armv6-m/crtbegin.o
 .init_array    0x0000081c        0x4 .\CortexM0\ARM_GCC_541\Debug\Cm0Start.o
                0x00000820                __init_array_end = .
                0x00000820                . = ALIGN (0x4)
 *(.fini)
 .fini          0x00000820        0x4 c:/program files (x86)/cypress/psoc creator/4.1/psoc creator/import/gnu/arm/5.4.1/bin/../lib/gcc/arm-none-eabi/5.4.1/armv6-m/crti.o
                0x00000820                _fini
 .fini          0x00000824        0x8 c:/program files (x86)/cypress/psoc creator/4.1/psoc creator/import/gnu/arm/5.4.1/bin/../lib/gcc/arm-none-eabi/5.4.1/armv6-m/crtn.o
                0x0000082c                . = ALIGN (0x4)
                0x0000082c                __fini_array_start = .
 *(.fini_array)
 .fini_array    0x0000082c        0x4 c:/program files (x86)/cypress/psoc creator/4.1/psoc creator/import/gnu/arm/5.4.1/bin/../lib/gcc/arm-none-eabi/5.4.1/armv6-m/crtbegin.o
 *(SORT(.fini_array.*))
                0x00000830                __fini_array_end = .
                0x00000830                . = ALIGN (0x4)
 *crtbegin.o(.ctors)
 *(EXCLUDE_FILE(*crtend.o) .ctors)
 *(SORT(.ctors.*))
 *crtend.o(.ctors)
                0x00000830                . = ALIGN (0x4)
 *crtbegin.o(.dtors)
 *(EXCLUDE_FILE(*crtend.o) .dtors)
 *(SORT(.dtors.*))
 *crtend.o(.dtors)
                0x00000830                . = ALIGN (0x4)
                0x00000830                __cy_regions = .
                0x00000830        0x4 LONG 0x840 __cy_region_init_ram
                0x00000834        0x4 LONG 0x200000c0 __cy_region_start_data
                0x00000838        0x4 LONG 0x80 __cy_region_init_size_ram
                0x0000083c        0x4 LONG 0x40 __cy_region_zero_size_ram
                0x00000840                __cy_regions_end = .
                0x00000840                . = ALIGN (0x8)
                0x00000840                _etext = .

.cy_checksum_exclude
                0x00000840        0x0
 *(.cy_checksum_exclude)

.ramvectors     0x20000000       0xc0
                0x20000000                __cy_region_start_ram = .
 *(.ramvectors)
 .ramvectors    0x20000000       0xc0 .\CortexM0\ARM_GCC_541\Debug\Cm0Start.o
                0x20000000                CyRamVectors

.noinit
 *(.noinit)

.data           0x200000c0       0x80 load address 0x00000840
                0x200000c0                __cy_region_start_data = .
 *(.jcr)
 .jcr           0x200000c0        0x0 c:/program files (x86)/cypress/psoc creator/4.1/psoc creator/import/gnu/arm/5.4.1/bin/../lib/gcc/arm-none-eabi/5.4.1/armv6-m/crtbegin.o
 .jcr           0x200000c0        0x4 c:/program files (x86)/cypress/psoc creator/4.1/psoc creator/import/gnu/arm/5.4.1/bin/../lib/gcc/arm-none-eabi/5.4.1/armv6-m/crtend.o
 *(.got.plt)
 *(.got)
 *(.shdata)
 *(.data .data.* .gnu.linkonce.d.*)
 .data          0x200000c4       0x14 .\CortexM0\ARM_GCC_541\Debug\BuzzerProject.a(CyLib.o)
                0x200000c4                CySysClkPumpConfig
                0x200000c8                cydelay32kMs
                0x200000cc                cydelayFreqKhz
                0x200000d0                cydelayFreqMhz
                0x200000d4                cydelayFreqHz
 .data          0x200000d8        0x4 .\CortexM0\ARM_GCC_541\Debug\BuzzerProject.a(CyLFClk.o)
 .data.impure_data
                0x200000dc       0x60 c:/program files (x86)/cypress/psoc creator/4.1/psoc creator/import/gnu/arm/5.4.1/bin/../lib/gcc/arm-none-eabi/5.4.1/../../../../arm-none-eabi/lib/armv6-m\libg_nano.a(lib_a-impure.o)
 .data._impure_ptr
                0x2000013c        0x4 c:/program files (x86)/cypress/psoc creator/4.1/psoc creator/import/gnu/arm/5.4.1/bin/../lib/gcc/arm-none-eabi/5.4.1/../../../../arm-none-eabi/lib/armv6-m\libg_nano.a(lib_a-impure.o)
                0x2000013c                _impure_ptr
                0x20000140                . = ALIGN (0x8)
 *(.ram)
                0x20000140                _edata = .

.igot.plt       0x20000140        0x0 load address 0x000008c0
 .igot.plt      0x20000140        0x0 c:/program files (x86)/cypress/psoc creator/4.1/psoc creator/import/gnu/arm/5.4.1/bin/../lib/gcc/arm-none-eabi/5.4.1/armv6-m/crtbegin.o

.bss            0x20000140       0x40 load address 0x000008c0
                0x20000140                PROVIDE (__bss_start__, .)
 *(.shbss)
 *(.bss .bss.* .gnu.linkonce.b.*)
 .bss           0x20000140       0x1c c:/program files (x86)/cypress/psoc creator/4.1/psoc creator/import/gnu/arm/5.4.1/bin/../lib/gcc/arm-none-eabi/5.4.1/armv6-m/crtbegin.o
 .bss           0x2000015c       0x20 .\CortexM0\ARM_GCC_541\Debug\BuzzerProject.a(CyLFClk.o)
 *(COMMON)
                0x20000180                . = ALIGN (0x8)
 *fill*         0x2000017c        0x4 
 *(.ram.b)
                0x20000180                _end = .
                0x20000180                __end = .
                0x20000180                PROVIDE (end, .)
                0x20000180                PROVIDE (__bss_end__, .)
                0x00000840                __cy_region_init_ram = LOADADDR (.data)
                0x00000080                __cy_region_init_size_ram = (_edata - ADDR (.data))
                0x00000040                __cy_region_zero_size_ram = (_end - _edata)

.heap           0x20000180       0x80 load address 0x000008c0
                0x20000180                . = _end
                0x20000200                . = (. + 0x80)
 *fill*         0x20000180       0x80 
                0x20000200                __cy_heap_limit = .

.stack          0x20000c00      0x400
                0x20000c00                __cy_stack_limit = .
                0x20001000                . = (. + 0x400)
 *fill*         0x20000c00      0x400 
                0x00000001                ASSERT ((__cy_stack_limit >= __cy_heap_limit), region RAM overflowed with stack)
                0x00000000                cy_checksum_exclude_size = (CY_APPL_LOADABLE == 0x1)?SIZEOF (.cy_checksum_exclude):0x0
                0x00000001                ASSERT ((cy_checksum_exclude_size <= CY_CHECKSUM_EXCLUDE_SIZE), CY_BOOT: Section .cy_checksum_exclude size exceedes specified limit.)
                0x00007fc0                cyloadermeta_start = (cy_project_type_bootloader || cy_project_type_app_for_stack_and_copier)?(LENGTH (rom) - CY_METADATA_SIZE):0xf0000000

.cyloadermeta
 *(.cyloadermeta)
                0x00007fc0                cyloadablemeta_start = cy_project_type_app_for_stack_and_copier?((LENGTH (rom) - CY_FLASH_ROW_SIZE) - CY_METADATA_SIZE):((LENGTH (rom) - (CY_FLASH_ROW_SIZE * (CY_APPL_NUM - 0x1))) - CY_METADATA_SIZE)

.cyloadablemeta
 *(.cyloadablemeta)

.cyflashprotect
                0x90400000       0x20
 *(.cyflashprotect)
 .cyflashprotect
                0x90400000       0x20 .\CortexM0\ARM_GCC_541\Debug\cymetadata.o
                0x90400000                cy_meta_flashprotect

.cymeta         0x90500000        0xc
 *(.cymeta)
 .cymeta        0x90500000        0xc .\CortexM0\ARM_GCC_541\Debug\cymetadata.o
                0x90500000                cy_metadata

.cychipprotect  0x90600000        0x1
 *(.cychipprotect)
 .cychipprotect
                0x90600000        0x1 .\CortexM0\ARM_GCC_541\Debug\cymetadata.o
                0x90600000                cy_meta_chipprotect

.rel.dyn        0x000008c0        0x0 load address 0x90600004
 .rel.iplt      0x000008c0        0x0 c:/program files (x86)/cypress/psoc creator/4.1/psoc creator/import/gnu/arm/5.4.1/bin/../lib/gcc/arm-none-eabi/5.4.1/armv6-m/crtbegin.o

.stab
 *(.stab)

.stabstr
 *(.stabstr)

.debug
 *(.debug)

.line
 *(.line)

.debug_srcinfo
 *(.debug_srcinfo)

.debug_sfnames
 *(.debug_sfnames)

.debug_aranges  0x00000000      0x6a0
 *(.debug_aranges)
 .debug_aranges
                0x00000000       0x20 .\CortexM0\ARM_GCC_541\Debug\main.o
 .debug_aranges
                0x00000020       0x30 .\CortexM0\ARM_GCC_541\Debug\cyfitter_cfg.o
 .debug_aranges
                0x00000050       0x18 .\CortexM0\ARM_GCC_541\Debug\cymetadata.o
 .debug_aranges
                0x00000068       0x48 .\CortexM0\ARM_GCC_541\Debug\Cm0Start.o
 .debug_aranges
                0x000000b0      0x180 .\CortexM0\ARM_GCC_541\Debug\BuzzerProject.a(CyLib.o)
 .debug_aranges
                0x00000230      0x138 .\CortexM0\ARM_GCC_541\Debug\BuzzerProject.a(CyLFClk.o)
 .debug_aranges
                0x00000368       0x48 .\CortexM0\ARM_GCC_541\Debug\BuzzerProject.a(LED_1.o)
 .debug_aranges
                0x000003b0       0x48 .\CortexM0\ARM_GCC_541\Debug\BuzzerProject.a(Button_1.o)
 .debug_aranges
                0x000003f8       0x48 .\CortexM0\ARM_GCC_541\Debug\BuzzerProject.a(LED_2.o)
 .debug_aranges
                0x00000440       0x48 .\CortexM0\ARM_GCC_541\Debug\BuzzerProject.a(Button_2.o)
 .debug_aranges
                0x00000488       0x48 .\CortexM0\ARM_GCC_541\Debug\BuzzerProject.a(LED_3.o)
 .debug_aranges
                0x000004d0       0x48 .\CortexM0\ARM_GCC_541\Debug\BuzzerProject.a(Button_3.o)
 .debug_aranges
                0x00000518       0x48 .\CortexM0\ARM_GCC_541\Debug\BuzzerProject.a(LED_4.o)
 .debug_aranges
                0x00000560       0x48 .\CortexM0\ARM_GCC_541\Debug\BuzzerProject.a(Button_4.o)
 .debug_aranges
                0x000005a8       0x48 .\CortexM0\ARM_GCC_541\Debug\BuzzerProject.a(Reset.o)
 .debug_aranges
                0x000005f0       0x48 .\CortexM0\ARM_GCC_541\Debug\BuzzerProject.a(Buzzer_1.o)
 .debug_aranges
                0x00000638       0x48 .\CortexM0\ARM_GCC_541\Debug\BuzzerProject.a(Buzzer_2.o)
 .debug_aranges
                0x00000680       0x20 .\CortexM0\ARM_GCC_541\Debug\BuzzerProject.a(CyBootAsmGnu.o)

.debug_pubnames
 *(.debug_pubnames)

.debug_info     0x00000000     0x34a0
 *(.debug_info .gnu.linkonce.wi.*)
 .debug_info    0x00000000      0x329 .\CortexM0\ARM_GCC_541\Debug\main.o
 .debug_info    0x00000329      0x278 .\CortexM0\ARM_GCC_541\Debug\cyfitter_cfg.o
 .debug_info    0x000005a1       0xf8 .\CortexM0\ARM_GCC_541\Debug\cymetadata.o
 .debug_info    0x00000699      0x3a2 .\CortexM0\ARM_GCC_541\Debug\Cm0Start.o
 .debug_info    0x00000a3b      0xafc .\CortexM0\ARM_GCC_541\Debug\BuzzerProject.a(CyLib.o)
 .debug_info    0x00001537      0xcfe .\CortexM0\ARM_GCC_541\Debug\BuzzerProject.a(CyLFClk.o)
 .debug_info    0x00002235      0x19b .\CortexM0\ARM_GCC_541\Debug\BuzzerProject.a(LED_1.o)
 .debug_info    0x000023d0      0x19d .\CortexM0\ARM_GCC_541\Debug\BuzzerProject.a(Button_1.o)
 .debug_info    0x0000256d      0x19d .\CortexM0\ARM_GCC_541\Debug\BuzzerProject.a(LED_2.o)
 .debug_info    0x0000270a      0x19b .\CortexM0\ARM_GCC_541\Debug\BuzzerProject.a(Button_2.o)
 .debug_info    0x000028a5      0x19d .\CortexM0\ARM_GCC_541\Debug\BuzzerProject.a(LED_3.o)
 .debug_info    0x00002a42      0x19d .\CortexM0\ARM_GCC_541\Debug\BuzzerProject.a(Button_3.o)
 .debug_info    0x00002bdf      0x19d .\CortexM0\ARM_GCC_541\Debug\BuzzerProject.a(LED_4.o)
 .debug_info    0x00002d7c      0x19d .\CortexM0\ARM_GCC_541\Debug\BuzzerProject.a(Button_4.o)
 .debug_info    0x00002f19      0x19b .\CortexM0\ARM_GCC_541\Debug\BuzzerProject.a(Reset.o)
 .debug_info    0x000030b4      0x19d .\CortexM0\ARM_GCC_541\Debug\BuzzerProject.a(Buzzer_1.o)
 .debug_info    0x00003251      0x19d .\CortexM0\ARM_GCC_541\Debug\BuzzerProject.a(Buzzer_2.o)
 .debug_info    0x000033ee       0xb2 .\CortexM0\ARM_GCC_541\Debug\BuzzerProject.a(CyBootAsmGnu.o)

.debug_abbrev   0x00000000     0x10b8
 *(.debug_abbrev)
 .debug_abbrev  0x00000000       0x98 .\CortexM0\ARM_GCC_541\Debug\main.o
 .debug_abbrev  0x00000098      0x150 .\CortexM0\ARM_GCC_541\Debug\cyfitter_cfg.o
 .debug_abbrev  0x000001e8       0x5d .\CortexM0\ARM_GCC_541\Debug\cymetadata.o
 .debug_abbrev  0x00000245      0x1d7 .\CortexM0\ARM_GCC_541\Debug\Cm0Start.o
 .debug_abbrev  0x0000041c      0x1e0 .\CortexM0\ARM_GCC_541\Debug\BuzzerProject.a(CyLib.o)
 .debug_abbrev  0x000005fc      0x210 .\CortexM0\ARM_GCC_541\Debug\BuzzerProject.a(CyLFClk.o)
 .debug_abbrev  0x0000080c       0xc8 .\CortexM0\ARM_GCC_541\Debug\BuzzerProject.a(LED_1.o)
 .debug_abbrev  0x000008d4       0xc8 .\CortexM0\ARM_GCC_541\Debug\BuzzerProject.a(Button_1.o)
 .debug_abbrev  0x0000099c       0xc8 .\CortexM0\ARM_GCC_541\Debug\BuzzerProject.a(LED_2.o)
 .debug_abbrev  0x00000a64       0xc8 .\CortexM0\ARM_GCC_541\Debug\BuzzerProject.a(Button_2.o)
 .debug_abbrev  0x00000b2c       0xc8 .\CortexM0\ARM_GCC_541\Debug\BuzzerProject.a(LED_3.o)
 .debug_abbrev  0x00000bf4       0xc8 .\CortexM0\ARM_GCC_541\Debug\BuzzerProject.a(Button_3.o)
 .debug_abbrev  0x00000cbc       0xc8 .\CortexM0\ARM_GCC_541\Debug\BuzzerProject.a(LED_4.o)
 .debug_abbrev  0x00000d84       0xc8 .\CortexM0\ARM_GCC_541\Debug\BuzzerProject.a(Button_4.o)
 .debug_abbrev  0x00000e4c       0xc8 .\CortexM0\ARM_GCC_541\Debug\BuzzerProject.a(Reset.o)
 .debug_abbrev  0x00000f14       0xc8 .\CortexM0\ARM_GCC_541\Debug\BuzzerProject.a(Buzzer_1.o)
 .debug_abbrev  0x00000fdc       0xc8 .\CortexM0\ARM_GCC_541\Debug\BuzzerProject.a(Buzzer_2.o)
 .debug_abbrev  0x000010a4       0x14 .\CortexM0\ARM_GCC_541\Debug\BuzzerProject.a(CyBootAsmGnu.o)

.debug_line     0x00000000     0x172c
 *(.debug_line)
 .debug_line    0x00000000      0x128 .\CortexM0\ARM_GCC_541\Debug\main.o
 .debug_line    0x00000128      0x132 .\CortexM0\ARM_GCC_541\Debug\cyfitter_cfg.o
 .debug_line    0x0000025a      0x141 .\CortexM0\ARM_GCC_541\Debug\cymetadata.o
 .debug_line    0x0000039b      0x235 .\CortexM0\ARM_GCC_541\Debug\Cm0Start.o
 .debug_line    0x000005d0      0x45f .\CortexM0\ARM_GCC_541\Debug\BuzzerProject.a(CyLib.o)
 .debug_line    0x00000a2f      0x466 .\CortexM0\ARM_GCC_541\Debug\BuzzerProject.a(CyLFClk.o)
 .debug_line    0x00000e95       0xbc .\CortexM0\ARM_GCC_541\Debug\BuzzerProject.a(LED_1.o)
 .debug_line    0x00000f51       0xc0 .\CortexM0\ARM_GCC_541\Debug\BuzzerProject.a(Button_1.o)
 .debug_line    0x00001011       0xbd .\CortexM0\ARM_GCC_541\Debug\BuzzerProject.a(LED_2.o)
 .debug_line    0x000010ce       0xbf .\CortexM0\ARM_GCC_541\Debug\BuzzerProject.a(Button_2.o)
 .debug_line    0x0000118d       0xbd .\CortexM0\ARM_GCC_541\Debug\BuzzerProject.a(LED_3.o)
 .debug_line    0x0000124a       0xc0 .\CortexM0\ARM_GCC_541\Debug\BuzzerProject.a(Button_3.o)
 .debug_line    0x0000130a       0xbd .\CortexM0\ARM_GCC_541\Debug\BuzzerProject.a(LED_4.o)
 .debug_line    0x000013c7       0xc0 .\CortexM0\ARM_GCC_541\Debug\BuzzerProject.a(Button_4.o)
 .debug_line    0x00001487       0xbc .\CortexM0\ARM_GCC_541\Debug\BuzzerProject.a(Reset.o)
 .debug_line    0x00001543       0xc0 .\CortexM0\ARM_GCC_541\Debug\BuzzerProject.a(Buzzer_1.o)
 .debug_line    0x00001603       0xc0 .\CortexM0\ARM_GCC_541\Debug\BuzzerProject.a(Buzzer_2.o)
 .debug_line    0x000016c3       0x69 .\CortexM0\ARM_GCC_541\Debug\BuzzerProject.a(CyBootAsmGnu.o)

.debug_frame    0x00000000      0xe5c
 *(.debug_frame)
 .debug_frame   0x00000000       0x2c .\CortexM0\ARM_GCC_541\Debug\main.o
 .debug_frame   0x0000002c       0x68 .\CortexM0\ARM_GCC_541\Debug\cyfitter_cfg.o
 .debug_frame   0x00000094       0xbc .\CortexM0\ARM_GCC_541\Debug\Cm0Start.o
 .debug_frame   0x00000150      0x3e0 .\CortexM0\ARM_GCC_541\Debug\BuzzerProject.a(CyLib.o)
 .debug_frame   0x00000530      0x3a8 .\CortexM0\ARM_GCC_541\Debug\BuzzerProject.a(CyLFClk.o)
 .debug_frame   0x000008d8       0x70 .\CortexM0\ARM_GCC_541\Debug\BuzzerProject.a(LED_1.o)
 .debug_frame   0x00000948       0x70 .\CortexM0\ARM_GCC_541\Debug\BuzzerProject.a(Button_1.o)
 .debug_frame   0x000009b8       0x70 .\CortexM0\ARM_GCC_541\Debug\BuzzerProject.a(LED_2.o)
 .debug_frame   0x00000a28       0x70 .\CortexM0\ARM_GCC_541\Debug\BuzzerProject.a(Button_2.o)
 .debug_frame   0x00000a98       0x70 .\CortexM0\ARM_GCC_541\Debug\BuzzerProject.a(LED_3.o)
 .debug_frame   0x00000b08       0x70 .\CortexM0\ARM_GCC_541\Debug\BuzzerProject.a(Button_3.o)
 .debug_frame   0x00000b78       0x70 .\CortexM0\ARM_GCC_541\Debug\BuzzerProject.a(LED_4.o)
 .debug_frame   0x00000be8       0x70 .\CortexM0\ARM_GCC_541\Debug\BuzzerProject.a(Button_4.o)
 .debug_frame   0x00000c58       0x70 .\CortexM0\ARM_GCC_541\Debug\BuzzerProject.a(Reset.o)
 .debug_frame   0x00000cc8       0x70 .\CortexM0\ARM_GCC_541\Debug\BuzzerProject.a(Buzzer_1.o)
 .debug_frame   0x00000d38       0x70 .\CortexM0\ARM_GCC_541\Debug\BuzzerProject.a(Buzzer_2.o)
 .debug_frame   0x00000da8       0x20 c:/program files (x86)/cypress/psoc creator/4.1/psoc creator/import/gnu/arm/5.4.1/bin/../lib/gcc/arm-none-eabi/5.4.1/armv6-m\libgcc.a(_udivsi3.o)
 .debug_frame   0x00000dc8       0x20 c:/program files (x86)/cypress/psoc creator/4.1/psoc creator/import/gnu/arm/5.4.1/bin/../lib/gcc/arm-none-eabi/5.4.1/../../../../arm-none-eabi/lib/armv6-m\libg_nano.a(lib_a-errno.o)
 .debug_frame   0x00000de8       0x28 c:/program files (x86)/cypress/psoc creator/4.1/psoc creator/import/gnu/arm/5.4.1/bin/../lib/gcc/arm-none-eabi/5.4.1/../../../../arm-none-eabi/lib/armv6-m\libg_nano.a(lib_a-exit.o)
 .debug_frame   0x00000e10       0x2c c:/program files (x86)/cypress/psoc creator/4.1/psoc creator/import/gnu/arm/5.4.1/bin/../lib/gcc/arm-none-eabi/5.4.1/../../../../arm-none-eabi/lib/armv6-m\libg_nano.a(lib_a-init.o)
 .debug_frame   0x00000e3c       0x20 c:/program files (x86)/cypress/psoc creator/4.1/psoc creator/import/gnu/arm/5.4.1/bin/../lib/gcc/arm-none-eabi/5.4.1/../../../../arm-none-eabi/lib/armv6-m\libg_nano.a(lib_a-memset.o)

.debug_str      0x00000000     0x1454
 *(.debug_str)
 .debug_str     0x00000000      0x20b .\CortexM0\ARM_GCC_541\Debug\main.o
                                0x24b (size before relaxing)
 .debug_str     0x0000020b       0xc2 .\CortexM0\ARM_GCC_541\Debug\cyfitter_cfg.o
                                0x26c (size before relaxing)
 .debug_str     0x000002cd       0x63 .\CortexM0\ARM_GCC_541\Debug\cymetadata.o
                                0x1ea (size before relaxing)
 .debug_str     0x00000330      0x140 .\CortexM0\ARM_GCC_541\Debug\Cm0Start.o
                                0x323 (size before relaxing)
 .debug_str     0x00000470      0x4d6 .\CortexM0\ARM_GCC_541\Debug\BuzzerProject.a(CyLib.o)
                                0x6e6 (size before relaxing)
 .debug_str     0x00000946      0x530 .\CortexM0\ARM_GCC_541\Debug\BuzzerProject.a(CyLFClk.o)
                                0x75f (size before relaxing)
 .debug_str     0x00000e76       0x9f .\CortexM0\ARM_GCC_541\Debug\BuzzerProject.a(LED_1.o)
                                0x258 (size before relaxing)
 .debug_str     0x00000f15       0x8e .\CortexM0\ARM_GCC_541\Debug\BuzzerProject.a(Button_1.o)
                                0x26d (size before relaxing)
 .debug_str     0x00000fa3       0x7b .\CortexM0\ARM_GCC_541\Debug\BuzzerProject.a(LED_2.o)
                                0x258 (size before relaxing)
 .debug_str     0x0000101e       0x8e .\CortexM0\ARM_GCC_541\Debug\BuzzerProject.a(Button_2.o)
                                0x26d (size before relaxing)
 .debug_str     0x000010ac       0x7b .\CortexM0\ARM_GCC_541\Debug\BuzzerProject.a(LED_3.o)
                                0x258 (size before relaxing)
 .debug_str     0x00001127       0x8e .\CortexM0\ARM_GCC_541\Debug\BuzzerProject.a(Button_3.o)
                                0x26d (size before relaxing)
 .debug_str     0x000011b5       0x7b .\CortexM0\ARM_GCC_541\Debug\BuzzerProject.a(LED_4.o)
                                0x258 (size before relaxing)
 .debug_str     0x00001230       0x8e .\CortexM0\ARM_GCC_541\Debug\BuzzerProject.a(Button_4.o)
                                0x26d (size before relaxing)
 .debug_str     0x000012be       0x7c .\CortexM0\ARM_GCC_541\Debug\BuzzerProject.a(Reset.o)
                                0x258 (size before relaxing)
 .debug_str     0x0000133a       0x8d .\CortexM0\ARM_GCC_541\Debug\BuzzerProject.a(Buzzer_1.o)
                                0x26d (size before relaxing)
 .debug_str     0x000013c7       0x8d .\CortexM0\ARM_GCC_541\Debug\BuzzerProject.a(Buzzer_2.o)
                                0x26d (size before relaxing)

.debug_loc      0x00000000     0x1892
 *(.debug_loc)
 .debug_loc     0x00000000       0x87 .\CortexM0\ARM_GCC_541\Debug\main.o
 .debug_loc     0x00000087       0xa9 .\CortexM0\ARM_GCC_541\Debug\cyfitter_cfg.o
 .debug_loc     0x00000130      0x14f .\CortexM0\ARM_GCC_541\Debug\Cm0Start.o
 .debug_loc     0x0000027f      0x5cb .\CortexM0\ARM_GCC_541\Debug\BuzzerProject.a(CyLib.o)
 .debug_loc     0x0000084a      0x9b5 .\CortexM0\ARM_GCC_541\Debug\BuzzerProject.a(CyLFClk.o)
 .debug_loc     0x000011ff       0x81 .\CortexM0\ARM_GCC_541\Debug\BuzzerProject.a(LED_1.o)
 .debug_loc     0x00001280       0xa2 .\CortexM0\ARM_GCC_541\Debug\BuzzerProject.a(Button_1.o)
 .debug_loc     0x00001322       0xa2 .\CortexM0\ARM_GCC_541\Debug\BuzzerProject.a(LED_2.o)
 .debug_loc     0x000013c4       0x81 .\CortexM0\ARM_GCC_541\Debug\BuzzerProject.a(Button_2.o)
 .debug_loc     0x00001445       0xa2 .\CortexM0\ARM_GCC_541\Debug\BuzzerProject.a(LED_3.o)
 .debug_loc     0x000014e7       0xa2 .\CortexM0\ARM_GCC_541\Debug\BuzzerProject.a(Button_3.o)
 .debug_loc     0x00001589       0xa2 .\CortexM0\ARM_GCC_541\Debug\BuzzerProject.a(LED_4.o)
 .debug_loc     0x0000162b       0xa2 .\CortexM0\ARM_GCC_541\Debug\BuzzerProject.a(Button_4.o)
 .debug_loc     0x000016cd       0x81 .\CortexM0\ARM_GCC_541\Debug\BuzzerProject.a(Reset.o)
 .debug_loc     0x0000174e       0xa2 .\CortexM0\ARM_GCC_541\Debug\BuzzerProject.a(Buzzer_1.o)
 .debug_loc     0x000017f0       0xa2 .\CortexM0\ARM_GCC_541\Debug\BuzzerProject.a(Buzzer_2.o)

.debug_macinfo
 *(.debug_macinfo)

.debug_ranges   0x00000000      0x568
 *(.debug_ranges)
 .debug_ranges  0x00000000       0x10 .\CortexM0\ARM_GCC_541\Debug\main.o
 .debug_ranges  0x00000010       0x20 .\CortexM0\ARM_GCC_541\Debug\cyfitter_cfg.o
 .debug_ranges  0x00000030       0x38 .\CortexM0\ARM_GCC_541\Debug\Cm0Start.o
 .debug_ranges  0x00000068      0x170 .\CortexM0\ARM_GCC_541\Debug\BuzzerProject.a(CyLib.o)
 .debug_ranges  0x000001d8      0x128 .\CortexM0\ARM_GCC_541\Debug\BuzzerProject.a(CyLFClk.o)
 .debug_ranges  0x00000300       0x38 .\CortexM0\ARM_GCC_541\Debug\BuzzerProject.a(LED_1.o)
 .debug_ranges  0x00000338       0x38 .\CortexM0\ARM_GCC_541\Debug\BuzzerProject.a(Button_1.o)
 .debug_ranges  0x00000370       0x38 .\CortexM0\ARM_GCC_541\Debug\BuzzerProject.a(LED_2.o)
 .debug_ranges  0x000003a8       0x38 .\CortexM0\ARM_GCC_541\Debug\BuzzerProject.a(Button_2.o)
 .debug_ranges  0x000003e0       0x38 .\CortexM0\ARM_GCC_541\Debug\BuzzerProject.a(LED_3.o)
 .debug_ranges  0x00000418       0x38 .\CortexM0\ARM_GCC_541\Debug\BuzzerProject.a(Button_3.o)
 .debug_ranges  0x00000450       0x38 .\CortexM0\ARM_GCC_541\Debug\BuzzerProject.a(LED_4.o)
 .debug_ranges  0x00000488       0x38 .\CortexM0\ARM_GCC_541\Debug\BuzzerProject.a(Button_4.o)
 .debug_ranges  0x000004c0       0x38 .\CortexM0\ARM_GCC_541\Debug\BuzzerProject.a(Reset.o)
 .debug_ranges  0x000004f8       0x38 .\CortexM0\ARM_GCC_541\Debug\BuzzerProject.a(Buzzer_1.o)
 .debug_ranges  0x00000530       0x38 .\CortexM0\ARM_GCC_541\Debug\BuzzerProject.a(Buzzer_2.o)

.comment        0x00000000       0x6e
 .comment       0x00000000       0x6e .\CortexM0\ARM_GCC_541\Debug\main.o
                                 0x6f (size before relaxing)
 .comment       0x0000006e       0x6f .\CortexM0\ARM_GCC_541\Debug\cyfitter_cfg.o
 .comment       0x0000006e       0x6f .\CortexM0\ARM_GCC_541\Debug\cymetadata.o
 .comment       0x0000006e       0x6f .\CortexM0\ARM_GCC_541\Debug\Cm0Start.o
 .comment       0x0000006e       0x6f .\CortexM0\ARM_GCC_541\Debug\BuzzerProject.a(CyLib.o)
 .comment       0x0000006e       0x6f .\CortexM0\ARM_GCC_541\Debug\BuzzerProject.a(CyLFClk.o)
 .comment       0x0000006e       0x6f .\CortexM0\ARM_GCC_541\Debug\BuzzerProject.a(LED_1.o)
 .comment       0x0000006e       0x6f .\CortexM0\ARM_GCC_541\Debug\BuzzerProject.a(Button_1.o)
 .comment       0x0000006e       0x6f .\CortexM0\ARM_GCC_541\Debug\BuzzerProject.a(LED_2.o)
 .comment       0x0000006e       0x6f .\CortexM0\ARM_GCC_541\Debug\BuzzerProject.a(Button_2.o)
 .comment       0x0000006e       0x6f .\CortexM0\ARM_GCC_541\Debug\BuzzerProject.a(LED_3.o)
 .comment       0x0000006e       0x6f .\CortexM0\ARM_GCC_541\Debug\BuzzerProject.a(Button_3.o)
 .comment       0x0000006e       0x6f .\CortexM0\ARM_GCC_541\Debug\BuzzerProject.a(LED_4.o)
 .comment       0x0000006e       0x6f .\CortexM0\ARM_GCC_541\Debug\BuzzerProject.a(Button_4.o)
 .comment       0x0000006e       0x6f .\CortexM0\ARM_GCC_541\Debug\BuzzerProject.a(Reset.o)
 .comment       0x0000006e       0x6f .\CortexM0\ARM_GCC_541\Debug\BuzzerProject.a(Buzzer_1.o)
 .comment       0x0000006e       0x6f .\CortexM0\ARM_GCC_541\Debug\BuzzerProject.a(Buzzer_2.o)

.debug_weaknames
 *(.debug_weaknames)

.debug_funcnames
 *(.debug_funcnames)

.debug_typenames
 *(.debug_typenames)

.debug_varnames
 *(.debug_varnames)

.note.gnu.arm.ident
 *(.note.gnu.arm.ident)

.ARM.attributes
                0x00000000       0x28
 *(.ARM.attributes)
 .ARM.attributes
                0x00000000       0x1e c:/program files (x86)/cypress/psoc creator/4.1/psoc creator/import/gnu/arm/5.4.1/bin/../lib/gcc/arm-none-eabi/5.4.1/armv6-m/crti.o
 .ARM.attributes
                0x0000001e       0x2c c:/program files (x86)/cypress/psoc creator/4.1/psoc creator/import/gnu/arm/5.4.1/bin/../lib/gcc/arm-none-eabi/5.4.1/armv6-m/crtbegin.o
 .ARM.attributes
                0x0000004a       0x1b c:/program files (x86)/cypress/psoc creator/4.1/psoc creator/import/gnu/arm/5.4.1/bin/../lib/gcc/arm-none-eabi/5.4.1/../../../../arm-none-eabi/lib/armv6-m/crt0.o
 .ARM.attributes
                0x00000065       0x31 .\CortexM0\ARM_GCC_541\Debug\main.o
 .ARM.attributes
                0x00000096       0x31 .\CortexM0\ARM_GCC_541\Debug\cyfitter_cfg.o
 .ARM.attributes
                0x000000c7       0x31 .\CortexM0\ARM_GCC_541\Debug\cymetadata.o
 .ARM.attributes
                0x000000f8       0x31 .\CortexM0\ARM_GCC_541\Debug\Cm0Start.o
 .ARM.attributes
                0x00000129       0x31 .\CortexM0\ARM_GCC_541\Debug\BuzzerProject.a(CyLib.o)
 .ARM.attributes
                0x0000015a       0x31 .\CortexM0\ARM_GCC_541\Debug\BuzzerProject.a(CyLFClk.o)
 .ARM.attributes
                0x0000018b       0x31 .\CortexM0\ARM_GCC_541\Debug\BuzzerProject.a(LED_1.o)
 .ARM.attributes
                0x000001bc       0x31 .\CortexM0\ARM_GCC_541\Debug\BuzzerProject.a(Button_1.o)
 .ARM.attributes
                0x000001ed       0x31 .\CortexM0\ARM_GCC_541\Debug\BuzzerProject.a(LED_2.o)
 .ARM.attributes
                0x0000021e       0x31 .\CortexM0\ARM_GCC_541\Debug\BuzzerProject.a(Button_2.o)
 .ARM.attributes
                0x0000024f       0x31 .\CortexM0\ARM_GCC_541\Debug\BuzzerProject.a(LED_3.o)
 .ARM.attributes
                0x00000280       0x31 .\CortexM0\ARM_GCC_541\Debug\BuzzerProject.a(Button_3.o)
 .ARM.attributes
                0x000002b1       0x31 .\CortexM0\ARM_GCC_541\Debug\BuzzerProject.a(LED_4.o)
 .ARM.attributes
                0x000002e2       0x31 .\CortexM0\ARM_GCC_541\Debug\BuzzerProject.a(Button_4.o)
 .ARM.attributes
                0x00000313       0x31 .\CortexM0\ARM_GCC_541\Debug\BuzzerProject.a(Reset.o)
 .ARM.attributes
                0x00000344       0x31 .\CortexM0\ARM_GCC_541\Debug\BuzzerProject.a(Buzzer_1.o)
 .ARM.attributes
                0x00000375       0x31 .\CortexM0\ARM_GCC_541\Debug\BuzzerProject.a(Buzzer_2.o)
 .ARM.attributes
                0x000003a6       0x21 .\CortexM0\ARM_GCC_541\Debug\BuzzerProject.a(CyBootAsmGnu.o)
 .ARM.attributes
                0x000003c7       0x1e c:/program files (x86)/cypress/psoc creator/4.1/psoc creator/import/gnu/arm/5.4.1/bin/../lib/gcc/arm-none-eabi/5.4.1/armv6-m\libgcc.a(_udivsi3.o)
 .ARM.attributes
                0x000003e5       0x1e c:/program files (x86)/cypress/psoc creator/4.1/psoc creator/import/gnu/arm/5.4.1/bin/../lib/gcc/arm-none-eabi/5.4.1/armv6-m\libgcc.a(_dvmd_tls.o)
 .ARM.attributes
                0x00000403       0x2c c:/program files (x86)/cypress/psoc creator/4.1/psoc creator/import/gnu/arm/5.4.1/bin/../lib/gcc/arm-none-eabi/5.4.1/../../../../arm-none-eabi/lib/armv6-m\libg_nano.a(lib_a-errno.o)
 .ARM.attributes
                0x0000042f       0x2c c:/program files (x86)/cypress/psoc creator/4.1/psoc creator/import/gnu/arm/5.4.1/bin/../lib/gcc/arm-none-eabi/5.4.1/../../../../arm-none-eabi/lib/armv6-m\libg_nano.a(lib_a-exit.o)
 .ARM.attributes
                0x0000045b       0x2c c:/program files (x86)/cypress/psoc creator/4.1/psoc creator/import/gnu/arm/5.4.1/bin/../lib/gcc/arm-none-eabi/5.4.1/../../../../arm-none-eabi/lib/armv6-m\libg_nano.a(lib_a-impure.o)
 .ARM.attributes
                0x00000487       0x2c c:/program files (x86)/cypress/psoc creator/4.1/psoc creator/import/gnu/arm/5.4.1/bin/../lib/gcc/arm-none-eabi/5.4.1/../../../../arm-none-eabi/lib/armv6-m\libg_nano.a(lib_a-init.o)
 .ARM.attributes
                0x000004b3       0x2c c:/program files (x86)/cypress/psoc creator/4.1/psoc creator/import/gnu/arm/5.4.1/bin/../lib/gcc/arm-none-eabi/5.4.1/../../../../arm-none-eabi/lib/armv6-m\libg_nano.a(lib_a-memset.o)
 .ARM.attributes
                0x000004df       0x2c c:/program files (x86)/cypress/psoc creator/4.1/psoc creator/import/gnu/arm/5.4.1/bin/../lib/gcc/arm-none-eabi/5.4.1/armv6-m/crtend.o
 .ARM.attributes
                0x0000050b       0x1e c:/program files (x86)/cypress/psoc creator/4.1/psoc creator/import/gnu/arm/5.4.1/bin/../lib/gcc/arm-none-eabi/5.4.1/armv6-m/crtn.o

/DISCARD/
 *(.note.GNU-stack)
OUTPUT(C:\Users\User\Documents\Fun Projects\PSoC Creator\Buzzer_System\BuzzerWorkspace\BuzzerProject.cydsn\CortexM0\ARM_GCC_541\Debug\BuzzerProject.elf elf32-littlearm)
