Archive member included to satisfy reference by file (symbol)

.\CortexM0\ARM_GCC_541\Debug\BuzzerProject.a(CyLib.o)
                              .\CortexM0\ARM_GCC_541\Debug\cyfitter_cfg.o (CyIntEnable)
.\CortexM0\ARM_GCC_541\Debug\BuzzerProject.a(CyLFClk.o)
                              .\CortexM0\ARM_GCC_541\Debug\cyfitter_cfg.o (CySysWdtIsr)
.\CortexM0\ARM_GCC_541\Debug\BuzzerProject.a(LED_1.o)
                              .\CortexM0\ARM_GCC_541\Debug\main.o (LED_1_Write)
.\CortexM0\ARM_GCC_541\Debug\BuzzerProject.a(Button_1.o)
                              .\CortexM0\ARM_GCC_541\Debug\buzzerFuncs.o (Button_1_Read)
.\CortexM0\ARM_GCC_541\Debug\BuzzerProject.a(LED_2.o)
                              .\CortexM0\ARM_GCC_541\Debug\main.o (LED_2_Write)
.\CortexM0\ARM_GCC_541\Debug\BuzzerProject.a(Button_2.o)
                              .\CortexM0\ARM_GCC_541\Debug\buzzerFuncs.o (Button_2_Read)
.\CortexM0\ARM_GCC_541\Debug\BuzzerProject.a(LED_3.o)
                              .\CortexM0\ARM_GCC_541\Debug\main.o (LED_3_Write)
.\CortexM0\ARM_GCC_541\Debug\BuzzerProject.a(Button_3.o)
                              .\CortexM0\ARM_GCC_541\Debug\buzzerFuncs.o (Button_3_Read)
.\CortexM0\ARM_GCC_541\Debug\BuzzerProject.a(LED_4.o)
                              .\CortexM0\ARM_GCC_541\Debug\main.o (LED_4_Write)
.\CortexM0\ARM_GCC_541\Debug\BuzzerProject.a(Button_4.o)
                              .\CortexM0\ARM_GCC_541\Debug\buzzerFuncs.o (Button_4_Read)
.\CortexM0\ARM_GCC_541\Debug\BuzzerProject.a(Reset.o)
                              .\CortexM0\ARM_GCC_541\Debug\main.o (Reset_Read)
.\CortexM0\ARM_GCC_541\Debug\BuzzerProject.a(Buzzer_1.o)
                              .\CortexM0\ARM_GCC_541\Debug\main.o (Buzzer_1_Write)
.\CortexM0\ARM_GCC_541\Debug\BuzzerProject.a(Buzzer_2.o)
                              .\CortexM0\ARM_GCC_541\Debug\main.o (Buzzer_2_Write)
.\CortexM0\ARM_GCC_541\Debug\BuzzerProject.a(LCD_Char_1.o)
                              .\CortexM0\ARM_GCC_541\Debug\main.o (LCD_Char_1_PrintString)
.\CortexM0\ARM_GCC_541\Debug\BuzzerProject.a(CyBootAsmGnu.o)
                              .\CortexM0\ARM_GCC_541\Debug\BuzzerProject.a(CyLib.o) (CyDelayCycles)
c:/program files (x86)/cypress/psoc creator/4.1/psoc creator/import/gnu/arm/5.4.1/bin/../lib/gcc/arm-none-eabi/5.4.1/armv6-m\libgcc.a(_udivsi3.o)
                              .\CortexM0\ARM_GCC_541\Debug\BuzzerProject.a(CyLib.o) (__aeabi_uidiv)
c:/program files (x86)/cypress/psoc creator/4.1/psoc creator/import/gnu/arm/5.4.1/bin/../lib/gcc/arm-none-eabi/5.4.1/armv6-m\libgcc.a(_dvmd_tls.o)
                              c:/program files (x86)/cypress/psoc creator/4.1/psoc creator/import/gnu/arm/5.4.1/bin/../lib/gcc/arm-none-eabi/5.4.1/armv6-m\libgcc.a(_udivsi3.o) (__aeabi_idiv0)
c:/program files (x86)/cypress/psoc creator/4.1/psoc creator/import/gnu/arm/5.4.1/bin/../lib/gcc/arm-none-eabi/5.4.1/../../../../arm-none-eabi/lib/armv6-m\libg_nano.a(lib_a-errno.o)
                              .\CortexM0\ARM_GCC_541\Debug\Cm0Start.o (__errno)
c:/program files (x86)/cypress/psoc creator/4.1/psoc creator/import/gnu/arm/5.4.1/bin/../lib/gcc/arm-none-eabi/5.4.1/../../../../arm-none-eabi/lib/armv6-m\libg_nano.a(lib_a-exit.o)
                              c:/program files (x86)/cypress/psoc creator/4.1/psoc creator/import/gnu/arm/5.4.1/bin/../lib/gcc/arm-none-eabi/5.4.1/../../../../arm-none-eabi/lib/armv6-m/crt0.o (exit)
c:/program files (x86)/cypress/psoc creator/4.1/psoc creator/import/gnu/arm/5.4.1/bin/../lib/gcc/arm-none-eabi/5.4.1/../../../../arm-none-eabi/lib/armv6-m\libg_nano.a(lib_a-impure.o)
                              c:/program files (x86)/cypress/psoc creator/4.1/psoc creator/import/gnu/arm/5.4.1/bin/../lib/gcc/arm-none-eabi/5.4.1/../../../../arm-none-eabi/lib/armv6-m\libg_nano.a(lib_a-exit.o) (_global_impure_ptr)
c:/program files (x86)/cypress/psoc creator/4.1/psoc creator/import/gnu/arm/5.4.1/bin/../lib/gcc/arm-none-eabi/5.4.1/../../../../arm-none-eabi/lib/armv6-m\libg_nano.a(lib_a-init.o)
                              c:/program files (x86)/cypress/psoc creator/4.1/psoc creator/import/gnu/arm/5.4.1/bin/../lib/gcc/arm-none-eabi/5.4.1/../../../../arm-none-eabi/lib/armv6-m/crt0.o (__libc_init_array)
c:/program files (x86)/cypress/psoc creator/4.1/psoc creator/import/gnu/arm/5.4.1/bin/../lib/gcc/arm-none-eabi/5.4.1/../../../../arm-none-eabi/lib/armv6-m\libg_nano.a(lib_a-memset.o)
                              c:/program files (x86)/cypress/psoc creator/4.1/psoc creator/import/gnu/arm/5.4.1/bin/../lib/gcc/arm-none-eabi/5.4.1/../../../../arm-none-eabi/lib/armv6-m/crt0.o (memset)

Discarded input sections

 .text          0x00000000        0x0 c:/program files (x86)/cypress/psoc creator/4.1/psoc creator/import/gnu/arm/5.4.1/bin/../lib/gcc/arm-none-eabi/5.4.1/armv6-m/crti.o
 .data          0x00000000        0x0 c:/program files (x86)/cypress/psoc creator/4.1/psoc creator/import/gnu/arm/5.4.1/bin/../lib/gcc/arm-none-eabi/5.4.1/armv6-m/crti.o
 .bss           0x00000000        0x0 c:/program files (x86)/cypress/psoc creator/4.1/psoc creator/import/gnu/arm/5.4.1/bin/../lib/gcc/arm-none-eabi/5.4.1/armv6-m/crti.o
 .data          0x00000000        0x4 c:/program files (x86)/cypress/psoc creator/4.1/psoc creator/import/gnu/arm/5.4.1/bin/../lib/gcc/arm-none-eabi/5.4.1/armv6-m/crtbegin.o
 .text          0x00000000       0x78 c:/program files (x86)/cypress/psoc creator/4.1/psoc creator/import/gnu/arm/5.4.1/bin/../lib/gcc/arm-none-eabi/5.4.1/../../../../arm-none-eabi/lib/armv6-m/crt0.o
 .data          0x00000000        0x0 c:/program files (x86)/cypress/psoc creator/4.1/psoc creator/import/gnu/arm/5.4.1/bin/../lib/gcc/arm-none-eabi/5.4.1/../../../../arm-none-eabi/lib/armv6-m/crt0.o
 .bss           0x00000000        0x0 c:/program files (x86)/cypress/psoc creator/4.1/psoc creator/import/gnu/arm/5.4.1/bin/../lib/gcc/arm-none-eabi/5.4.1/../../../../arm-none-eabi/lib/armv6-m/crt0.o
 .ARM.extab     0x00000000        0x0 c:/program files (x86)/cypress/psoc creator/4.1/psoc creator/import/gnu/arm/5.4.1/bin/../lib/gcc/arm-none-eabi/5.4.1/../../../../arm-none-eabi/lib/armv6-m/crt0.o
 .ARM.exidx     0x00000000        0x8 c:/program files (x86)/cypress/psoc creator/4.1/psoc creator/import/gnu/arm/5.4.1/bin/../lib/gcc/arm-none-eabi/5.4.1/../../../../arm-none-eabi/lib/armv6-m/crt0.o
 .text          0x00000000        0x0 .\CortexM0\ARM_GCC_541\Debug\main.o
 .data          0x00000000        0x0 .\CortexM0\ARM_GCC_541\Debug\main.o
 .bss           0x00000000        0x0 .\CortexM0\ARM_GCC_541\Debug\main.o
 .text          0x00000000        0x0 .\CortexM0\ARM_GCC_541\Debug\buzzerFuncs.o
 .data          0x00000000        0x0 .\CortexM0\ARM_GCC_541\Debug\buzzerFuncs.o
 .text          0x00000000        0x0 .\CortexM0\ARM_GCC_541\Debug\cyfitter_cfg.o
 .data          0x00000000        0x0 .\CortexM0\ARM_GCC_541\Debug\cyfitter_cfg.o
 .bss           0x00000000        0x0 .\CortexM0\ARM_GCC_541\Debug\cyfitter_cfg.o
 .text          0x00000000        0x0 .\CortexM0\ARM_GCC_541\Debug\cymetadata.o
 .data          0x00000000        0x0 .\CortexM0\ARM_GCC_541\Debug\cymetadata.o
 .bss           0x00000000        0x0 .\CortexM0\ARM_GCC_541\Debug\cymetadata.o
 .text          0x00000000        0x0 .\CortexM0\ARM_GCC_541\Debug\Cm0Start.o
 .data          0x00000000        0x4 .\CortexM0\ARM_GCC_541\Debug\Cm0Start.o
 .bss           0x00000000        0x0 .\CortexM0\ARM_GCC_541\Debug\Cm0Start.o
 .text._exit    0x00000000        0xc .\CortexM0\ARM_GCC_541\Debug\Cm0Start.o
 .text._sbrk    0x00000000       0x30 .\CortexM0\ARM_GCC_541\Debug\Cm0Start.o
 .text          0x00000000        0x0 .\CortexM0\ARM_GCC_541\Debug\BuzzerProject.a(CyLib.o)
 .bss           0x00000000       0x18 .\CortexM0\ARM_GCC_541\Debug\BuzzerProject.a(CyLib.o)
 .text.CySysClkImoStart
                0x00000000       0x14 .\CortexM0\ARM_GCC_541\Debug\BuzzerProject.a(CyLib.o)
 .text.CySysClkImoStop
                0x00000000       0x10 .\CortexM0\ARM_GCC_541\Debug\BuzzerProject.a(CyLib.o)
 .text.CySysClkWriteHfclkDirect
                0x00000000       0x20 .\CortexM0\ARM_GCC_541\Debug\BuzzerProject.a(CyLib.o)
 .text.CySysEnablePumpClock
                0x00000000       0x38 .\CortexM0\ARM_GCC_541\Debug\BuzzerProject.a(CyLib.o)
 .text.CySysClkGetSysclkSource
                0x00000000       0x1c .\CortexM0\ARM_GCC_541\Debug\BuzzerProject.a(CyLib.o)
 .text.CySysClkWriteSysclkDiv
                0x00000000       0x30 .\CortexM0\ARM_GCC_541\Debug\BuzzerProject.a(CyLib.o)
 .text.CySysLvdDisable
                0x00000000       0x20 .\CortexM0\ARM_GCC_541\Debug\BuzzerProject.a(CyLib.o)
 .text.CySysLvdGetInterruptSource
                0x00000000       0x10 .\CortexM0\ARM_GCC_541\Debug\BuzzerProject.a(CyLib.o)
 .text.CySysLvdClearInterrupt
                0x00000000        0xc .\CortexM0\ARM_GCC_541\Debug\BuzzerProject.a(CyLib.o)
 .text.CySysGetResetReason
                0x00000000       0x14 .\CortexM0\ARM_GCC_541\Debug\BuzzerProject.a(CyLib.o)
 .text.CyDisableInts
                0x00000000       0x10 .\CortexM0\ARM_GCC_541\Debug\BuzzerProject.a(CyLib.o)
 .text.CyEnableInts
                0x00000000        0xc .\CortexM0\ARM_GCC_541\Debug\BuzzerProject.a(CyLib.o)
 .text.CyIntGetState
                0x00000000       0x18 .\CortexM0\ARM_GCC_541\Debug\BuzzerProject.a(CyLib.o)
 .text.CyIntDisable
                0x00000000       0x14 .\CortexM0\ARM_GCC_541\Debug\BuzzerProject.a(CyLib.o)
 .text.CyIntSetPending
                0x00000000       0x14 .\CortexM0\ARM_GCC_541\Debug\BuzzerProject.a(CyLib.o)
 .text.CyIntClearPending
                0x00000000       0x14 .\CortexM0\ARM_GCC_541\Debug\BuzzerProject.a(CyLib.o)
 .text.CyIntSetSysVector
                0x00000000       0x20 .\CortexM0\ARM_GCC_541\Debug\BuzzerProject.a(CyLib.o)
 .text.CyIntGetSysVector
                0x00000000       0x1c .\CortexM0\ARM_GCC_541\Debug\BuzzerProject.a(CyLib.o)
 .text.CyIntGetVector
                0x00000000       0x20 .\CortexM0\ARM_GCC_541\Debug\BuzzerProject.a(CyLib.o)
 .text.CyIntSetPriority
                0x00000000       0x4c .\CortexM0\ARM_GCC_541\Debug\BuzzerProject.a(CyLib.o)
 .text.CyIntGetPriority
                0x00000000       0x2c .\CortexM0\ARM_GCC_541\Debug\BuzzerProject.a(CyLib.o)
 .text.CySoftwareReset
                0x00000000       0x18 .\CortexM0\ARM_GCC_541\Debug\BuzzerProject.a(CyLib.o)
 .text.CySysLvdEnable
                0x00000000       0x44 .\CortexM0\ARM_GCC_541\Debug\BuzzerProject.a(CyLib.o)
 .text.CyDelayFreq
                0x00000000       0x4c .\CortexM0\ARM_GCC_541\Debug\BuzzerProject.a(CyLib.o)
 .text.CySysTickStop
                0x00000000       0x10 .\CortexM0\ARM_GCC_541\Debug\BuzzerProject.a(CyLib.o)
 .text.CySysTickEnableInterrupt
                0x00000000       0x10 .\CortexM0\ARM_GCC_541\Debug\BuzzerProject.a(CyLib.o)
 .text.CySysTickEnable
                0x00000000       0x18 .\CortexM0\ARM_GCC_541\Debug\BuzzerProject.a(CyLib.o)
 .text.CySysTickDisableInterrupt
                0x00000000       0x10 .\CortexM0\ARM_GCC_541\Debug\BuzzerProject.a(CyLib.o)
 .text.CySysTickSetReload
                0x00000000       0x10 .\CortexM0\ARM_GCC_541\Debug\BuzzerProject.a(CyLib.o)
 .text.CySysTickGetReload
                0x00000000       0x10 .\CortexM0\ARM_GCC_541\Debug\BuzzerProject.a(CyLib.o)
 .text.CySysTickGetValue
                0x00000000       0x10 .\CortexM0\ARM_GCC_541\Debug\BuzzerProject.a(CyLib.o)
 .text.CySysTickGetCountFlag
                0x00000000       0x10 .\CortexM0\ARM_GCC_541\Debug\BuzzerProject.a(CyLib.o)
 .text.CySysTickServiceCallbacks
                0x00000000       0x28 .\CortexM0\ARM_GCC_541\Debug\BuzzerProject.a(CyLib.o)
 .text.CySysTickClear
                0x00000000        0xc .\CortexM0\ARM_GCC_541\Debug\BuzzerProject.a(CyLib.o)
 .text.CySysTickInit
                0x00000000       0x40 .\CortexM0\ARM_GCC_541\Debug\BuzzerProject.a(CyLib.o)
 .text.CySysTickStart
                0x00000000       0x20 .\CortexM0\ARM_GCC_541\Debug\BuzzerProject.a(CyLib.o)
 .text.CySysTickSetCallback
                0x00000000       0x10 .\CortexM0\ARM_GCC_541\Debug\BuzzerProject.a(CyLib.o)
 .text.CySysTickGetCallback
                0x00000000        0xc .\CortexM0\ARM_GCC_541\Debug\BuzzerProject.a(CyLib.o)
 .text.CyGetUniqueId
                0x00000000       0x70 .\CortexM0\ARM_GCC_541\Debug\BuzzerProject.a(CyLib.o)
 .text          0x00000000        0x0 .\CortexM0\ARM_GCC_541\Debug\BuzzerProject.a(CyLFClk.o)
 .text.CySysClkIloEnabled
                0x00000000       0x14 .\CortexM0\ARM_GCC_541\Debug\BuzzerProject.a(CyLFClk.o)
 .text.CySysClkIloStart
                0x00000000       0x14 .\CortexM0\ARM_GCC_541\Debug\BuzzerProject.a(CyLFClk.o)
 .text.CySysClkIloStartMeasurement
                0x00000000       0x34 .\CortexM0\ARM_GCC_541\Debug\BuzzerProject.a(CyLFClk.o)
 .text.CySysClkIloStopMeasurement
                0x00000000       0x14 .\CortexM0\ARM_GCC_541\Debug\BuzzerProject.a(CyLFClk.o)
 .text.CySysClkIloCompensate
                0x00000000      0x104 .\CortexM0\ARM_GCC_541\Debug\BuzzerProject.a(CyLFClk.o)
 .text.CySysWdtGetEnabledStatus
                0x00000000       0x24 .\CortexM0\ARM_GCC_541\Debug\BuzzerProject.a(CyLFClk.o)
 .text.CySysWdtSetMode
                0x00000000       0x38 .\CortexM0\ARM_GCC_541\Debug\BuzzerProject.a(CyLFClk.o)
 .text.CySysClkLfclkPosedgeRestore
                0x00000000       0x2c .\CortexM0\ARM_GCC_541\Debug\BuzzerProject.a(CyLFClk.o)
 .text.CySysWdtGetMode
                0x00000000       0x14 .\CortexM0\ARM_GCC_541\Debug\BuzzerProject.a(CyLFClk.o)
 .text.CySysWdtSetClearOnMatch
                0x00000000       0x34 .\CortexM0\ARM_GCC_541\Debug\BuzzerProject.a(CyLFClk.o)
 .text.CySysWdtGetClearOnMatch
                0x00000000       0x24 .\CortexM0\ARM_GCC_541\Debug\BuzzerProject.a(CyLFClk.o)
 .text.CySysWdtEnable
                0x00000000       0x40 .\CortexM0\ARM_GCC_541\Debug\BuzzerProject.a(CyLFClk.o)
 .text.CySysWdtDisable
                0x00000000       0x44 .\CortexM0\ARM_GCC_541\Debug\BuzzerProject.a(CyLFClk.o)
 .text.CySysWdtSetCascade
                0x00000000       0x34 .\CortexM0\ARM_GCC_541\Debug\BuzzerProject.a(CyLFClk.o)
 .text.CySysWdtGetCascade
                0x00000000       0x14 .\CortexM0\ARM_GCC_541\Debug\BuzzerProject.a(CyLFClk.o)
 .text.CySysWdtSetMatch
                0x00000000       0x38 .\CortexM0\ARM_GCC_541\Debug\BuzzerProject.a(CyLFClk.o)
 .text.CySysWdtSetToggleBit
                0x00000000       0x30 .\CortexM0\ARM_GCC_541\Debug\BuzzerProject.a(CyLFClk.o)
 .text.CySysWdtGetToggleBit
                0x00000000       0x10 .\CortexM0\ARM_GCC_541\Debug\BuzzerProject.a(CyLFClk.o)
 .text.CySysWdtGetMatch
                0x00000000       0x20 .\CortexM0\ARM_GCC_541\Debug\BuzzerProject.a(CyLFClk.o)
 .text.CySysWdtGetCount
                0x00000000       0x3c .\CortexM0\ARM_GCC_541\Debug\BuzzerProject.a(CyLFClk.o)
 .text.CySysClkLfclkPosedgeCatch
                0x00000000       0x74 .\CortexM0\ARM_GCC_541\Debug\BuzzerProject.a(CyLFClk.o)
 .text.CySysClkIloStop
                0x00000000       0x38 .\CortexM0\ARM_GCC_541\Debug\BuzzerProject.a(CyLFClk.o)
 .text.CySysWdtGetInterruptSource
                0x00000000       0x14 .\CortexM0\ARM_GCC_541\Debug\BuzzerProject.a(CyLFClk.o)
 .text.CySysWdtResetCounters
                0x00000000       0x20 .\CortexM0\ARM_GCC_541\Debug\BuzzerProject.a(CyLFClk.o)
 .text.CySysWdtSetInterruptCallback
                0x00000000       0x20 .\CortexM0\ARM_GCC_541\Debug\BuzzerProject.a(CyLFClk.o)
 .text.CySysWdtGetInterruptCallback
                0x00000000       0x20 .\CortexM0\ARM_GCC_541\Debug\BuzzerProject.a(CyLFClk.o)
 .text.CySysWdtEnableCounterIsr
                0x00000000       0x34 .\CortexM0\ARM_GCC_541\Debug\BuzzerProject.a(CyLFClk.o)
 .text.CySysWdtDisableCounterIsr
                0x00000000       0x28 .\CortexM0\ARM_GCC_541\Debug\BuzzerProject.a(CyLFClk.o)
 .text.CySysWatchdogFeed
                0x00000000       0x60 .\CortexM0\ARM_GCC_541\Debug\BuzzerProject.a(CyLFClk.o)
 .text.CySysTimerDelayUntilMatch
                0x00000000       0x6c .\CortexM0\ARM_GCC_541\Debug\BuzzerProject.a(CyLFClk.o)
 .text.CySysTimerDelay
                0x00000000       0x3c .\CortexM0\ARM_GCC_541\Debug\BuzzerProject.a(CyLFClk.o)
 .rodata        0x00000000        0xc .\CortexM0\ARM_GCC_541\Debug\BuzzerProject.a(CyLFClk.o)
 .text          0x00000000        0x0 .\CortexM0\ARM_GCC_541\Debug\BuzzerProject.a(LED_1.o)
 .data          0x00000000        0x0 .\CortexM0\ARM_GCC_541\Debug\BuzzerProject.a(LED_1.o)
 .bss           0x00000000        0x0 .\CortexM0\ARM_GCC_541\Debug\BuzzerProject.a(LED_1.o)
 .text.LED_1_SetDriveMode
                0x00000000       0x14 .\CortexM0\ARM_GCC_541\Debug\BuzzerProject.a(LED_1.o)
 .text.LED_1_Read
                0x00000000       0x10 .\CortexM0\ARM_GCC_541\Debug\BuzzerProject.a(LED_1.o)
 .text.LED_1_ReadDataReg
                0x00000000       0x10 .\CortexM0\ARM_GCC_541\Debug\BuzzerProject.a(LED_1.o)
 .text.LED_1_SetInterruptMode
                0x00000000       0x14 .\CortexM0\ARM_GCC_541\Debug\BuzzerProject.a(LED_1.o)
 .text.LED_1_ClearInterrupt
                0x00000000       0x10 .\CortexM0\ARM_GCC_541\Debug\BuzzerProject.a(LED_1.o)
 .text          0x00000000        0x0 .\CortexM0\ARM_GCC_541\Debug\BuzzerProject.a(Button_1.o)
 .data          0x00000000        0x0 .\CortexM0\ARM_GCC_541\Debug\BuzzerProject.a(Button_1.o)
 .bss           0x00000000        0x0 .\CortexM0\ARM_GCC_541\Debug\BuzzerProject.a(Button_1.o)
 .text.Button_1_SetDriveMode
                0x00000000       0x14 .\CortexM0\ARM_GCC_541\Debug\BuzzerProject.a(Button_1.o)
 .text.Button_1_Write
                0x00000000       0x18 .\CortexM0\ARM_GCC_541\Debug\BuzzerProject.a(Button_1.o)
 .text.Button_1_ReadDataReg
                0x00000000       0x10 .\CortexM0\ARM_GCC_541\Debug\BuzzerProject.a(Button_1.o)
 .text.Button_1_SetInterruptMode
                0x00000000       0x14 .\CortexM0\ARM_GCC_541\Debug\BuzzerProject.a(Button_1.o)
 .text.Button_1_ClearInterrupt
                0x00000000       0x14 .\CortexM0\ARM_GCC_541\Debug\BuzzerProject.a(Button_1.o)
 .text          0x00000000        0x0 .\CortexM0\ARM_GCC_541\Debug\BuzzerProject.a(LED_2.o)
 .data          0x00000000        0x0 .\CortexM0\ARM_GCC_541\Debug\BuzzerProject.a(LED_2.o)
 .bss           0x00000000        0x0 .\CortexM0\ARM_GCC_541\Debug\BuzzerProject.a(LED_2.o)
 .text.LED_2_SetDriveMode
                0x00000000       0x18 .\CortexM0\ARM_GCC_541\Debug\BuzzerProject.a(LED_2.o)
 .text.LED_2_Read
                0x00000000       0x10 .\CortexM0\ARM_GCC_541\Debug\BuzzerProject.a(LED_2.o)
 .text.LED_2_ReadDataReg
                0x00000000       0x10 .\CortexM0\ARM_GCC_541\Debug\BuzzerProject.a(LED_2.o)
 .text.LED_2_SetInterruptMode
                0x00000000       0x14 .\CortexM0\ARM_GCC_541\Debug\BuzzerProject.a(LED_2.o)
 .text.LED_2_ClearInterrupt
                0x00000000       0x14 .\CortexM0\ARM_GCC_541\Debug\BuzzerProject.a(LED_2.o)
 .text          0x00000000        0x0 .\CortexM0\ARM_GCC_541\Debug\BuzzerProject.a(Button_2.o)
 .data          0x00000000        0x0 .\CortexM0\ARM_GCC_541\Debug\BuzzerProject.a(Button_2.o)
 .bss           0x00000000        0x0 .\CortexM0\ARM_GCC_541\Debug\BuzzerProject.a(Button_2.o)
 .text.Button_2_SetDriveMode
                0x00000000       0x14 .\CortexM0\ARM_GCC_541\Debug\BuzzerProject.a(Button_2.o)
 .text.Button_2_Write
                0x00000000       0x18 .\CortexM0\ARM_GCC_541\Debug\BuzzerProject.a(Button_2.o)
 .text.Button_2_ReadDataReg
                0x00000000       0x10 .\CortexM0\ARM_GCC_541\Debug\BuzzerProject.a(Button_2.o)
 .text.Button_2_SetInterruptMode
                0x00000000       0x14 .\CortexM0\ARM_GCC_541\Debug\BuzzerProject.a(Button_2.o)
 .text.Button_2_ClearInterrupt
                0x00000000       0x10 .\CortexM0\ARM_GCC_541\Debug\BuzzerProject.a(Button_2.o)
 .text          0x00000000        0x0 .\CortexM0\ARM_GCC_541\Debug\BuzzerProject.a(LED_3.o)
 .data          0x00000000        0x0 .\CortexM0\ARM_GCC_541\Debug\BuzzerProject.a(LED_3.o)
 .bss           0x00000000        0x0 .\CortexM0\ARM_GCC_541\Debug\BuzzerProject.a(LED_3.o)
 .text.LED_3_SetDriveMode
                0x00000000       0x18 .\CortexM0\ARM_GCC_541\Debug\BuzzerProject.a(LED_3.o)
 .text.LED_3_Read
                0x00000000       0x10 .\CortexM0\ARM_GCC_541\Debug\BuzzerProject.a(LED_3.o)
 .text.LED_3_ReadDataReg
                0x00000000       0x10 .\CortexM0\ARM_GCC_541\Debug\BuzzerProject.a(LED_3.o)
 .text.LED_3_SetInterruptMode
                0x00000000       0x14 .\CortexM0\ARM_GCC_541\Debug\BuzzerProject.a(LED_3.o)
 .text.LED_3_ClearInterrupt
                0x00000000       0x14 .\CortexM0\ARM_GCC_541\Debug\BuzzerProject.a(LED_3.o)
 .text          0x00000000        0x0 .\CortexM0\ARM_GCC_541\Debug\BuzzerProject.a(Button_3.o)
 .data          0x00000000        0x0 .\CortexM0\ARM_GCC_541\Debug\BuzzerProject.a(Button_3.o)
 .bss           0x00000000        0x0 .\CortexM0\ARM_GCC_541\Debug\BuzzerProject.a(Button_3.o)
 .text.Button_3_SetDriveMode
                0x00000000       0x18 .\CortexM0\ARM_GCC_541\Debug\BuzzerProject.a(Button_3.o)
 .text.Button_3_Write
                0x00000000       0x18 .\CortexM0\ARM_GCC_541\Debug\BuzzerProject.a(Button_3.o)
 .text.Button_3_ReadDataReg
                0x00000000       0x10 .\CortexM0\ARM_GCC_541\Debug\BuzzerProject.a(Button_3.o)
 .text.Button_3_SetInterruptMode
                0x00000000       0x14 .\CortexM0\ARM_GCC_541\Debug\BuzzerProject.a(Button_3.o)
 .text.Button_3_ClearInterrupt
                0x00000000       0x14 .\CortexM0\ARM_GCC_541\Debug\BuzzerProject.a(Button_3.o)
 .text          0x00000000        0x0 .\CortexM0\ARM_GCC_541\Debug\BuzzerProject.a(LED_4.o)
 .data          0x00000000        0x0 .\CortexM0\ARM_GCC_541\Debug\BuzzerProject.a(LED_4.o)
 .bss           0x00000000        0x0 .\CortexM0\ARM_GCC_541\Debug\BuzzerProject.a(LED_4.o)
 .text.LED_4_SetDriveMode
                0x00000000       0x18 .\CortexM0\ARM_GCC_541\Debug\BuzzerProject.a(LED_4.o)
 .text.LED_4_Read
                0x00000000       0x10 .\CortexM0\ARM_GCC_541\Debug\BuzzerProject.a(LED_4.o)
 .text.LED_4_ReadDataReg
                0x00000000       0x10 .\CortexM0\ARM_GCC_541\Debug\BuzzerProject.a(LED_4.o)
 .text.LED_4_SetInterruptMode
                0x00000000       0x14 .\CortexM0\ARM_GCC_541\Debug\BuzzerProject.a(LED_4.o)
 .text.LED_4_ClearInterrupt
                0x00000000       0x14 .\CortexM0\ARM_GCC_541\Debug\BuzzerProject.a(LED_4.o)
 .text          0x00000000        0x0 .\CortexM0\ARM_GCC_541\Debug\BuzzerProject.a(Button_4.o)
 .data          0x00000000        0x0 .\CortexM0\ARM_GCC_541\Debug\BuzzerProject.a(Button_4.o)
 .bss           0x00000000        0x0 .\CortexM0\ARM_GCC_541\Debug\BuzzerProject.a(Button_4.o)
 .text.Button_4_SetDriveMode
                0x00000000       0x18 .\CortexM0\ARM_GCC_541\Debug\BuzzerProject.a(Button_4.o)
 .text.Button_4_Write
                0x00000000       0x18 .\CortexM0\ARM_GCC_541\Debug\BuzzerProject.a(Button_4.o)
 .text.Button_4_ReadDataReg
                0x00000000       0x10 .\CortexM0\ARM_GCC_541\Debug\BuzzerProject.a(Button_4.o)
 .text.Button_4_SetInterruptMode
                0x00000000       0x14 .\CortexM0\ARM_GCC_541\Debug\BuzzerProject.a(Button_4.o)
 .text.Button_4_ClearInterrupt
                0x00000000       0x14 .\CortexM0\ARM_GCC_541\Debug\BuzzerProject.a(Button_4.o)
 .text          0x00000000        0x0 .\CortexM0\ARM_GCC_541\Debug\BuzzerProject.a(Reset.o)
 .data          0x00000000        0x0 .\CortexM0\ARM_GCC_541\Debug\BuzzerProject.a(Reset.o)
 .bss           0x00000000        0x0 .\CortexM0\ARM_GCC_541\Debug\BuzzerProject.a(Reset.o)
 .text.Reset_SetDriveMode
                0x00000000       0x14 .\CortexM0\ARM_GCC_541\Debug\BuzzerProject.a(Reset.o)
 .text.Reset_Write
                0x00000000       0x18 .\CortexM0\ARM_GCC_541\Debug\BuzzerProject.a(Reset.o)
 .text.Reset_ReadDataReg
                0x00000000       0x10 .\CortexM0\ARM_GCC_541\Debug\BuzzerProject.a(Reset.o)
 .text.Reset_SetInterruptMode
                0x00000000       0x14 .\CortexM0\ARM_GCC_541\Debug\BuzzerProject.a(Reset.o)
 .text.Reset_ClearInterrupt
                0x00000000       0x10 .\CortexM0\ARM_GCC_541\Debug\BuzzerProject.a(Reset.o)
 .text          0x00000000        0x0 .\CortexM0\ARM_GCC_541\Debug\BuzzerProject.a(Buzzer_1.o)
 .data          0x00000000        0x0 .\CortexM0\ARM_GCC_541\Debug\BuzzerProject.a(Buzzer_1.o)
 .bss           0x00000000        0x0 .\CortexM0\ARM_GCC_541\Debug\BuzzerProject.a(Buzzer_1.o)
 .text.Buzzer_1_SetDriveMode
                0x00000000       0x18 .\CortexM0\ARM_GCC_541\Debug\BuzzerProject.a(Buzzer_1.o)
 .text.Buzzer_1_Read
                0x00000000       0x10 .\CortexM0\ARM_GCC_541\Debug\BuzzerProject.a(Buzzer_1.o)
 .text.Buzzer_1_ReadDataReg
                0x00000000       0x10 .\CortexM0\ARM_GCC_541\Debug\BuzzerProject.a(Buzzer_1.o)
 .text.Buzzer_1_SetInterruptMode
                0x00000000       0x14 .\CortexM0\ARM_GCC_541\Debug\BuzzerProject.a(Buzzer_1.o)
 .text.Buzzer_1_ClearInterrupt
                0x00000000       0x14 .\CortexM0\ARM_GCC_541\Debug\BuzzerProject.a(Buzzer_1.o)
 .text          0x00000000        0x0 .\CortexM0\ARM_GCC_541\Debug\BuzzerProject.a(Buzzer_2.o)
 .data          0x00000000        0x0 .\CortexM0\ARM_GCC_541\Debug\BuzzerProject.a(Buzzer_2.o)
 .bss           0x00000000        0x0 .\CortexM0\ARM_GCC_541\Debug\BuzzerProject.a(Buzzer_2.o)
 .text.Buzzer_2_SetDriveMode
                0x00000000       0x18 .\CortexM0\ARM_GCC_541\Debug\BuzzerProject.a(Buzzer_2.o)
 .text.Buzzer_2_Read
                0x00000000       0x10 .\CortexM0\ARM_GCC_541\Debug\BuzzerProject.a(Buzzer_2.o)
 .text.Buzzer_2_ReadDataReg
                0x00000000       0x10 .\CortexM0\ARM_GCC_541\Debug\BuzzerProject.a(Buzzer_2.o)
 .text.Buzzer_2_SetInterruptMode
                0x00000000       0x14 .\CortexM0\ARM_GCC_541\Debug\BuzzerProject.a(Buzzer_2.o)
 .text.Buzzer_2_ClearInterrupt
                0x00000000       0x14 .\CortexM0\ARM_GCC_541\Debug\BuzzerProject.a(Buzzer_2.o)
 .text          0x00000000        0x0 .\CortexM0\ARM_GCC_541\Debug\BuzzerProject.a(LCD_Char_1.o)
 .data          0x00000000        0x0 .\CortexM0\ARM_GCC_541\Debug\BuzzerProject.a(LCD_Char_1.o)
 .text.LCD_Char_1_PutChar
                0x00000000        0x8 .\CortexM0\ARM_GCC_541\Debug\BuzzerProject.a(LCD_Char_1.o)
 .text.LCD_Char_1_Stop
                0x00000000       0x14 .\CortexM0\ARM_GCC_541\Debug\BuzzerProject.a(LCD_Char_1.o)
 .text.LCD_Char_1_PrintInt8
                0x00000000       0x20 .\CortexM0\ARM_GCC_541\Debug\BuzzerProject.a(LCD_Char_1.o)
 .text.LCD_Char_1_PrintInt16
                0x00000000       0x14 .\CortexM0\ARM_GCC_541\Debug\BuzzerProject.a(LCD_Char_1.o)
 .text.LCD_Char_1_PrintInt32
                0x00000000       0x1c .\CortexM0\ARM_GCC_541\Debug\BuzzerProject.a(LCD_Char_1.o)
 .text.LCD_Char_1_PrintU32Number
                0x00000000       0x4c .\CortexM0\ARM_GCC_541\Debug\BuzzerProject.a(LCD_Char_1.o)
 .rodata        0x00000000       0x10 .\CortexM0\ARM_GCC_541\Debug\BuzzerProject.a(LCD_Char_1.o)
 .data          0x00000000        0x0 .\CortexM0\ARM_GCC_541\Debug\BuzzerProject.a(CyBootAsmGnu.o)
 .bss           0x00000000        0x0 .\CortexM0\ARM_GCC_541\Debug\BuzzerProject.a(CyBootAsmGnu.o)
 .text          0x00000000      0x114 c:/program files (x86)/cypress/psoc creator/4.1/psoc creator/import/gnu/arm/5.4.1/bin/../lib/gcc/arm-none-eabi/5.4.1/armv6-m\libgcc.a(_udivsi3.o)
 .data          0x00000000        0x0 c:/program files (x86)/cypress/psoc creator/4.1/psoc creator/import/gnu/arm/5.4.1/bin/../lib/gcc/arm-none-eabi/5.4.1/armv6-m\libgcc.a(_udivsi3.o)
 .bss           0x00000000        0x0 c:/program files (x86)/cypress/psoc creator/4.1/psoc creator/import/gnu/arm/5.4.1/bin/../lib/gcc/arm-none-eabi/5.4.1/armv6-m\libgcc.a(_udivsi3.o)
 .text          0x00000000        0x4 c:/program files (x86)/cypress/psoc creator/4.1/psoc creator/import/gnu/arm/5.4.1/bin/../lib/gcc/arm-none-eabi/5.4.1/armv6-m\libgcc.a(_dvmd_tls.o)
 .data          0x00000000        0x0 c:/program files (x86)/cypress/psoc creator/4.1/psoc creator/import/gnu/arm/5.4.1/bin/../lib/gcc/arm-none-eabi/5.4.1/armv6-m\libgcc.a(_dvmd_tls.o)
 .bss           0x00000000        0x0 c:/program files (x86)/cypress/psoc creator/4.1/psoc creator/import/gnu/arm/5.4.1/bin/../lib/gcc/arm-none-eabi/5.4.1/armv6-m\libgcc.a(_dvmd_tls.o)
 .text          0x00000000        0x0 c:/program files (x86)/cypress/psoc creator/4.1/psoc creator/import/gnu/arm/5.4.1/bin/../lib/gcc/arm-none-eabi/5.4.1/../../../../arm-none-eabi/lib/armv6-m\libg_nano.a(lib_a-errno.o)
 .data          0x00000000        0x0 c:/program files (x86)/cypress/psoc creator/4.1/psoc creator/import/gnu/arm/5.4.1/bin/../lib/gcc/arm-none-eabi/5.4.1/../../../../arm-none-eabi/lib/armv6-m\libg_nano.a(lib_a-errno.o)
 .bss           0x00000000        0x0 c:/program files (x86)/cypress/psoc creator/4.1/psoc creator/import/gnu/arm/5.4.1/bin/../lib/gcc/arm-none-eabi/5.4.1/../../../../arm-none-eabi/lib/armv6-m\libg_nano.a(lib_a-errno.o)
 .text          0x00000000        0x0 c:/program files (x86)/cypress/psoc creator/4.1/psoc creator/import/gnu/arm/5.4.1/bin/../lib/gcc/arm-none-eabi/5.4.1/../../../../arm-none-eabi/lib/armv6-m\libg_nano.a(lib_a-exit.o)
 .data          0x00000000        0x0 c:/program files (x86)/cypress/psoc creator/4.1/psoc creator/import/gnu/arm/5.4.1/bin/../lib/gcc/arm-none-eabi/5.4.1/../../../../arm-none-eabi/lib/armv6-m\libg_nano.a(lib_a-exit.o)
 .bss           0x00000000        0x0 c:/program files (x86)/cypress/psoc creator/4.1/psoc creator/import/gnu/arm/5.4.1/bin/../lib/gcc/arm-none-eabi/5.4.1/../../../../arm-none-eabi/lib/armv6-m\libg_nano.a(lib_a-exit.o)
 .text.exit     0x00000000       0x2c c:/program files (x86)/cypress/psoc creator/4.1/psoc creator/import/gnu/arm/5.4.1/bin/../lib/gcc/arm-none-eabi/5.4.1/../../../../arm-none-eabi/lib/armv6-m\libg_nano.a(lib_a-exit.o)
 .text          0x00000000        0x0 c:/program files (x86)/cypress/psoc creator/4.1/psoc creator/import/gnu/arm/5.4.1/bin/../lib/gcc/arm-none-eabi/5.4.1/../../../../arm-none-eabi/lib/armv6-m\libg_nano.a(lib_a-impure.o)
 .data          0x00000000        0x0 c:/program files (x86)/cypress/psoc creator/4.1/psoc creator/import/gnu/arm/5.4.1/bin/../lib/gcc/arm-none-eabi/5.4.1/../../../../arm-none-eabi/lib/armv6-m\libg_nano.a(lib_a-impure.o)
 .bss           0x00000000        0x0 c:/program files (x86)/cypress/psoc creator/4.1/psoc creator/import/gnu/arm/5.4.1/bin/../lib/gcc/arm-none-eabi/5.4.1/../../../../arm-none-eabi/lib/armv6-m\libg_nano.a(lib_a-impure.o)
 .rodata._global_impure_ptr
                0x00000000        0x4 c:/program files (x86)/cypress/psoc creator/4.1/psoc creator/import/gnu/arm/5.4.1/bin/../lib/gcc/arm-none-eabi/5.4.1/../../../../arm-none-eabi/lib/armv6-m\libg_nano.a(lib_a-impure.o)
 .text          0x00000000        0x0 c:/program files (x86)/cypress/psoc creator/4.1/psoc creator/import/gnu/arm/5.4.1/bin/../lib/gcc/arm-none-eabi/5.4.1/../../../../arm-none-eabi/lib/armv6-m\libg_nano.a(lib_a-init.o)
 .data          0x00000000        0x0 c:/program files (x86)/cypress/psoc creator/4.1/psoc creator/import/gnu/arm/5.4.1/bin/../lib/gcc/arm-none-eabi/5.4.1/../../../../arm-none-eabi/lib/armv6-m\libg_nano.a(lib_a-init.o)
 .bss           0x00000000        0x0 c:/program files (x86)/cypress/psoc creator/4.1/psoc creator/import/gnu/arm/5.4.1/bin/../lib/gcc/arm-none-eabi/5.4.1/../../../../arm-none-eabi/lib/armv6-m\libg_nano.a(lib_a-init.o)
 .text          0x00000000        0x0 c:/program files (x86)/cypress/psoc creator/4.1/psoc creator/import/gnu/arm/5.4.1/bin/../lib/gcc/arm-none-eabi/5.4.1/../../../../arm-none-eabi/lib/armv6-m\libg_nano.a(lib_a-memset.o)
 .data          0x00000000        0x0 c:/program files (x86)/cypress/psoc creator/4.1/psoc creator/import/gnu/arm/5.4.1/bin/../lib/gcc/arm-none-eabi/5.4.1/../../../../arm-none-eabi/lib/armv6-m\libg_nano.a(lib_a-memset.o)
 .bss           0x00000000        0x0 c:/program files (x86)/cypress/psoc creator/4.1/psoc creator/import/gnu/arm/5.4.1/bin/../lib/gcc/arm-none-eabi/5.4.1/../../../../arm-none-eabi/lib/armv6-m\libg_nano.a(lib_a-memset.o)
 .text          0x00000000        0x0 c:/program files (x86)/cypress/psoc creator/4.1/psoc creator/import/gnu/arm/5.4.1/bin/../lib/gcc/arm-none-eabi/5.4.1/armv6-m/crtend.o
 .data          0x00000000        0x0 c:/program files (x86)/cypress/psoc creator/4.1/psoc creator/import/gnu/arm/5.4.1/bin/../lib/gcc/arm-none-eabi/5.4.1/armv6-m/crtend.o
 .bss           0x00000000        0x0 c:/program files (x86)/cypress/psoc creator/4.1/psoc creator/import/gnu/arm/5.4.1/bin/../lib/gcc/arm-none-eabi/5.4.1/armv6-m/crtend.o
 .text          0x00000000        0x0 c:/program files (x86)/cypress/psoc creator/4.1/psoc creator/import/gnu/arm/5.4.1/bin/../lib/gcc/arm-none-eabi/5.4.1/armv6-m/crtn.o
 .data          0x00000000        0x0 c:/program files (x86)/cypress/psoc creator/4.1/psoc creator/import/gnu/arm/5.4.1/bin/../lib/gcc/arm-none-eabi/5.4.1/armv6-m/crtn.o
 .bss           0x00000000        0x0 c:/program files (x86)/cypress/psoc creator/4.1/psoc creator/import/gnu/arm/5.4.1/bin/../lib/gcc/arm-none-eabi/5.4.1/armv6-m/crtn.o

Memory Configuration

Name             Origin             Length             Attributes
rom              0x00000000         0x00008000         xr
ram              0x20000000         0x00001000         xrw
*default*        0x00000000         0xffffffff

Linker script and memory map

LOAD c:/program files (x86)/cypress/psoc creator/4.1/psoc creator/import/gnu/arm/5.4.1/bin/../lib/gcc/arm-none-eabi/5.4.1/armv6-m/crti.o
LOAD c:/program files (x86)/cypress/psoc creator/4.1/psoc creator/import/gnu/arm/5.4.1/bin/../lib/gcc/arm-none-eabi/5.4.1/armv6-m/crtbegin.o
LOAD c:/program files (x86)/cypress/psoc creator/4.1/psoc creator/import/gnu/arm/5.4.1/bin/../lib/gcc/arm-none-eabi/5.4.1/../../../../arm-none-eabi/lib/armv6-m/crt0.o
START GROUP
LOAD .\CortexM0\ARM_GCC_541\Debug\main.o
LOAD .\CortexM0\ARM_GCC_541\Debug\buzzerFuncs.o
LOAD .\CortexM0\ARM_GCC_541\Debug\cyfitter_cfg.o
LOAD .\CortexM0\ARM_GCC_541\Debug\cymetadata.o
LOAD .\CortexM0\ARM_GCC_541\Debug\Cm0Start.o
LOAD .\CortexM0\ARM_GCC_541\Debug\BuzzerProject.a
LOAD C:\Program Files (x86)\Cypress\PSoC Creator\4.1\PSoC Creator\psoc\content\cycomponentlibrary\CyComponentLibrary.cylib\CortexM0\ARM_GCC_541\Debug\CyComponentLibrary.a
END GROUP
START GROUP
LOAD c:/program files (x86)/cypress/psoc creator/4.1/psoc creator/import/gnu/arm/5.4.1/bin/../lib/gcc/arm-none-eabi/5.4.1/armv6-m\libgcc.a
LOAD c:/program files (x86)/cypress/psoc creator/4.1/psoc creator/import/gnu/arm/5.4.1/bin/../lib/gcc/arm-none-eabi/5.4.1/../../../../arm-none-eabi/lib/armv6-m\libg_nano.a
LOAD c:/program files (x86)/cypress/psoc creator/4.1/psoc creator/import/gnu/arm/5.4.1/bin/../lib/gcc/arm-none-eabi/5.4.1/../../../../arm-none-eabi/lib/armv6-m\libc_nano.a
END GROUP
START GROUP
LOAD c:/program files (x86)/cypress/psoc creator/4.1/psoc creator/import/gnu/arm/5.4.1/bin/../lib/gcc/arm-none-eabi/5.4.1/armv6-m\libgcc.a
LOAD c:/program files (x86)/cypress/psoc creator/4.1/psoc creator/import/gnu/arm/5.4.1/bin/../lib/gcc/arm-none-eabi/5.4.1/../../../../arm-none-eabi/lib/armv6-m\libc_nano.a
END GROUP
LOAD c:/program files (x86)/cypress/psoc creator/4.1/psoc creator/import/gnu/arm/5.4.1/bin/../lib/gcc/arm-none-eabi/5.4.1/armv6-m/crtend.o
LOAD c:/program files (x86)/cypress/psoc creator/4.1/psoc creator/import/gnu/arm/5.4.1/bin/../lib/gcc/arm-none-eabi/5.4.1/armv6-m/crtn.o
START GROUP
LOAD c:/program files (x86)/cypress/psoc creator/4.1/psoc creator/import/gnu/arm/5.4.1/bin/../lib/gcc/arm-none-eabi/5.4.1/armv6-m\libgcc.a
LOAD c:/program files (x86)/cypress/psoc creator/4.1/psoc creator/import/gnu/arm/5.4.1/bin/../lib/gcc/arm-none-eabi/5.4.1/../../../../arm-none-eabi/lib/armv6-m\libc.a
LOAD c:/program files (x86)/cypress/psoc creator/4.1/psoc creator/import/gnu/arm/5.4.1/bin/../lib/gcc/arm-none-eabi/5.4.1/../../../../arm-none-eabi/lib/armv6-m\libnosys.a
END GROUP
                0x00000000                CY_APPL_ORIGIN = 0x0
                0x00000080                CY_FLASH_ROW_SIZE = 0x80
                0x00000001                CY_APPL_NUM = 0x1
                0x00000001                CY_APPL_MAX = 0x1
                0x00000040                CY_METADATA_SIZE = 0x40
                0x00000000                CY_APPL_LOADABLE = 0x0
                0x00000000                CY_CHECKSUM_EXCLUDE_SIZE = ALIGN (0x0, CY_FLASH_ROW_SIZE)
                0x00000000                CY_APP_FOR_STACK_AND_COPIER = 0x0
                [!provide]                PROVIDE (__cy_heap_start, _end)
                0x00000001                PROVIDE (__cy_region_num, ((__cy_regions_end - __cy_regions) / 0x10))
                0x20001000                PROVIDE (__cy_stack, (ORIGIN (ram) + LENGTH (ram)))
                [!provide]                PROVIDE (__cy_heap_end, (__cy_stack - 0x400))

.cybootloader   0x00000000        0x0
 *(.cybootloader)
                0x00000000                appl1_start = CY_APPL_ORIGIN?CY_APPL_ORIGIN:ALIGN (CY_FLASH_ROW_SIZE)
                0x00003f80                appl2_start = (appl1_start + ALIGN ((((LENGTH (rom) - appl1_start) - (0x2 * CY_FLASH_ROW_SIZE)) / 0x2), CY_FLASH_ROW_SIZE))
                0x00000000                appl_start = (CY_APPL_NUM == 0x1)?appl1_start:appl2_start
                0x00000001                cy_project_type_bootloader = (appl_start == 0x0)?0x1:0x0
                0x00000000                cy_project_type_app_for_stack_and_copier = (CY_APP_FOR_STACK_AND_COPIER == 0x1)?0x1:0x0

.text           0x00000000      0xbbc
 CREATE_OBJECT_SYMBOLS
                0x00000000                PROVIDE (__cy_interrupt_vector, RomVectors)
 *(.romvectors)
 .romvectors    0x00000000       0x10 .\CortexM0\ARM_GCC_541\Debug\Cm0Start.o
                0x00000000                RomVectors
                0x00000001                ASSERT ((. != __cy_interrupt_vector), No interrupt vector)
                0x00000001                ASSERT (CY_APPL_ORIGIN?(SIZEOF (.cybootloader) <= CY_APPL_ORIGIN):0x1, Wrong image location)
                0x00000010                PROVIDE (__cy_reset, Reset)
 *(.text.Reset)
 .text.Reset    0x00000010        0x8 .\CortexM0\ARM_GCC_541\Debug\Cm0Start.o
                0x00000010                Reset
                0x00000001                ASSERT ((. != __cy_reset), No reset code)
 *(.psocinit)
 .psocinit      0x00000018      0x134 .\CortexM0\ARM_GCC_541\Debug\cyfitter_cfg.o
                0x00000074                cyfitter_cfg
                0x0000014c                . = MAX (., 0x100)
 *(.text .text.* .gnu.linkonce.t.*)
 .text          0x0000014c       0x60 c:/program files (x86)/cypress/psoc creator/4.1/psoc creator/import/gnu/arm/5.4.1/bin/../lib/gcc/arm-none-eabi/5.4.1/armv6-m/crtbegin.o
 .text.main     0x000001ac       0x74 .\CortexM0\ARM_GCC_541\Debug\main.o
                0x000001ac                main
 .text.readBuzzers
                0x00000220      0x18c .\CortexM0\ARM_GCC_541\Debug\buzzerFuncs.o
                0x00000220                readBuzzers
 .text.testBuzzers
                0x000003ac       0x78 .\CortexM0\ARM_GCC_541\Debug\buzzerFuncs.o
                0x000003ac                testBuzzers
 .text.CYMEMZERO
                0x00000424        0xc .\CortexM0\ARM_GCC_541\Debug\cyfitter_cfg.o
 .text.IntDefaultHandler
                0x00000430       0x10 .\CortexM0\ARM_GCC_541\Debug\Cm0Start.o
                0x00000430                IntDefaultHandler
 .text.Start_c  0x00000440       0x48 .\CortexM0\ARM_GCC_541\Debug\Cm0Start.o
                0x00000440                Start_c
 .text.initialize_psoc
                0x00000488       0x40 .\CortexM0\ARM_GCC_541\Debug\Cm0Start.o
                0x00000488                initialize_psoc
 .text.CyIntEnable
                0x000004c8       0x14 .\CortexM0\ARM_GCC_541\Debug\BuzzerProject.a(CyLib.o)
                0x000004c8                CyIntEnable
 .text.CyHalt   0x000004dc        0x4 .\CortexM0\ARM_GCC_541\Debug\BuzzerProject.a(CyLib.o)
                0x000004dc                CyHalt
 .text.CyIntSetVector
                0x000004e0       0x24 .\CortexM0\ARM_GCC_541\Debug\BuzzerProject.a(CyLib.o)
                0x000004e0                CyIntSetVector
 .text.CyDelay  0x00000504       0x30 .\CortexM0\ARM_GCC_541\Debug\BuzzerProject.a(CyLib.o)
                0x00000504                CyDelay
 .text.CyDelayUs
                0x00000534       0x14 .\CortexM0\ARM_GCC_541\Debug\BuzzerProject.a(CyLib.o)
                0x00000534                CyDelayUs
 .text.CySysClkWriteImoFreq
                0x00000548      0x164 .\CortexM0\ARM_GCC_541\Debug\BuzzerProject.a(CyLib.o)
                0x00000548                CySysClkWriteImoFreq
 .text.CySysWdtLocked
                0x000006ac       0x14 .\CortexM0\ARM_GCC_541\Debug\BuzzerProject.a(CyLFClk.o)
 .text.CySysWdtLock
                0x000006c0       0x1c .\CortexM0\ARM_GCC_541\Debug\BuzzerProject.a(CyLFClk.o)
                0x000006c0                CySysWdtLock
 .text.CySysWdtUnlock
                0x000006dc       0x30 .\CortexM0\ARM_GCC_541\Debug\BuzzerProject.a(CyLFClk.o)
                0x000006dc                CySysWdtUnlock
 .text.CySysWdtClearInterrupt
                0x0000070c       0x4c .\CortexM0\ARM_GCC_541\Debug\BuzzerProject.a(CyLFClk.o)
                0x0000070c                CySysWdtClearInterrupt
 .text.CySysWdtIsr
                0x00000758       0xa4 .\CortexM0\ARM_GCC_541\Debug\BuzzerProject.a(CyLFClk.o)
                0x00000758                CySysWdtIsr
 .text.LED_1_Write
                0x000007fc       0x18 .\CortexM0\ARM_GCC_541\Debug\BuzzerProject.a(LED_1.o)
                0x000007fc                LED_1_Write
 .text.Button_1_Read
                0x00000814       0x10 .\CortexM0\ARM_GCC_541\Debug\BuzzerProject.a(Button_1.o)
                0x00000814                Button_1_Read
 .text.LED_2_Write
                0x00000824       0x18 .\CortexM0\ARM_GCC_541\Debug\BuzzerProject.a(LED_2.o)
                0x00000824                LED_2_Write
 .text.Button_2_Read
                0x0000083c       0x10 .\CortexM0\ARM_GCC_541\Debug\BuzzerProject.a(Button_2.o)
                0x0000083c                Button_2_Read
 .text.LED_3_Write
                0x0000084c       0x18 .\CortexM0\ARM_GCC_541\Debug\BuzzerProject.a(LED_3.o)
                0x0000084c                LED_3_Write
 .text.Button_3_Read
                0x00000864       0x10 .\CortexM0\ARM_GCC_541\Debug\BuzzerProject.a(Button_3.o)
                0x00000864                Button_3_Read
 .text.LED_4_Write
                0x00000874       0x18 .\CortexM0\ARM_GCC_541\Debug\BuzzerProject.a(LED_4.o)
                0x00000874                LED_4_Write
 .text.Button_4_Read
                0x0000088c       0x10 .\CortexM0\ARM_GCC_541\Debug\BuzzerProject.a(Button_4.o)
                0x0000088c                Button_4_Read
 .text.Reset_Read
                0x0000089c       0x10 .\CortexM0\ARM_GCC_541\Debug\BuzzerProject.a(Reset.o)
                0x0000089c                Reset_Read
 .text.Buzzer_1_Write
                0x000008ac       0x18 .\CortexM0\ARM_GCC_541\Debug\BuzzerProject.a(Buzzer_1.o)
                0x000008ac                Buzzer_1_Write
 .text.Buzzer_2_Write
                0x000008c4       0x18 .\CortexM0\ARM_GCC_541\Debug\BuzzerProject.a(Buzzer_2.o)
                0x000008c4                Buzzer_2_Write
 .text.LCD_Char_1_WrCntrlNib
                0x000008dc       0x34 .\CortexM0\ARM_GCC_541\Debug\BuzzerProject.a(LCD_Char_1.o)
 .text.LCD_Char_1_WrDatNib
                0x00000910       0x44 .\CortexM0\ARM_GCC_541\Debug\BuzzerProject.a(LCD_Char_1.o)
 .text.LCD_Char_1_IsReady
                0x00000954       0xb4 .\CortexM0\ARM_GCC_541\Debug\BuzzerProject.a(LCD_Char_1.o)
                0x00000954                LCD_Char_1_IsReady
 .text.LCD_Char_1_WriteData
                0x00000a08       0x18 .\CortexM0\ARM_GCC_541\Debug\BuzzerProject.a(LCD_Char_1.o)
                0x00000a08                LCD_Char_1_WriteData
 .text.LCD_Char_1_PrintString
                0x00000a20       0x1c .\CortexM0\ARM_GCC_541\Debug\BuzzerProject.a(LCD_Char_1.o)
                0x00000a20                LCD_Char_1_PrintString
 .text.LCD_Char_1_WriteControl
                0x00000a3c       0x18 .\CortexM0\ARM_GCC_541\Debug\BuzzerProject.a(LCD_Char_1.o)
                0x00000a3c                LCD_Char_1_WriteControl
 .text.LCD_Char_1_Init
                0x00000a54       0x6c .\CortexM0\ARM_GCC_541\Debug\BuzzerProject.a(LCD_Char_1.o)
                0x00000a54                LCD_Char_1_Init
 .text.LCD_Char_1_Enable
                0x00000ac0       0x14 .\CortexM0\ARM_GCC_541\Debug\BuzzerProject.a(LCD_Char_1.o)
                0x00000ac0                LCD_Char_1_Enable
 .text.LCD_Char_1_Start
                0x00000ad4       0x20 .\CortexM0\ARM_GCC_541\Debug\BuzzerProject.a(LCD_Char_1.o)
                0x00000ad4                LCD_Char_1_Start
 .text.LCD_Char_1_Position
                0x00000af4       0x3c .\CortexM0\ARM_GCC_541\Debug\BuzzerProject.a(LCD_Char_1.o)
                0x00000af4                LCD_Char_1_Position
 .text          0x00000b30       0x24 .\CortexM0\ARM_GCC_541\Debug\BuzzerProject.a(CyBootAsmGnu.o)
                0x00000b30                CyDelayCycles
                0x00000b44                CyEnterCriticalSection
                0x00000b4c                CyExitCriticalSection
 .text.__errno  0x00000b54        0xc c:/program files (x86)/cypress/psoc creator/4.1/psoc creator/import/gnu/arm/5.4.1/bin/../lib/gcc/arm-none-eabi/5.4.1/../../../../arm-none-eabi/lib/armv6-m\libg_nano.a(lib_a-errno.o)
                0x00000b54                __errno
 .text.__libc_init_array
                0x00000b60       0x4c c:/program files (x86)/cypress/psoc creator/4.1/psoc creator/import/gnu/arm/5.4.1/bin/../lib/gcc/arm-none-eabi/5.4.1/../../../../arm-none-eabi/lib/armv6-m\libg_nano.a(lib_a-init.o)
                0x00000b60                __libc_init_array
 .text.memset   0x00000bac       0x10 c:/program files (x86)/cypress/psoc creator/4.1/psoc creator/import/gnu/arm/5.4.1/bin/../lib/gcc/arm-none-eabi/5.4.1/../../../../arm-none-eabi/lib/armv6-m\libg_nano.a(lib_a-memset.o)
                0x00000bac                memset
 *(.plt)
 *(.gnu.warning)
 *(.glue_7t)
 .glue_7t       0x00000bbc        0x0 linker stubs
 *(.glue_7)
 .glue_7        0x00000bbc        0x0 linker stubs
 *(.vfp11_veneer)
 .vfp11_veneer  0x00000bbc        0x0 linker stubs
 *(.bootloader)
 *(.ARM.extab* .gnu.linkonce.armextab.*)
 *(.gcc_except_table)

.v4_bx          0x00000bbc        0x0
 .v4_bx         0x00000bbc        0x0 linker stubs

.iplt           0x00000bbc        0x0
 .iplt          0x00000bbc        0x0 c:/program files (x86)/cypress/psoc creator/4.1/psoc creator/import/gnu/arm/5.4.1/bin/../lib/gcc/arm-none-eabi/5.4.1/armv6-m/crtbegin.o

.eh_frame_hdr
 *(.eh_frame_hdr)

.eh_frame       0x00000bbc        0x4
 *(.eh_frame)
 .eh_frame      0x00000bbc        0x0 c:/program files (x86)/cypress/psoc creator/4.1/psoc creator/import/gnu/arm/5.4.1/bin/../lib/gcc/arm-none-eabi/5.4.1/armv6-m/crtbegin.o
 .eh_frame      0x00000bbc        0x4 c:/program files (x86)/cypress/psoc creator/4.1/psoc creator/import/gnu/arm/5.4.1/bin/../lib/gcc/arm-none-eabi/5.4.1/armv6-m/crtend.o
                [!provide]                PROVIDE (__exidx_start, .)

.ARM.exidx
 *(.ARM.exidx* .gnu.linkonce.armexidx.*)
                0x00000bc0                __exidx_end = .

.rodata         0x00000bc0       0xf0
 *(.rodata .rodata.* .gnu.linkonce.r.*)
 .rodata.str1.4
                0x00000bc0       0x2a .\CortexM0\ARM_GCC_541\Debug\main.o
 *fill*         0x00000bea        0x2 
 .rodata.str1.4
                0x00000bec       0x50 .\CortexM0\ARM_GCC_541\Debug\buzzerFuncs.o
                                 0x4f (size before relaxing)
 .rodata        0x00000c3c        0xc .\CortexM0\ARM_GCC_541\Debug\cyfitter_cfg.o
 .rodata        0x00000c48       0x2e .\CortexM0\ARM_GCC_541\Debug\BuzzerProject.a(CyLib.o)
                0x00000c48                cyImoFreqMhz2Reg
 .rodata.str1.1
                0x00000c76        0x2 c:/program files (x86)/cypress/psoc creator/4.1/psoc creator/import/gnu/arm/5.4.1/bin/../lib/gcc/arm-none-eabi/5.4.1/../../../../arm-none-eabi/lib/armv6-m\libg_nano.a(lib_a-impure.o)
                0x00000c78                . = ALIGN (0x4)
 *(.init)
 .init          0x00000c78        0x4 c:/program files (x86)/cypress/psoc creator/4.1/psoc creator/import/gnu/arm/5.4.1/bin/../lib/gcc/arm-none-eabi/5.4.1/armv6-m/crti.o
                0x00000c78                _init
 .init          0x00000c7c        0x8 c:/program files (x86)/cypress/psoc creator/4.1/psoc creator/import/gnu/arm/5.4.1/bin/../lib/gcc/arm-none-eabi/5.4.1/armv6-m/crtn.o
                0x00000c84                . = ALIGN (0x4)
                0x00000c84                __preinit_array_start = .
 *(.preinit_array)
                0x00000c84                __preinit_array_end = .
                0x00000c84                . = ALIGN (0x4)
                0x00000c84                __init_array_start = .
 *(SORT(.init_array.*))
 *(.init_array)
 .init_array    0x00000c84        0x4 c:/program files (x86)/cypress/psoc creator/4.1/psoc creator/import/gnu/arm/5.4.1/bin/../lib/gcc/arm-none-eabi/5.4.1/armv6-m/crtbegin.o
 .init_array    0x00000c88        0x4 .\CortexM0\ARM_GCC_541\Debug\Cm0Start.o
                0x00000c8c                __init_array_end = .
                0x00000c8c                . = ALIGN (0x4)
 *(.fini)
 .fini          0x00000c8c        0x4 c:/program files (x86)/cypress/psoc creator/4.1/psoc creator/import/gnu/arm/5.4.1/bin/../lib/gcc/arm-none-eabi/5.4.1/armv6-m/crti.o
                0x00000c8c                _fini
 .fini          0x00000c90        0x8 c:/program files (x86)/cypress/psoc creator/4.1/psoc creator/import/gnu/arm/5.4.1/bin/../lib/gcc/arm-none-eabi/5.4.1/armv6-m/crtn.o
                0x00000c98                . = ALIGN (0x4)
                0x00000c98                __fini_array_start = .
 *(.fini_array)
 .fini_array    0x00000c98        0x4 c:/program files (x86)/cypress/psoc creator/4.1/psoc creator/import/gnu/arm/5.4.1/bin/../lib/gcc/arm-none-eabi/5.4.1/armv6-m/crtbegin.o
 *(SORT(.fini_array.*))
                0x00000c9c                __fini_array_end = .
                0x00000c9c                . = ALIGN (0x4)
 *crtbegin.o(.ctors)
 *(EXCLUDE_FILE(*crtend.o) .ctors)
 *(SORT(.ctors.*))
 *crtend.o(.ctors)
                0x00000c9c                . = ALIGN (0x4)
 *crtbegin.o(.dtors)
 *(EXCLUDE_FILE(*crtend.o) .dtors)
 *(SORT(.dtors.*))
 *crtend.o(.dtors)
                0x00000c9c                . = ALIGN (0x4)
                0x00000c9c                __cy_regions = .
                0x00000c9c        0x4 LONG 0xcb0 __cy_region_init_ram
                0x00000ca0        0x4 LONG 0x200000c0 __cy_region_start_data
                0x00000ca4        0x4 LONG 0x80 __cy_region_init_size_ram
                0x00000ca8        0x4 LONG 0x48 __cy_region_zero_size_ram
                0x00000cac                __cy_regions_end = .
                0x00000cb0                . = ALIGN (0x8)
 *fill*         0x00000cac        0x4 
                0x00000cb0                _etext = .

.cy_checksum_exclude
                0x00000cb0        0x0
 *(.cy_checksum_exclude)

.ramvectors     0x20000000       0xc0
                0x20000000                __cy_region_start_ram = .
 *(.ramvectors)
 .ramvectors    0x20000000       0xc0 .\CortexM0\ARM_GCC_541\Debug\Cm0Start.o
                0x20000000                CyRamVectors

.noinit
 *(.noinit)

.data           0x200000c0       0x80 load address 0x00000cb0
                0x200000c0                __cy_region_start_data = .
 *(.jcr)
 .jcr           0x200000c0        0x0 c:/program files (x86)/cypress/psoc creator/4.1/psoc creator/import/gnu/arm/5.4.1/bin/../lib/gcc/arm-none-eabi/5.4.1/armv6-m/crtbegin.o
 .jcr           0x200000c0        0x4 c:/program files (x86)/cypress/psoc creator/4.1/psoc creator/import/gnu/arm/5.4.1/bin/../lib/gcc/arm-none-eabi/5.4.1/armv6-m/crtend.o
 *(.got.plt)
 *(.got)
 *(.shdata)
 *(.data .data.* .gnu.linkonce.d.*)
 .data          0x200000c4       0x14 .\CortexM0\ARM_GCC_541\Debug\BuzzerProject.a(CyLib.o)
                0x200000c4                CySysClkPumpConfig
                0x200000c8                cydelay32kMs
                0x200000cc                cydelayFreqKhz
                0x200000d0                cydelayFreqMhz
                0x200000d4                cydelayFreqHz
 .data          0x200000d8        0x4 .\CortexM0\ARM_GCC_541\Debug\BuzzerProject.a(CyLFClk.o)
 .data.impure_data
                0x200000dc       0x60 c:/program files (x86)/cypress/psoc creator/4.1/psoc creator/import/gnu/arm/5.4.1/bin/../lib/gcc/arm-none-eabi/5.4.1/../../../../arm-none-eabi/lib/armv6-m\libg_nano.a(lib_a-impure.o)
 .data._impure_ptr
                0x2000013c        0x4 c:/program files (x86)/cypress/psoc creator/4.1/psoc creator/import/gnu/arm/5.4.1/bin/../lib/gcc/arm-none-eabi/5.4.1/../../../../arm-none-eabi/lib/armv6-m\libg_nano.a(lib_a-impure.o)
                0x2000013c                _impure_ptr
                0x20000140                . = ALIGN (0x8)
 *(.ram)
                0x20000140                _edata = .

.igot.plt       0x20000140        0x0 load address 0x00000d30
 .igot.plt      0x20000140        0x0 c:/program files (x86)/cypress/psoc creator/4.1/psoc creator/import/gnu/arm/5.4.1/bin/../lib/gcc/arm-none-eabi/5.4.1/armv6-m/crtbegin.o

.bss            0x20000140       0x48 load address 0x00000d30
                0x20000140                PROVIDE (__bss_start__, .)
 *(.shbss)
 *(.bss .bss.* .gnu.linkonce.b.*)
 .bss           0x20000140       0x1c c:/program files (x86)/cypress/psoc creator/4.1/psoc creator/import/gnu/arm/5.4.1/bin/../lib/gcc/arm-none-eabi/5.4.1/armv6-m/crtbegin.o
 .bss           0x2000015c        0x4 .\CortexM0\ARM_GCC_541\Debug\buzzerFuncs.o
                0x2000015c                buttonOn
 .bss           0x20000160       0x20 .\CortexM0\ARM_GCC_541\Debug\BuzzerProject.a(CyLFClk.o)
 .bss           0x20000180        0x2 .\CortexM0\ARM_GCC_541\Debug\BuzzerProject.a(LCD_Char_1.o)
                0x20000180                LCD_Char_1_enableState
                0x20000181                LCD_Char_1_initVar
 *(COMMON)
                0x20000188                . = ALIGN (0x8)
 *fill*         0x20000182        0x6 
 *(.ram.b)
                0x20000188                _end = .
                0x20000188                __end = .
                0x20000188                PROVIDE (end, .)
                0x20000188                PROVIDE (__bss_end__, .)
                0x00000cb0                __cy_region_init_ram = LOADADDR (.data)
                0x00000080                __cy_region_init_size_ram = (_edata - ADDR (.data))
                0x00000048                __cy_region_zero_size_ram = (_end - _edata)

.heap           0x20000188       0x80 load address 0x00000d30
                0x20000188                . = _end
                0x20000208                . = (. + 0x80)
 *fill*         0x20000188       0x80 
                0x20000208                __cy_heap_limit = .

.stack          0x20000c00      0x400
                0x20000c00                __cy_stack_limit = .
                0x20001000                . = (. + 0x400)
 *fill*         0x20000c00      0x400 
                0x00000001                ASSERT ((__cy_stack_limit >= __cy_heap_limit), region RAM overflowed with stack)
                0x00000000                cy_checksum_exclude_size = (CY_APPL_LOADABLE == 0x1)?SIZEOF (.cy_checksum_exclude):0x0
                0x00000001                ASSERT ((cy_checksum_exclude_size <= CY_CHECKSUM_EXCLUDE_SIZE), CY_BOOT: Section .cy_checksum_exclude size exceedes specified limit.)
                0x00007fc0                cyloadermeta_start = (cy_project_type_bootloader || cy_project_type_app_for_stack_and_copier)?(LENGTH (rom) - CY_METADATA_SIZE):0xf0000000

.cyloadermeta
 *(.cyloadermeta)
                0x00007fc0                cyloadablemeta_start = cy_project_type_app_for_stack_and_copier?((LENGTH (rom) - CY_FLASH_ROW_SIZE) - CY_METADATA_SIZE):((LENGTH (rom) - (CY_FLASH_ROW_SIZE * (CY_APPL_NUM - 0x1))) - CY_METADATA_SIZE)

.cyloadablemeta
 *(.cyloadablemeta)

.cyflashprotect
                0x90400000       0x20
 *(.cyflashprotect)
 .cyflashprotect
                0x90400000       0x20 .\CortexM0\ARM_GCC_541\Debug\cymetadata.o
                0x90400000                cy_meta_flashprotect

.cymeta         0x90500000        0xc
 *(.cymeta)
 .cymeta        0x90500000        0xc .\CortexM0\ARM_GCC_541\Debug\cymetadata.o
                0x90500000                cy_metadata

.cychipprotect  0x90600000        0x1
 *(.cychipprotect)
 .cychipprotect
                0x90600000        0x1 .\CortexM0\ARM_GCC_541\Debug\cymetadata.o
                0x90600000                cy_meta_chipprotect

.rel.dyn        0x00000d30        0x0 load address 0x90600004
 .rel.iplt      0x00000d30        0x0 c:/program files (x86)/cypress/psoc creator/4.1/psoc creator/import/gnu/arm/5.4.1/bin/../lib/gcc/arm-none-eabi/5.4.1/armv6-m/crtbegin.o

.stab
 *(.stab)

.stabstr
 *(.stabstr)

.debug
 *(.debug)

.line
 *(.line)

.debug_srcinfo
 *(.debug_srcinfo)

.debug_sfnames
 *(.debug_sfnames)

.debug_aranges  0x00000000      0x760
 *(.debug_aranges)
 .debug_aranges
                0x00000000       0x20 .\CortexM0\ARM_GCC_541\Debug\main.o
 .debug_aranges
                0x00000020       0x28 .\CortexM0\ARM_GCC_541\Debug\buzzerFuncs.o
 .debug_aranges
                0x00000048       0x30 .\CortexM0\ARM_GCC_541\Debug\cyfitter_cfg.o
 .debug_aranges
                0x00000078       0x18 .\CortexM0\ARM_GCC_541\Debug\cymetadata.o
 .debug_aranges
                0x00000090       0x48 .\CortexM0\ARM_GCC_541\Debug\Cm0Start.o
 .debug_aranges
                0x000000d8      0x180 .\CortexM0\ARM_GCC_541\Debug\BuzzerProject.a(CyLib.o)
 .debug_aranges
                0x00000258      0x138 .\CortexM0\ARM_GCC_541\Debug\BuzzerProject.a(CyLFClk.o)
 .debug_aranges
                0x00000390       0x48 .\CortexM0\ARM_GCC_541\Debug\BuzzerProject.a(LED_1.o)
 .debug_aranges
                0x000003d8       0x48 .\CortexM0\ARM_GCC_541\Debug\BuzzerProject.a(Button_1.o)
 .debug_aranges
                0x00000420       0x48 .\CortexM0\ARM_GCC_541\Debug\BuzzerProject.a(LED_2.o)
 .debug_aranges
                0x00000468       0x48 .\CortexM0\ARM_GCC_541\Debug\BuzzerProject.a(Button_2.o)
 .debug_aranges
                0x000004b0       0x48 .\CortexM0\ARM_GCC_541\Debug\BuzzerProject.a(LED_3.o)
 .debug_aranges
                0x000004f8       0x48 .\CortexM0\ARM_GCC_541\Debug\BuzzerProject.a(Button_3.o)
 .debug_aranges
                0x00000540       0x48 .\CortexM0\ARM_GCC_541\Debug\BuzzerProject.a(LED_4.o)
 .debug_aranges
                0x00000588       0x48 .\CortexM0\ARM_GCC_541\Debug\BuzzerProject.a(Button_4.o)
 .debug_aranges
                0x000005d0       0x48 .\CortexM0\ARM_GCC_541\Debug\BuzzerProject.a(Reset.o)
 .debug_aranges
                0x00000618       0x48 .\CortexM0\ARM_GCC_541\Debug\BuzzerProject.a(Buzzer_1.o)
 .debug_aranges
                0x00000660       0x48 .\CortexM0\ARM_GCC_541\Debug\BuzzerProject.a(Buzzer_2.o)
 .debug_aranges
                0x000006a8       0x98 .\CortexM0\ARM_GCC_541\Debug\BuzzerProject.a(LCD_Char_1.o)
 .debug_aranges
                0x00000740       0x20 .\CortexM0\ARM_GCC_541\Debug\BuzzerProject.a(CyBootAsmGnu.o)

.debug_pubnames
 *(.debug_pubnames)

.debug_info     0x00000000     0x3f84
 *(.debug_info .gnu.linkonce.wi.*)
 .debug_info    0x00000000      0x282 .\CortexM0\ARM_GCC_541\Debug\main.o
 .debug_info    0x00000282      0x46a .\CortexM0\ARM_GCC_541\Debug\buzzerFuncs.o
 .debug_info    0x000006ec      0x278 .\CortexM0\ARM_GCC_541\Debug\cyfitter_cfg.o
 .debug_info    0x00000964       0xf8 .\CortexM0\ARM_GCC_541\Debug\cymetadata.o
 .debug_info    0x00000a5c      0x3a2 .\CortexM0\ARM_GCC_541\Debug\Cm0Start.o
 .debug_info    0x00000dfe      0xafc .\CortexM0\ARM_GCC_541\Debug\BuzzerProject.a(CyLib.o)
 .debug_info    0x000018fa      0xcfe .\CortexM0\ARM_GCC_541\Debug\BuzzerProject.a(CyLFClk.o)
 .debug_info    0x000025f8      0x19b .\CortexM0\ARM_GCC_541\Debug\BuzzerProject.a(LED_1.o)
 .debug_info    0x00002793      0x19d .\CortexM0\ARM_GCC_541\Debug\BuzzerProject.a(Button_1.o)
 .debug_info    0x00002930      0x19d .\CortexM0\ARM_GCC_541\Debug\BuzzerProject.a(LED_2.o)
 .debug_info    0x00002acd      0x19b .\CortexM0\ARM_GCC_541\Debug\BuzzerProject.a(Button_2.o)
 .debug_info    0x00002c68      0x19d .\CortexM0\ARM_GCC_541\Debug\BuzzerProject.a(LED_3.o)
 .debug_info    0x00002e05      0x19d .\CortexM0\ARM_GCC_541\Debug\BuzzerProject.a(Button_3.o)
 .debug_info    0x00002fa2      0x19d .\CortexM0\ARM_GCC_541\Debug\BuzzerProject.a(LED_4.o)
 .debug_info    0x0000313f      0x19d .\CortexM0\ARM_GCC_541\Debug\BuzzerProject.a(Button_4.o)
 .debug_info    0x000032dc      0x19b .\CortexM0\ARM_GCC_541\Debug\BuzzerProject.a(Reset.o)
 .debug_info    0x00003477      0x19d .\CortexM0\ARM_GCC_541\Debug\BuzzerProject.a(Buzzer_1.o)
 .debug_info    0x00003614      0x19d .\CortexM0\ARM_GCC_541\Debug\BuzzerProject.a(Buzzer_2.o)
 .debug_info    0x000037b1      0x721 .\CortexM0\ARM_GCC_541\Debug\BuzzerProject.a(LCD_Char_1.o)
 .debug_info    0x00003ed2       0xb2 .\CortexM0\ARM_GCC_541\Debug\BuzzerProject.a(CyBootAsmGnu.o)

.debug_abbrev   0x00000000     0x1313
 *(.debug_abbrev)
 .debug_abbrev  0x00000000       0xac .\CortexM0\ARM_GCC_541\Debug\main.o
 .debug_abbrev  0x000000ac       0xd6 .\CortexM0\ARM_GCC_541\Debug\buzzerFuncs.o
 .debug_abbrev  0x00000182      0x150 .\CortexM0\ARM_GCC_541\Debug\cyfitter_cfg.o
 .debug_abbrev  0x000002d2       0x5d .\CortexM0\ARM_GCC_541\Debug\cymetadata.o
 .debug_abbrev  0x0000032f      0x1d7 .\CortexM0\ARM_GCC_541\Debug\Cm0Start.o
 .debug_abbrev  0x00000506      0x1e0 .\CortexM0\ARM_GCC_541\Debug\BuzzerProject.a(CyLib.o)
 .debug_abbrev  0x000006e6      0x210 .\CortexM0\ARM_GCC_541\Debug\BuzzerProject.a(CyLFClk.o)
 .debug_abbrev  0x000008f6       0xc8 .\CortexM0\ARM_GCC_541\Debug\BuzzerProject.a(LED_1.o)
 .debug_abbrev  0x000009be       0xc8 .\CortexM0\ARM_GCC_541\Debug\BuzzerProject.a(Button_1.o)
 .debug_abbrev  0x00000a86       0xc8 .\CortexM0\ARM_GCC_541\Debug\BuzzerProject.a(LED_2.o)
 .debug_abbrev  0x00000b4e       0xc8 .\CortexM0\ARM_GCC_541\Debug\BuzzerProject.a(Button_2.o)
 .debug_abbrev  0x00000c16       0xc8 .\CortexM0\ARM_GCC_541\Debug\BuzzerProject.a(LED_3.o)
 .debug_abbrev  0x00000cde       0xc8 .\CortexM0\ARM_GCC_541\Debug\BuzzerProject.a(Button_3.o)
 .debug_abbrev  0x00000da6       0xc8 .\CortexM0\ARM_GCC_541\Debug\BuzzerProject.a(LED_4.o)
 .debug_abbrev  0x00000e6e       0xc8 .\CortexM0\ARM_GCC_541\Debug\BuzzerProject.a(Button_4.o)
 .debug_abbrev  0x00000f36       0xc8 .\CortexM0\ARM_GCC_541\Debug\BuzzerProject.a(Reset.o)
 .debug_abbrev  0x00000ffe       0xc8 .\CortexM0\ARM_GCC_541\Debug\BuzzerProject.a(Buzzer_1.o)
 .debug_abbrev  0x000010c6       0xc8 .\CortexM0\ARM_GCC_541\Debug\BuzzerProject.a(Buzzer_2.o)
 .debug_abbrev  0x0000118e      0x171 .\CortexM0\ARM_GCC_541\Debug\BuzzerProject.a(LCD_Char_1.o)
 .debug_abbrev  0x000012ff       0x14 .\CortexM0\ARM_GCC_541\Debug\BuzzerProject.a(CyBootAsmGnu.o)

.debug_line     0x00000000     0x1a72
 *(.debug_line)
 .debug_line    0x00000000       0xc7 .\CortexM0\ARM_GCC_541\Debug\main.o
 .debug_line    0x000000c7      0x1b8 .\CortexM0\ARM_GCC_541\Debug\buzzerFuncs.o
 .debug_line    0x0000027f      0x134 .\CortexM0\ARM_GCC_541\Debug\cyfitter_cfg.o
 .debug_line    0x000003b3      0x141 .\CortexM0\ARM_GCC_541\Debug\cymetadata.o
 .debug_line    0x000004f4      0x235 .\CortexM0\ARM_GCC_541\Debug\Cm0Start.o
 .debug_line    0x00000729      0x45f .\CortexM0\ARM_GCC_541\Debug\BuzzerProject.a(CyLib.o)
 .debug_line    0x00000b88      0x466 .\CortexM0\ARM_GCC_541\Debug\BuzzerProject.a(CyLFClk.o)
 .debug_line    0x00000fee       0xbc .\CortexM0\ARM_GCC_541\Debug\BuzzerProject.a(LED_1.o)
 .debug_line    0x000010aa       0xc0 .\CortexM0\ARM_GCC_541\Debug\BuzzerProject.a(Button_1.o)
 .debug_line    0x0000116a       0xbd .\CortexM0\ARM_GCC_541\Debug\BuzzerProject.a(LED_2.o)
 .debug_line    0x00001227       0xbf .\CortexM0\ARM_GCC_541\Debug\BuzzerProject.a(Button_2.o)
 .debug_line    0x000012e6       0xbd .\CortexM0\ARM_GCC_541\Debug\BuzzerProject.a(LED_3.o)
 .debug_line    0x000013a3       0xc0 .\CortexM0\ARM_GCC_541\Debug\BuzzerProject.a(Button_3.o)
 .debug_line    0x00001463       0xbd .\CortexM0\ARM_GCC_541\Debug\BuzzerProject.a(LED_4.o)
 .debug_line    0x00001520       0xc0 .\CortexM0\ARM_GCC_541\Debug\BuzzerProject.a(Button_4.o)
 .debug_line    0x000015e0       0xbc .\CortexM0\ARM_GCC_541\Debug\BuzzerProject.a(Reset.o)
 .debug_line    0x0000169c       0xc0 .\CortexM0\ARM_GCC_541\Debug\BuzzerProject.a(Buzzer_1.o)
 .debug_line    0x0000175c       0xc0 .\CortexM0\ARM_GCC_541\Debug\BuzzerProject.a(Buzzer_2.o)
 .debug_line    0x0000181c      0x1ed .\CortexM0\ARM_GCC_541\Debug\BuzzerProject.a(LCD_Char_1.o)
 .debug_line    0x00001a09       0x69 .\CortexM0\ARM_GCC_541\Debug\BuzzerProject.a(CyBootAsmGnu.o)

.debug_frame    0x00000000     0x1094
 *(.debug_frame)
 .debug_frame   0x00000000       0x2c .\CortexM0\ARM_GCC_541\Debug\main.o
 .debug_frame   0x0000002c       0x48 .\CortexM0\ARM_GCC_541\Debug\buzzerFuncs.o
 .debug_frame   0x00000074       0x68 .\CortexM0\ARM_GCC_541\Debug\cyfitter_cfg.o
 .debug_frame   0x000000dc       0xbc .\CortexM0\ARM_GCC_541\Debug\Cm0Start.o
 .debug_frame   0x00000198      0x3e0 .\CortexM0\ARM_GCC_541\Debug\BuzzerProject.a(CyLib.o)
 .debug_frame   0x00000578      0x3a8 .\CortexM0\ARM_GCC_541\Debug\BuzzerProject.a(CyLFClk.o)
 .debug_frame   0x00000920       0x70 .\CortexM0\ARM_GCC_541\Debug\BuzzerProject.a(LED_1.o)
 .debug_frame   0x00000990       0x70 .\CortexM0\ARM_GCC_541\Debug\BuzzerProject.a(Button_1.o)
 .debug_frame   0x00000a00       0x70 .\CortexM0\ARM_GCC_541\Debug\BuzzerProject.a(LED_2.o)
 .debug_frame   0x00000a70       0x70 .\CortexM0\ARM_GCC_541\Debug\BuzzerProject.a(Button_2.o)
 .debug_frame   0x00000ae0       0x70 .\CortexM0\ARM_GCC_541\Debug\BuzzerProject.a(LED_3.o)
 .debug_frame   0x00000b50       0x70 .\CortexM0\ARM_GCC_541\Debug\BuzzerProject.a(Button_3.o)
 .debug_frame   0x00000bc0       0x70 .\CortexM0\ARM_GCC_541\Debug\BuzzerProject.a(LED_4.o)
 .debug_frame   0x00000c30       0x70 .\CortexM0\ARM_GCC_541\Debug\BuzzerProject.a(Button_4.o)
 .debug_frame   0x00000ca0       0x70 .\CortexM0\ARM_GCC_541\Debug\BuzzerProject.a(Reset.o)
 .debug_frame   0x00000d10       0x70 .\CortexM0\ARM_GCC_541\Debug\BuzzerProject.a(Buzzer_1.o)
 .debug_frame   0x00000d80       0x70 .\CortexM0\ARM_GCC_541\Debug\BuzzerProject.a(Buzzer_2.o)
 .debug_frame   0x00000df0      0x1f0 .\CortexM0\ARM_GCC_541\Debug\BuzzerProject.a(LCD_Char_1.o)
 .debug_frame   0x00000fe0       0x20 c:/program files (x86)/cypress/psoc creator/4.1/psoc creator/import/gnu/arm/5.4.1/bin/../lib/gcc/arm-none-eabi/5.4.1/armv6-m\libgcc.a(_udivsi3.o)
 .debug_frame   0x00001000       0x20 c:/program files (x86)/cypress/psoc creator/4.1/psoc creator/import/gnu/arm/5.4.1/bin/../lib/gcc/arm-none-eabi/5.4.1/../../../../arm-none-eabi/lib/armv6-m\libg_nano.a(lib_a-errno.o)
 .debug_frame   0x00001020       0x28 c:/program files (x86)/cypress/psoc creator/4.1/psoc creator/import/gnu/arm/5.4.1/bin/../lib/gcc/arm-none-eabi/5.4.1/../../../../arm-none-eabi/lib/armv6-m\libg_nano.a(lib_a-exit.o)
 .debug_frame   0x00001048       0x2c c:/program files (x86)/cypress/psoc creator/4.1/psoc creator/import/gnu/arm/5.4.1/bin/../lib/gcc/arm-none-eabi/5.4.1/../../../../arm-none-eabi/lib/armv6-m\libg_nano.a(lib_a-init.o)
 .debug_frame   0x00001074       0x20 c:/program files (x86)/cypress/psoc creator/4.1/psoc creator/import/gnu/arm/5.4.1/bin/../lib/gcc/arm-none-eabi/5.4.1/../../../../arm-none-eabi/lib/armv6-m\libg_nano.a(lib_a-memset.o)

.debug_str      0x00000000     0x16b0
 *(.debug_str)
 .debug_str     0x00000000      0x22e .\CortexM0\ARM_GCC_541\Debug\main.o
                                0x26e (size before relaxing)
 .debug_str     0x0000022e       0x8f .\CortexM0\ARM_GCC_541\Debug\buzzerFuncs.o
                                0x2cc (size before relaxing)
 .debug_str     0x000002bd       0xc2 .\CortexM0\ARM_GCC_541\Debug\cyfitter_cfg.o
                                0x26c (size before relaxing)
 .debug_str     0x0000037f       0x63 .\CortexM0\ARM_GCC_541\Debug\cymetadata.o
                                0x1ea (size before relaxing)
 .debug_str     0x000003e2      0x140 .\CortexM0\ARM_GCC_541\Debug\Cm0Start.o
                                0x323 (size before relaxing)
 .debug_str     0x00000522      0x4d6 .\CortexM0\ARM_GCC_541\Debug\BuzzerProject.a(CyLib.o)
                                0x6e6 (size before relaxing)
 .debug_str     0x000009f8      0x530 .\CortexM0\ARM_GCC_541\Debug\BuzzerProject.a(CyLFClk.o)
                                0x75f (size before relaxing)
 .debug_str     0x00000f28       0x9f .\CortexM0\ARM_GCC_541\Debug\BuzzerProject.a(LED_1.o)
                                0x258 (size before relaxing)
 .debug_str     0x00000fc7       0x8e .\CortexM0\ARM_GCC_541\Debug\BuzzerProject.a(Button_1.o)
                                0x26d (size before relaxing)
 .debug_str     0x00001055       0x7b .\CortexM0\ARM_GCC_541\Debug\BuzzerProject.a(LED_2.o)
                                0x258 (size before relaxing)
 .debug_str     0x000010d0       0x8e .\CortexM0\ARM_GCC_541\Debug\BuzzerProject.a(Button_2.o)
                                0x26d (size before relaxing)
 .debug_str     0x0000115e       0x7b .\CortexM0\ARM_GCC_541\Debug\BuzzerProject.a(LED_3.o)
                                0x258 (size before relaxing)
 .debug_str     0x000011d9       0x8e .\CortexM0\ARM_GCC_541\Debug\BuzzerProject.a(Button_3.o)
                                0x26d (size before relaxing)
 .debug_str     0x00001267       0x7b .\CortexM0\ARM_GCC_541\Debug\BuzzerProject.a(LED_4.o)
                                0x258 (size before relaxing)
 .debug_str     0x000012e2       0x8e .\CortexM0\ARM_GCC_541\Debug\BuzzerProject.a(Button_4.o)
                                0x26d (size before relaxing)
 .debug_str     0x00001370       0x7c .\CortexM0\ARM_GCC_541\Debug\BuzzerProject.a(Reset.o)
                                0x258 (size before relaxing)
 .debug_str     0x000013ec       0x8d .\CortexM0\ARM_GCC_541\Debug\BuzzerProject.a(Buzzer_1.o)
                                0x26d (size before relaxing)
 .debug_str     0x00001479       0x8d .\CortexM0\ARM_GCC_541\Debug\BuzzerProject.a(Buzzer_2.o)
                                0x26d (size before relaxing)
 .debug_str     0x00001506      0x1aa .\CortexM0\ARM_GCC_541\Debug\BuzzerProject.a(LCD_Char_1.o)
                                0x3da (size before relaxing)

.debug_loc      0x00000000     0x1c6a
 *(.debug_loc)
 .debug_loc     0x00000000       0x7c .\CortexM0\ARM_GCC_541\Debug\buzzerFuncs.o
 .debug_loc     0x0000007c       0xa9 .\CortexM0\ARM_GCC_541\Debug\cyfitter_cfg.o
 .debug_loc     0x00000125      0x14f .\CortexM0\ARM_GCC_541\Debug\Cm0Start.o
 .debug_loc     0x00000274      0x5cb .\CortexM0\ARM_GCC_541\Debug\BuzzerProject.a(CyLib.o)
 .debug_loc     0x0000083f      0x9b5 .\CortexM0\ARM_GCC_541\Debug\BuzzerProject.a(CyLFClk.o)
 .debug_loc     0x000011f4       0x81 .\CortexM0\ARM_GCC_541\Debug\BuzzerProject.a(LED_1.o)
 .debug_loc     0x00001275       0xa2 .\CortexM0\ARM_GCC_541\Debug\BuzzerProject.a(Button_1.o)
 .debug_loc     0x00001317       0xa2 .\CortexM0\ARM_GCC_541\Debug\BuzzerProject.a(LED_2.o)
 .debug_loc     0x000013b9       0x81 .\CortexM0\ARM_GCC_541\Debug\BuzzerProject.a(Button_2.o)
 .debug_loc     0x0000143a       0xa2 .\CortexM0\ARM_GCC_541\Debug\BuzzerProject.a(LED_3.o)
 .debug_loc     0x000014dc       0xa2 .\CortexM0\ARM_GCC_541\Debug\BuzzerProject.a(Button_3.o)
 .debug_loc     0x0000157e       0xa2 .\CortexM0\ARM_GCC_541\Debug\BuzzerProject.a(LED_4.o)
 .debug_loc     0x00001620       0xa2 .\CortexM0\ARM_GCC_541\Debug\BuzzerProject.a(Button_4.o)
 .debug_loc     0x000016c2       0x81 .\CortexM0\ARM_GCC_541\Debug\BuzzerProject.a(Reset.o)
 .debug_loc     0x00001743       0xa2 .\CortexM0\ARM_GCC_541\Debug\BuzzerProject.a(Buzzer_1.o)
 .debug_loc     0x000017e5       0xa2 .\CortexM0\ARM_GCC_541\Debug\BuzzerProject.a(Buzzer_2.o)
 .debug_loc     0x00001887      0x3e3 .\CortexM0\ARM_GCC_541\Debug\BuzzerProject.a(LCD_Char_1.o)

.debug_macinfo
 *(.debug_macinfo)

.debug_ranges   0x00000000      0x608
 *(.debug_ranges)
 .debug_ranges  0x00000000       0x10 .\CortexM0\ARM_GCC_541\Debug\main.o
 .debug_ranges  0x00000010       0x18 .\CortexM0\ARM_GCC_541\Debug\buzzerFuncs.o
 .debug_ranges  0x00000028       0x20 .\CortexM0\ARM_GCC_541\Debug\cyfitter_cfg.o
 .debug_ranges  0x00000048       0x38 .\CortexM0\ARM_GCC_541\Debug\Cm0Start.o
 .debug_ranges  0x00000080      0x170 .\CortexM0\ARM_GCC_541\Debug\BuzzerProject.a(CyLib.o)
 .debug_ranges  0x000001f0      0x128 .\CortexM0\ARM_GCC_541\Debug\BuzzerProject.a(CyLFClk.o)
 .debug_ranges  0x00000318       0x38 .\CortexM0\ARM_GCC_541\Debug\BuzzerProject.a(LED_1.o)
 .debug_ranges  0x00000350       0x38 .\CortexM0\ARM_GCC_541\Debug\BuzzerProject.a(Button_1.o)
 .debug_ranges  0x00000388       0x38 .\CortexM0\ARM_GCC_541\Debug\BuzzerProject.a(LED_2.o)
 .debug_ranges  0x000003c0       0x38 .\CortexM0\ARM_GCC_541\Debug\BuzzerProject.a(Button_2.o)
 .debug_ranges  0x000003f8       0x38 .\CortexM0\ARM_GCC_541\Debug\BuzzerProject.a(LED_3.o)
 .debug_ranges  0x00000430       0x38 .\CortexM0\ARM_GCC_541\Debug\BuzzerProject.a(Button_3.o)
 .debug_ranges  0x00000468       0x38 .\CortexM0\ARM_GCC_541\Debug\BuzzerProject.a(LED_4.o)
 .debug_ranges  0x000004a0       0x38 .\CortexM0\ARM_GCC_541\Debug\BuzzerProject.a(Button_4.o)
 .debug_ranges  0x000004d8       0x38 .\CortexM0\ARM_GCC_541\Debug\BuzzerProject.a(Reset.o)
 .debug_ranges  0x00000510       0x38 .\CortexM0\ARM_GCC_541\Debug\BuzzerProject.a(Buzzer_1.o)
 .debug_ranges  0x00000548       0x38 .\CortexM0\ARM_GCC_541\Debug\BuzzerProject.a(Buzzer_2.o)
 .debug_ranges  0x00000580       0x88 .\CortexM0\ARM_GCC_541\Debug\BuzzerProject.a(LCD_Char_1.o)

.comment        0x00000000       0x6e
 .comment       0x00000000       0x6e .\CortexM0\ARM_GCC_541\Debug\main.o
                                 0x6f (size before relaxing)
 .comment       0x0000006e       0x6f .\CortexM0\ARM_GCC_541\Debug\buzzerFuncs.o
 .comment       0x0000006e       0x6f .\CortexM0\ARM_GCC_541\Debug\cyfitter_cfg.o
 .comment       0x0000006e       0x6f .\CortexM0\ARM_GCC_541\Debug\cymetadata.o
 .comment       0x0000006e       0x6f .\CortexM0\ARM_GCC_541\Debug\Cm0Start.o
 .comment       0x0000006e       0x6f .\CortexM0\ARM_GCC_541\Debug\BuzzerProject.a(CyLib.o)
 .comment       0x0000006e       0x6f .\CortexM0\ARM_GCC_541\Debug\BuzzerProject.a(CyLFClk.o)
 .comment       0x0000006e       0x6f .\CortexM0\ARM_GCC_541\Debug\BuzzerProject.a(LED_1.o)
 .comment       0x0000006e       0x6f .\CortexM0\ARM_GCC_541\Debug\BuzzerProject.a(Button_1.o)
 .comment       0x0000006e       0x6f .\CortexM0\ARM_GCC_541\Debug\BuzzerProject.a(LED_2.o)
 .comment       0x0000006e       0x6f .\CortexM0\ARM_GCC_541\Debug\BuzzerProject.a(Button_2.o)
 .comment       0x0000006e       0x6f .\CortexM0\ARM_GCC_541\Debug\BuzzerProject.a(LED_3.o)
 .comment       0x0000006e       0x6f .\CortexM0\ARM_GCC_541\Debug\BuzzerProject.a(Button_3.o)
 .comment       0x0000006e       0x6f .\CortexM0\ARM_GCC_541\Debug\BuzzerProject.a(LED_4.o)
 .comment       0x0000006e       0x6f .\CortexM0\ARM_GCC_541\Debug\BuzzerProject.a(Button_4.o)
 .comment       0x0000006e       0x6f .\CortexM0\ARM_GCC_541\Debug\BuzzerProject.a(Reset.o)
 .comment       0x0000006e       0x6f .\CortexM0\ARM_GCC_541\Debug\BuzzerProject.a(Buzzer_1.o)
 .comment       0x0000006e       0x6f .\CortexM0\ARM_GCC_541\Debug\BuzzerProject.a(Buzzer_2.o)
 .comment       0x0000006e       0x6f .\CortexM0\ARM_GCC_541\Debug\BuzzerProject.a(LCD_Char_1.o)

.debug_weaknames
 *(.debug_weaknames)

.debug_funcnames
 *(.debug_funcnames)

.debug_typenames
 *(.debug_typenames)

.debug_varnames
 *(.debug_varnames)

.note.gnu.arm.ident
 *(.note.gnu.arm.ident)

.ARM.attributes
                0x00000000       0x28
 *(.ARM.attributes)
 .ARM.attributes
                0x00000000       0x1e c:/program files (x86)/cypress/psoc creator/4.1/psoc creator/import/gnu/arm/5.4.1/bin/../lib/gcc/arm-none-eabi/5.4.1/armv6-m/crti.o
 .ARM.attributes
                0x0000001e       0x2c c:/program files (x86)/cypress/psoc creator/4.1/psoc creator/import/gnu/arm/5.4.1/bin/../lib/gcc/arm-none-eabi/5.4.1/armv6-m/crtbegin.o
 .ARM.attributes
                0x0000004a       0x1b c:/program files (x86)/cypress/psoc creator/4.1/psoc creator/import/gnu/arm/5.4.1/bin/../lib/gcc/arm-none-eabi/5.4.1/../../../../arm-none-eabi/lib/armv6-m/crt0.o
 .ARM.attributes
                0x00000065       0x31 .\CortexM0\ARM_GCC_541\Debug\main.o
 .ARM.attributes
                0x00000096       0x31 .\CortexM0\ARM_GCC_541\Debug\buzzerFuncs.o
 .ARM.attributes
                0x000000c7       0x31 .\CortexM0\ARM_GCC_541\Debug\cyfitter_cfg.o
 .ARM.attributes
                0x000000f8       0x31 .\CortexM0\ARM_GCC_541\Debug\cymetadata.o
 .ARM.attributes
                0x00000129       0x31 .\CortexM0\ARM_GCC_541\Debug\Cm0Start.o
 .ARM.attributes
                0x0000015a       0x31 .\CortexM0\ARM_GCC_541\Debug\BuzzerProject.a(CyLib.o)
 .ARM.attributes
                0x0000018b       0x31 .\CortexM0\ARM_GCC_541\Debug\BuzzerProject.a(CyLFClk.o)
 .ARM.attributes
                0x000001bc       0x31 .\CortexM0\ARM_GCC_541\Debug\BuzzerProject.a(LED_1.o)
 .ARM.attributes
                0x000001ed       0x31 .\CortexM0\ARM_GCC_541\Debug\BuzzerProject.a(Button_1.o)
 .ARM.attributes
                0x0000021e       0x31 .\CortexM0\ARM_GCC_541\Debug\BuzzerProject.a(LED_2.o)
 .ARM.attributes
                0x0000024f       0x31 .\CortexM0\ARM_GCC_541\Debug\BuzzerProject.a(Button_2.o)
 .ARM.attributes
                0x00000280       0x31 .\CortexM0\ARM_GCC_541\Debug\BuzzerProject.a(LED_3.o)
 .ARM.attributes
                0x000002b1       0x31 .\CortexM0\ARM_GCC_541\Debug\BuzzerProject.a(Button_3.o)
 .ARM.attributes
                0x000002e2       0x31 .\CortexM0\ARM_GCC_541\Debug\BuzzerProject.a(LED_4.o)
 .ARM.attributes
                0x00000313       0x31 .\CortexM0\ARM_GCC_541\Debug\BuzzerProject.a(Button_4.o)
 .ARM.attributes
                0x00000344       0x31 .\CortexM0\ARM_GCC_541\Debug\BuzzerProject.a(Reset.o)
 .ARM.attributes
                0x00000375       0x31 .\CortexM0\ARM_GCC_541\Debug\BuzzerProject.a(Buzzer_1.o)
 .ARM.attributes
                0x000003a6       0x31 .\CortexM0\ARM_GCC_541\Debug\BuzzerProject.a(Buzzer_2.o)
 .ARM.attributes
                0x000003d7       0x31 .\CortexM0\ARM_GCC_541\Debug\BuzzerProject.a(LCD_Char_1.o)
 .ARM.attributes
                0x00000408       0x21 .\CortexM0\ARM_GCC_541\Debug\BuzzerProject.a(CyBootAsmGnu.o)
 .ARM.attributes
                0x00000429       0x1e c:/program files (x86)/cypress/psoc creator/4.1/psoc creator/import/gnu/arm/5.4.1/bin/../lib/gcc/arm-none-eabi/5.4.1/armv6-m\libgcc.a(_udivsi3.o)
 .ARM.attributes
                0x00000447       0x1e c:/program files (x86)/cypress/psoc creator/4.1/psoc creator/import/gnu/arm/5.4.1/bin/../lib/gcc/arm-none-eabi/5.4.1/armv6-m\libgcc.a(_dvmd_tls.o)
 .ARM.attributes
                0x00000465       0x2c c:/program files (x86)/cypress/psoc creator/4.1/psoc creator/import/gnu/arm/5.4.1/bin/../lib/gcc/arm-none-eabi/5.4.1/../../../../arm-none-eabi/lib/armv6-m\libg_nano.a(lib_a-errno.o)
 .ARM.attributes
                0x00000491       0x2c c:/program files (x86)/cypress/psoc creator/4.1/psoc creator/import/gnu/arm/5.4.1/bin/../lib/gcc/arm-none-eabi/5.4.1/../../../../arm-none-eabi/lib/armv6-m\libg_nano.a(lib_a-exit.o)
 .ARM.attributes
                0x000004bd       0x2c c:/program files (x86)/cypress/psoc creator/4.1/psoc creator/import/gnu/arm/5.4.1/bin/../lib/gcc/arm-none-eabi/5.4.1/../../../../arm-none-eabi/lib/armv6-m\libg_nano.a(lib_a-impure.o)
 .ARM.attributes
                0x000004e9       0x2c c:/program files (x86)/cypress/psoc creator/4.1/psoc creator/import/gnu/arm/5.4.1/bin/../lib/gcc/arm-none-eabi/5.4.1/../../../../arm-none-eabi/lib/armv6-m\libg_nano.a(lib_a-init.o)
 .ARM.attributes
                0x00000515       0x2c c:/program files (x86)/cypress/psoc creator/4.1/psoc creator/import/gnu/arm/5.4.1/bin/../lib/gcc/arm-none-eabi/5.4.1/../../../../arm-none-eabi/lib/armv6-m\libg_nano.a(lib_a-memset.o)
 .ARM.attributes
                0x00000541       0x2c c:/program files (x86)/cypress/psoc creator/4.1/psoc creator/import/gnu/arm/5.4.1/bin/../lib/gcc/arm-none-eabi/5.4.1/armv6-m/crtend.o
 .ARM.attributes
                0x0000056d       0x1e c:/program files (x86)/cypress/psoc creator/4.1/psoc creator/import/gnu/arm/5.4.1/bin/../lib/gcc/arm-none-eabi/5.4.1/armv6-m/crtn.o

/DISCARD/
 *(.note.GNU-stack)
OUTPUT(C:\Users\User\Documents\Fun Projects\PSoC Creator\Buzzer_System\BuzzerWorkspace\BuzzerProject.cydsn\CortexM0\ARM_GCC_541\Debug\BuzzerProject.elf elf32-littlearm)
